[0.016s] Invoking command in '/home/yoshida/study/ros2/build/mcl_3d': CMAKE_PREFIX_PATH=${CMAKE_PREFIX_PATH}:/opt/ros/jazzy DEBUGINFOD_URLS=https://debuginfod.ubuntu.com /usr/bin/cmake /home/yoshida/study/ros2/src/mcl_3d -DCMAKE_INSTALL_PREFIX=/home/yoshida/study/ros2/install/mcl_3d
[0.107s] -- The C compiler identification is GNU 13.3.0
[0.207s] -- The CXX compiler identification is GNU 13.3.0
[0.245s] -- Detecting C compiler ABI info
[0.379s] -- Detecting C compiler ABI info - done
[0.393s] -- Check for working C compiler: /usr/bin/cc - skipped
[0.394s] -- Detecting C compile features
[0.394s] -- Detecting C compile features - done
[0.413s] -- Detecting CXX compiler ABI info
[0.577s] -- Detecting CXX compiler ABI info - done
[0.588s] -- Check for working CXX compiler: /usr/bin/c++ - skipped
[0.589s] -- Detecting CXX compile features
[0.589s] -- Detecting CXX compile features - done
[0.592s] -- Found ament_cmake: 2.5.5 (/opt/ros/jazzy/share/ament_cmake/cmake)
[0.840s] -- Found Python3: /home/yoshida/.local/bin/python3.13 (found version "3.13.9") found components: Interpreter 
[0.993s] -- Found rclcpp: 28.1.16 (/opt/ros/jazzy/share/rclcpp/cmake)
[1.042s] -- Found rosidl_generator_c: 4.6.7 (/opt/ros/jazzy/share/rosidl_generator_c/cmake)
[1.058s] -- Found rosidl_generator_cpp: 4.6.7 (/opt/ros/jazzy/share/rosidl_generator_cpp/cmake)
[1.077s] -- Using all available rosidl_typesupport_c: rosidl_typesupport_fastrtps_c;rosidl_typesupport_introspection_c
[1.098s] -- Using all available rosidl_typesupport_cpp: rosidl_typesupport_fastrtps_cpp;rosidl_typesupport_introspection_cpp
[1.193s] -- Found rmw_implementation_cmake: 7.3.3 (/opt/ros/jazzy/share/rmw_implementation_cmake/cmake)
[1.197s] -- Found rmw_fastrtps_cpp: 8.4.3 (/opt/ros/jazzy/share/rmw_fastrtps_cpp/cmake)
[1.320s] -- Found OpenSSL: /usr/lib/x86_64-linux-gnu/libcrypto.so (found version "3.0.13")  
[1.348s] -- Found FastRTPS: /opt/ros/jazzy/include (Required is at least version "2.13") 
[1.392s] -- Using RMW implementation 'rmw_fastrtps_cpp' as default
[1.557s] -- Found Boost: /usr/lib/x86_64-linux-gnu/cmake/Boost-1.83.0/BoostConfig.cmake (found suitable version "1.83.0", minimum required is "1.65.0") found components: system filesystem iostreams serialization 
[1.651s] -- Checking for module 'libusb-1.0'
[1.675s] --   Found libusb-1.0, version 1.0.27
[1.736s] -- Found libusb: /usr/lib/x86_64-linux-gnu/libusb-1.0.so  
[1.739s] -- Found OpenNI: /usr/lib/libOpenNI.so;libusb::libusb (found version "1.5.4.0") 
[1.739s] -- OpenNI found (version: 1.5.4.0, include: /usr/include/ni, lib: /usr/lib/libOpenNI.so;libusb::libusb)
[1.836s] -- Found OpenNI2: /usr/lib/x86_64-linux-gnu/libOpenNI2.so;libusb::libusb (found version "2.2.0.33") 
[1.836s] -- OpenNI2 found (version: 2.2.0.33, include: /usr/include/openni2, lib: /usr/lib/x86_64-linux-gnu/libOpenNI2.so;libusb::libusb)
[1.841s] -- Could NOT find Pcap (missing: PCAP_LIBRARIES PCAP_INCLUDE_DIRS) 
[1.841s] [0m** WARNING ** io features related to pcap will be disabled[0m
[1.868s] -- Found ZLIB: /usr/lib/x86_64-linux-gnu/libz.so (found version "1.3")  
[1.906s] -- Found PNG: /usr/lib/x86_64-linux-gnu/libpng.so (found version "1.6.43") 
[1.957s] -- Performing Test CMAKE_HAVE_LIBC_PTHREAD
[2.100s] -- Performing Test CMAKE_HAVE_LIBC_PTHREAD - Success
[2.102s] -- Found Threads: TRUE  
[2.108s] -- Found GLEW: /usr/lib/x86_64-linux-gnu/libGLEW.so  
[2.121s] -- Found OpenGL: /usr/lib/x86_64-linux-gnu/libOpenGL.so  found components: OpenGL GLX 
[2.373s] -- Found MPI_C: /usr/lib/x86_64-linux-gnu/libmpi.so (found version "3.1") 
[2.373s] -- Found MPI: TRUE (found version "3.1") found components: C 
[2.377s] -- Found JsonCpp: /usr/lib/x86_64-linux-gnu/libjsoncpp.so (found suitable version "1.9.5", minimum required is "0.7.0") 
[2.468s] -- Found Eigen3: /usr/include/eigen3 (found version "3.4.0") 
[2.686s] -- Found X11: /usr/include   
[2.686s] -- Looking for XOpenDisplay in /usr/lib/x86_64-linux-gnu/libX11.so;/usr/lib/x86_64-linux-gnu/libXext.so
[2.839s] -- Looking for XOpenDisplay in /usr/lib/x86_64-linux-gnu/libX11.so;/usr/lib/x86_64-linux-gnu/libXext.so - found
[2.840s] -- Looking for gethostbyname
[2.998s] -- Looking for gethostbyname - found
[2.998s] -- Looking for connect
[3.148s] -- Looking for connect - found
[3.148s] -- Looking for remove
[3.319s] -- Looking for remove - found
[3.320s] -- Looking for shmat
[3.487s] -- Looking for shmat - found
[3.487s] -- Looking for IceConnectionNumber in ICE
[3.647s] -- Looking for IceConnectionNumber in ICE - found
[3.869s] -- Found EXPAT: /usr/lib/x86_64-linux-gnu/libexpat.so (found version "2.6.1") 
[3.877s] -- Found double-conversion: /usr/lib/x86_64-linux-gnu/libdouble-conversion.so  
[3.888s] -- Found LZ4: /usr/lib/x86_64-linux-gnu/liblz4.so (found version "1.9.4") 
[3.895s] -- Found LZMA: /usr/lib/x86_64-linux-gnu/liblzma.so (found version "5.4.5") 
[3.959s] -- Found JPEG: /usr/lib/x86_64-linux-gnu/libjpeg.so (found version "80") 
[3.995s] -- Found TIFF: /usr/lib/x86_64-linux-gnu/libtiff.so (found version "4.5.1")  
[4.003s] -- Found Freetype: /usr/lib/x86_64-linux-gnu/libfreetype.so (found version "2.13.2") 
[4.014s] -- Found utf8cpp: /usr/include/utf8cpp  
[4.577s] -- Found OpenMP_CXX: -fopenmp (found version "4.5") 
[4.578s] -- Found OpenMP: TRUE (found version "4.5") found components: CXX 
[4.594s] [33mCMake Warning (dev) at /usr/lib/x86_64-linux-gnu/cmake/pcl/Modules/FindFLANN.cmake:45 (find_package):
[4.594s]   Policy CMP0144 is not set: find_package uses upper-case <PACKAGENAME>_ROOT
[4.595s]   variables.  Run "cmake --help-policy CMP0144" for policy details.  Use the
[4.595s]   cmake_policy command to set the policy and suppress this warning.
[4.595s] 
[4.595s]   CMake variable FLANN_ROOT is set to:
[4.595s] 
[4.595s]     /usr
[4.595s] 
[4.595s]   For compatibility, find_package is ignoring the variable, but code in a
[4.596s]   .cmake module might still use it.
[4.596s] Call Stack (most recent call first):
[4.596s]   /usr/lib/x86_64-linux-gnu/cmake/pcl/PCLConfig.cmake:261 (find_package)
[4.596s]   /usr/lib/x86_64-linux-gnu/cmake/pcl/PCLConfig.cmake:306 (find_flann)
[4.596s]   /usr/lib/x86_64-linux-gnu/cmake/pcl/PCLConfig.cmake:570 (find_external_library)
[4.596s]   CMakeLists.txt:11 (find_package)
[4.596s] This warning is for project developers.  Use -Wno-dev to suppress it.
[4.596s] [0m
[4.603s] -- Found flann version 1.9.2
[4.610s] -- looking for PCL_COMMON
[4.614s] -- Found PCL_COMMON: /usr/lib/x86_64-linux-gnu/libpcl_common.so  
[4.614s] -- looking for PCL_OCTREE
[4.616s] -- Found PCL_OCTREE: /usr/lib/x86_64-linux-gnu/libpcl_octree.so  
[4.617s] -- looking for PCL_IO
[4.618s] -- Found PCL_IO: /usr/lib/x86_64-linux-gnu/libpcl_io.so  
[4.619s] -- looking for PCL_KDTREE
[4.621s] -- Found PCL_KDTREE: /usr/lib/x86_64-linux-gnu/libpcl_kdtree.so  
[4.621s] -- looking for PCL_SEARCH
[4.623s] -- Found PCL_SEARCH: /usr/lib/x86_64-linux-gnu/libpcl_search.so  
[4.623s] -- looking for PCL_SAMPLE_CONSENSUS
[4.625s] -- Found PCL_SAMPLE_CONSENSUS: /usr/lib/x86_64-linux-gnu/libpcl_sample_consensus.so  
[4.626s] -- looking for PCL_FILTERS
[4.628s] -- Found PCL_FILTERS: /usr/lib/x86_64-linux-gnu/libpcl_filters.so  
[4.629s] -- Found PCL: pcl_common;pcl_octree;pcl_io;pcl_kdtree;pcl_search;pcl_sample_consensus;pcl_filters;Boost::system;Boost::filesystem;Boost::iostreams;Boost::serialization;/usr/lib/libOpenNI.so;libusb::libusb;/usr/lib/x86_64-linux-gnu/libOpenNI2.so;libusb::libusb;VTK::ChartsCore;VTK::CommonColor;VTK::CommonComputationalGeometry;VTK::CommonCore;VTK::CommonDataModel;VTK::CommonExecutionModel;VTK::CommonMath;VTK::CommonMisc;VTK::CommonTransforms;VTK::FiltersCore;VTK::FiltersExtraction;VTK::FiltersGeneral;VTK::FiltersGeometry;VTK::FiltersModeling;VTK::FiltersSources;VTK::ImagingCore;VTK::ImagingSources;VTK::InteractionImage;VTK::InteractionStyle;VTK::InteractionWidgets;VTK::IOCore;VTK::IOGeometry;VTK::IOImage;VTK::IOLegacy;VTK::IOPLY;VTK::RenderingAnnotation;VTK::RenderingCore;VTK::RenderingContext2D;VTK::RenderingLOD;VTK::RenderingFreeType;VTK::ViewsCore;VTK::ViewsContext2D;VTK::RenderingOpenGL2;VTK::RenderingContextOpenGL2;VTK::GUISupportQt;FLANN::FLANN  
[4.635s] -- Found ament_lint_auto: 0.17.4 (/opt/ros/jazzy/share/ament_lint_auto/cmake)
[4.682s] Traceback (most recent call last):
[4.686s]   File "/opt/ros/jazzy/share/ament_cmake_core/cmake/core/package_xml_2_cmake.py", line 22, in <module>
[4.686s]     from catkin_pkg.package import parse_package_string
[4.686s] ModuleNotFoundError: No module named 'catkin_pkg'
[4.692s] [31mCMake Error at /opt/ros/jazzy/share/ament_cmake_core/cmake/core/ament_package_xml.cmake:95 (message):
[4.692s]   execute_process(/home/yoshida/.local/bin/python3.13
[4.692s]   /opt/ros/jazzy/share/ament_cmake_core/cmake/core/package_xml_2_cmake.py
[4.693s]   /home/yoshida/study/ros2/src/mcl_3d/package.xml
[4.693s]   /home/yoshida/study/ros2/build/mcl_3d/ament_cmake_core/package.cmake)
[4.693s]   returned error code 1
[4.693s] Call Stack (most recent call first):
[4.693s]   /opt/ros/jazzy/share/ament_cmake_core/cmake/core/ament_package_xml.cmake:49 (_ament_package_xml)
[4.693s]   /opt/ros/jazzy/share/ament_lint_auto/cmake/ament_lint_auto_find_test_dependencies.cmake:31 (ament_package_xml)
[4.693s]   CMakeLists.txt:41 (ament_lint_auto_find_test_dependencies)
[4.693s] 
[4.693s] [0m
[4.693s] -- Configuring incomplete, errors occurred!
[4.711s] Invoked command in '/home/yoshida/study/ros2/build/mcl_3d' returned '1': CMAKE_PREFIX_PATH=${CMAKE_PREFIX_PATH}:/opt/ros/jazzy DEBUGINFOD_URLS=https://debuginfod.ubuntu.com /usr/bin/cmake /home/yoshida/study/ros2/src/mcl_3d -DCMAKE_INSTALL_PREFIX=/home/yoshida/study/ros2/install/mcl_3d
