[0.125s] DEBUG:colcon:Command line arguments: ['/usr/bin/colcon', 'build']
[0.125s] DEBUG:colcon:Parsed command line arguments: Namespace(log_base=None, log_level=None, verb_name='build', build_base='build', install_base='install', merge_install=False, symlink_install=False, test_result_base=None, continue_on_error=False, executor='parallel', parallel_workers=16, event_handlers=None, ignore_user_meta=False, metas=['./colcon.meta'], base_paths=['.'], packages_ignore=None, packages_ignore_regex=None, paths=None, packages_up_to=None, packages_up_to_regex=None, packages_above=None, packages_above_and_dependencies=None, packages_above_depth=None, packages_select_by_dep=None, packages_skip_by_dep=None, packages_skip_up_to=None, packages_select_build_failed=False, packages_skip_build_finished=False, packages_select_test_failures=False, packages_skip_test_passed=False, packages_select=None, packages_skip=None, packages_select_regex=None, packages_skip_regex=None, packages_start=None, packages_end=None, allow_overriding=[], cmake_args=None, cmake_target=None, cmake_target_skip_unavailable=False, cmake_clean_cache=False, cmake_clean_first=False, cmake_force_configure=False, ament_cmake_args=None, catkin_cmake_args=None, catkin_skip_building_tests=False, verb_parser=<colcon_defaults.argument_parser.defaults.DefaultArgumentsDecorator object at 0x78909fe93710>, verb_extension=<colcon_core.verb.build.BuildVerb object at 0x78909fe933e0>, main=<bound method BuildVerb.main of <colcon_core.verb.build.BuildVerb object at 0x78909fe933e0>>)
[0.170s] Level 1:colcon.colcon_core.package_discovery:discover_packages(colcon_meta) check parameters
[0.171s] Level 1:colcon.colcon_core.package_discovery:discover_packages(recursive) check parameters
[0.171s] Level 1:colcon.colcon_core.package_discovery:discover_packages(ignore) check parameters
[0.171s] Level 1:colcon.colcon_core.package_discovery:discover_packages(path) check parameters
[0.171s] Level 1:colcon.colcon_core.package_discovery:discover_packages(colcon_meta) discover
[0.171s] Level 1:colcon.colcon_core.package_discovery:discover_packages(recursive) discover
[0.171s] INFO:colcon.colcon_core.package_discovery:Crawling recursively for packages in '/home/yoshida/study/ros2'
[0.171s] Level 1:colcon.colcon_core.package_identification:_identify(.) by extensions ['ignore', 'ignore_ament_install']
[0.171s] Level 1:colcon.colcon_core.package_identification:_identify(.) by extension 'ignore'
[0.171s] Level 1:colcon.colcon_core.package_identification:_identify(.) by extension 'ignore_ament_install'
[0.171s] Level 1:colcon.colcon_core.package_identification:_identify(.) by extensions ['colcon_pkg']
[0.171s] Level 1:colcon.colcon_core.package_identification:_identify(.) by extension 'colcon_pkg'
[0.171s] Level 1:colcon.colcon_core.package_identification:_identify(.) by extensions ['colcon_meta']
[0.171s] Level 1:colcon.colcon_core.package_identification:_identify(.) by extension 'colcon_meta'
[0.171s] Level 1:colcon.colcon_core.package_identification:_identify(.) by extensions ['ros']
[0.171s] Level 1:colcon.colcon_core.package_identification:_identify(.) by extension 'ros'
[0.204s] Level 1:colcon.colcon_core.package_identification:_identify(.) by extensions ['cmake', 'python']
[0.204s] Level 1:colcon.colcon_core.package_identification:_identify(.) by extension 'cmake'
[0.204s] Level 1:colcon.colcon_core.package_identification:_identify(.) by extension 'python'
[0.204s] Level 1:colcon.colcon_core.package_identification:_identify(.) by extensions ['python_setup_py']
[0.204s] Level 1:colcon.colcon_core.package_identification:_identify(.) by extension 'python_setup_py'
[0.204s] Level 1:colcon.colcon_core.package_identification:_identify(build) by extensions ['ignore', 'ignore_ament_install']
[0.204s] Level 1:colcon.colcon_core.package_identification:_identify(build) by extension 'ignore'
[0.204s] Level 1:colcon.colcon_core.package_identification:_identify(build) ignored
[0.204s] Level 1:colcon.colcon_core.package_identification:_identify(install) by extensions ['ignore', 'ignore_ament_install']
[0.204s] Level 1:colcon.colcon_core.package_identification:_identify(install) by extension 'ignore'
[0.204s] Level 1:colcon.colcon_core.package_identification:_identify(install) ignored
[0.204s] Level 1:colcon.colcon_core.package_identification:_identify(log) by extensions ['ignore', 'ignore_ament_install']
[0.205s] Level 1:colcon.colcon_core.package_identification:_identify(log) by extension 'ignore'
[0.205s] Level 1:colcon.colcon_core.package_identification:_identify(log) ignored
[0.205s] Level 1:colcon.colcon_core.package_identification:_identify(src) by extensions ['ignore', 'ignore_ament_install']
[0.205s] Level 1:colcon.colcon_core.package_identification:_identify(src) by extension 'ignore'
[0.205s] Level 1:colcon.colcon_core.package_identification:_identify(src) by extension 'ignore_ament_install'
[0.205s] Level 1:colcon.colcon_core.package_identification:_identify(src) by extensions ['colcon_pkg']
[0.205s] Level 1:colcon.colcon_core.package_identification:_identify(src) by extension 'colcon_pkg'
[0.205s] Level 1:colcon.colcon_core.package_identification:_identify(src) by extensions ['colcon_meta']
[0.205s] Level 1:colcon.colcon_core.package_identification:_identify(src) by extension 'colcon_meta'
[0.205s] Level 1:colcon.colcon_core.package_identification:_identify(src) by extensions ['ros']
[0.205s] Level 1:colcon.colcon_core.package_identification:_identify(src) by extension 'ros'
[0.205s] Level 1:colcon.colcon_core.package_identification:_identify(src) by extensions ['cmake', 'python']
[0.205s] Level 1:colcon.colcon_core.package_identification:_identify(src) by extension 'cmake'
[0.205s] Level 1:colcon.colcon_core.package_identification:_identify(src) by extension 'python'
[0.205s] Level 1:colcon.colcon_core.package_identification:_identify(src) by extensions ['python_setup_py']
[0.205s] Level 1:colcon.colcon_core.package_identification:_identify(src) by extension 'python_setup_py'
[0.205s] Level 1:colcon.colcon_core.package_identification:_identify(src/mcl_3d) by extensions ['ignore', 'ignore_ament_install']
[0.205s] Level 1:colcon.colcon_core.package_identification:_identify(src/mcl_3d) by extension 'ignore'
[0.206s] Level 1:colcon.colcon_core.package_identification:_identify(src/mcl_3d) by extension 'ignore_ament_install'
[0.206s] Level 1:colcon.colcon_core.package_identification:_identify(src/mcl_3d) by extensions ['colcon_pkg']
[0.206s] Level 1:colcon.colcon_core.package_identification:_identify(src/mcl_3d) by extension 'colcon_pkg'
[0.206s] Level 1:colcon.colcon_core.package_identification:_identify(src/mcl_3d) by extensions ['colcon_meta']
[0.206s] Level 1:colcon.colcon_core.package_identification:_identify(src/mcl_3d) by extension 'colcon_meta'
[0.206s] Level 1:colcon.colcon_core.package_identification:_identify(src/mcl_3d) by extensions ['ros']
[0.206s] Level 1:colcon.colcon_core.package_identification:_identify(src/mcl_3d) by extension 'ros'
[0.209s] DEBUG:colcon.colcon_core.package_identification:Package 'src/mcl_3d' with type 'ros.ament_cmake' and name 'mcl_3d'
[0.209s] Level 1:colcon.colcon_core.package_identification:_identify(src/mid360_driver) by extensions ['ignore', 'ignore_ament_install']
[0.209s] Level 1:colcon.colcon_core.package_identification:_identify(src/mid360_driver) by extension 'ignore'
[0.209s] Level 1:colcon.colcon_core.package_identification:_identify(src/mid360_driver) by extension 'ignore_ament_install'
[0.209s] Level 1:colcon.colcon_core.package_identification:_identify(src/mid360_driver) by extensions ['colcon_pkg']
[0.209s] Level 1:colcon.colcon_core.package_identification:_identify(src/mid360_driver) by extension 'colcon_pkg'
[0.209s] Level 1:colcon.colcon_core.package_identification:_identify(src/mid360_driver) by extensions ['colcon_meta']
[0.209s] Level 1:colcon.colcon_core.package_identification:_identify(src/mid360_driver) by extension 'colcon_meta'
[0.210s] Level 1:colcon.colcon_core.package_identification:_identify(src/mid360_driver) by extensions ['ros']
[0.210s] Level 1:colcon.colcon_core.package_identification:_identify(src/mid360_driver) by extension 'ros'
[0.210s] DEBUG:colcon.colcon_core.package_identification:Package 'src/mid360_driver' with type 'ros.ament_cmake' and name 'mid360_driver'
[0.210s] Level 1:colcon.colcon_core.package_discovery:discover_packages(recursive) using defaults
[0.210s] Level 1:colcon.colcon_core.package_discovery:discover_packages(ignore) discover
[0.210s] Level 1:colcon.colcon_core.package_discovery:discover_packages(ignore) using defaults
[0.210s] Level 1:colcon.colcon_core.package_discovery:discover_packages(path) discover
[0.211s] Level 1:colcon.colcon_core.package_discovery:discover_packages(path) using defaults
[0.232s] Level 1:colcon.colcon_core.package_discovery:discover_packages(prefix_path) check parameters
[0.232s] Level 1:colcon.colcon_core.package_discovery:discover_packages(prefix_path) discover
[0.233s] WARNING:colcon.colcon_ros.prefix_path.catkin:The path '/home/yoshida/local/' in the environment variable CMAKE_PREFIX_PATH doesn't exist
[0.235s] DEBUG:colcon.colcon_installed_package_information.package_discovery:Found 309 installed packages in /opt/ros/jazzy
[0.237s] Level 1:colcon.colcon_core.package_discovery:discover_packages(prefix_path) using defaults
[0.281s] Level 5:colcon.colcon_core.verb:set package 'mcl_3d' build argument 'cmake_args' from command line to 'None'
[0.281s] Level 5:colcon.colcon_core.verb:set package 'mcl_3d' build argument 'cmake_target' from command line to 'None'
[0.281s] Level 5:colcon.colcon_core.verb:set package 'mcl_3d' build argument 'cmake_target_skip_unavailable' from command line to 'False'
[0.281s] Level 5:colcon.colcon_core.verb:set package 'mcl_3d' build argument 'cmake_clean_cache' from command line to 'False'
[0.281s] Level 5:colcon.colcon_core.verb:set package 'mcl_3d' build argument 'cmake_clean_first' from command line to 'False'
[0.281s] Level 5:colcon.colcon_core.verb:set package 'mcl_3d' build argument 'cmake_force_configure' from command line to 'False'
[0.281s] Level 5:colcon.colcon_core.verb:set package 'mcl_3d' build argument 'ament_cmake_args' from command line to 'None'
[0.281s] Level 5:colcon.colcon_core.verb:set package 'mcl_3d' build argument 'catkin_cmake_args' from command line to 'None'
[0.281s] Level 5:colcon.colcon_core.verb:set package 'mcl_3d' build argument 'catkin_skip_building_tests' from command line to 'False'
[0.281s] DEBUG:colcon.colcon_core.verb:Building package 'mcl_3d' with the following arguments: {'ament_cmake_args': None, 'build_base': '/home/yoshida/study/ros2/build/mcl_3d', 'catkin_cmake_args': None, 'catkin_skip_building_tests': False, 'cmake_args': None, 'cmake_clean_cache': False, 'cmake_clean_first': False, 'cmake_force_configure': False, 'cmake_target': None, 'cmake_target_skip_unavailable': False, 'install_base': '/home/yoshida/study/ros2/install/mcl_3d', 'merge_install': False, 'path': '/home/yoshida/study/ros2/src/mcl_3d', 'symlink_install': False, 'test_result_base': None}
[0.282s] Level 5:colcon.colcon_core.verb:set package 'mid360_driver' build argument 'cmake_args' from command line to 'None'
[0.282s] Level 5:colcon.colcon_core.verb:set package 'mid360_driver' build argument 'cmake_target' from command line to 'None'
[0.282s] Level 5:colcon.colcon_core.verb:set package 'mid360_driver' build argument 'cmake_target_skip_unavailable' from command line to 'False'
[0.282s] Level 5:colcon.colcon_core.verb:set package 'mid360_driver' build argument 'cmake_clean_cache' from command line to 'False'
[0.282s] Level 5:colcon.colcon_core.verb:set package 'mid360_driver' build argument 'cmake_clean_first' from command line to 'False'
[0.282s] Level 5:colcon.colcon_core.verb:set package 'mid360_driver' build argument 'cmake_force_configure' from command line to 'False'
[0.282s] Level 5:colcon.colcon_core.verb:set package 'mid360_driver' build argument 'ament_cmake_args' from command line to 'None'
[0.282s] Level 5:colcon.colcon_core.verb:set package 'mid360_driver' build argument 'catkin_cmake_args' from command line to 'None'
[0.282s] Level 5:colcon.colcon_core.verb:set package 'mid360_driver' build argument 'catkin_skip_building_tests' from command line to 'False'
[0.282s] DEBUG:colcon.colcon_core.verb:Building package 'mid360_driver' with the following arguments: {'ament_cmake_args': None, 'build_base': '/home/yoshida/study/ros2/build/mid360_driver', 'catkin_cmake_args': None, 'catkin_skip_building_tests': False, 'cmake_args': None, 'cmake_clean_cache': False, 'cmake_clean_first': False, 'cmake_force_configure': False, 'cmake_target': None, 'cmake_target_skip_unavailable': False, 'install_base': '/home/yoshida/study/ros2/install/mid360_driver', 'merge_install': False, 'path': '/home/yoshida/study/ros2/src/mid360_driver', 'symlink_install': False, 'test_result_base': None}
[0.282s] INFO:colcon.colcon_core.executor:Executing jobs using 'parallel' executor
[0.283s] DEBUG:colcon.colcon_parallel_executor.executor.parallel:run_until_complete
[0.283s] INFO:colcon.colcon_ros.task.ament_cmake.build:Building ROS package in '/home/yoshida/study/ros2/src/mcl_3d' with build type 'ament_cmake'
[0.284s] INFO:colcon.colcon_cmake.task.cmake.build:Building CMake package in '/home/yoshida/study/ros2/src/mcl_3d'
[0.288s] INFO:colcon.colcon_core.plugin_system:Skipping extension 'colcon_core.shell.bat': Not used on non-Windows systems
[0.288s] INFO:colcon.colcon_core.shell:Skip shell extension 'powershell' for command environment: Not usable outside of PowerShell
[0.288s] DEBUG:colcon.colcon_core.shell:Skip shell extension 'dsv' for command environment
[0.292s] INFO:colcon.colcon_ros.task.ament_cmake.build:Building ROS package in '/home/yoshida/study/ros2/src/mid360_driver' with build type 'ament_cmake'
[0.292s] INFO:colcon.colcon_cmake.task.cmake.build:Building CMake package in '/home/yoshida/study/ros2/src/mid360_driver'
[0.292s] INFO:colcon.colcon_core.shell:Skip shell extension 'powershell' for command environment: Not usable outside of PowerShell
[0.292s] DEBUG:colcon.colcon_core.shell:Skip shell extension 'dsv' for command environment
[0.301s] DEBUG:colcon.colcon_core.event_handler.log_command:Invoking command in '/home/yoshida/study/ros2/build/mcl_3d': CMAKE_PREFIX_PATH=${CMAKE_PREFIX_PATH}:/opt/ros/jazzy DEBUGINFOD_URLS=https://debuginfod.ubuntu.com /usr/bin/cmake /home/yoshida/study/ros2/src/mcl_3d -DCMAKE_INSTALL_PREFIX=/home/yoshida/study/ros2/install/mcl_3d
[0.307s] DEBUG:colcon.colcon_core.event_handler.log_command:Invoking command in '/home/yoshida/study/ros2/build/mid360_driver': CMAKE_PREFIX_PATH=${CMAKE_PREFIX_PATH}:/opt/ros/jazzy DEBUGINFOD_URLS=https://debuginfod.ubuntu.com /usr/bin/cmake /home/yoshida/study/ros2/src/mid360_driver -DCMAKE_INSTALL_PREFIX=/home/yoshida/study/ros2/install/mid360_driver
[2.408s] DEBUG:colcon.colcon_core.event_handler.log_command:Invoked command in '/home/yoshida/study/ros2/build/mid360_driver' returned '0': CMAKE_PREFIX_PATH=${CMAKE_PREFIX_PATH}:/opt/ros/jazzy DEBUGINFOD_URLS=https://debuginfod.ubuntu.com /usr/bin/cmake /home/yoshida/study/ros2/src/mid360_driver -DCMAKE_INSTALL_PREFIX=/home/yoshida/study/ros2/install/mid360_driver
[2.410s] DEBUG:colcon.colcon_core.event_handler.log_command:Invoking command in '/home/yoshida/study/ros2/build/mid360_driver': CMAKE_PREFIX_PATH=${CMAKE_PREFIX_PATH}:/opt/ros/jazzy DEBUGINFOD_URLS=https://debuginfod.ubuntu.com /usr/bin/cmake --build /home/yoshida/study/ros2/build/mid360_driver -- -j16 -l16
[3.040s] DEBUG:colcon.colcon_core.event_handler.log_command:Invoked command in '/home/yoshida/study/ros2/build/mid360_driver' returned '0': CMAKE_PREFIX_PATH=${CMAKE_PREFIX_PATH}:/opt/ros/jazzy DEBUGINFOD_URLS=https://debuginfod.ubuntu.com /usr/bin/cmake --build /home/yoshida/study/ros2/build/mid360_driver -- -j16 -l16
[3.058s] DEBUG:colcon.colcon_core.event_handler.log_command:Invoking command in '/home/yoshida/study/ros2/build/mid360_driver': CMAKE_PREFIX_PATH=${CMAKE_PREFIX_PATH}:/opt/ros/jazzy DEBUGINFOD_URLS=https://debuginfod.ubuntu.com /usr/bin/cmake --install /home/yoshida/study/ros2/build/mid360_driver
[3.190s] Level 1:colcon.colcon_core.environment:create_environment_scripts_only(mid360_driver)
[3.190s] DEBUG:colcon.colcon_core.event_handler.log_command:Invoked command in '/home/yoshida/study/ros2/build/mid360_driver' returned '0': CMAKE_PREFIX_PATH=${CMAKE_PREFIX_PATH}:/opt/ros/jazzy DEBUGINFOD_URLS=https://debuginfod.ubuntu.com /usr/bin/cmake --install /home/yoshida/study/ros2/build/mid360_driver
[3.196s] Level 1:colcon.colcon_core.environment:checking '/home/yoshida/study/ros2/install/mid360_driver' for CMake module files
[3.198s] Level 1:colcon.colcon_core.environment:checking '/home/yoshida/study/ros2/install/mid360_driver' for CMake config files
[3.199s] Level 1:colcon.colcon_core.shell:create_environment_hook('mid360_driver', 'cmake_prefix_path')
[3.199s] INFO:colcon.colcon_core.shell:Creating environment hook '/home/yoshida/study/ros2/install/mid360_driver/share/mid360_driver/hook/cmake_prefix_path.ps1'
[3.200s] INFO:colcon.colcon_core.shell:Creating environment descriptor '/home/yoshida/study/ros2/install/mid360_driver/share/mid360_driver/hook/cmake_prefix_path.dsv'
[3.201s] INFO:colcon.colcon_core.shell:Creating environment hook '/home/yoshida/study/ros2/install/mid360_driver/share/mid360_driver/hook/cmake_prefix_path.sh'
[3.202s] Level 1:colcon.colcon_core.environment:checking '/home/yoshida/study/ros2/install/mid360_driver/lib'
[3.202s] Level 1:colcon.colcon_core.shell:create_environment_hook('mid360_driver', 'ld_library_path_lib')
[3.202s] INFO:colcon.colcon_core.shell:Creating environment hook '/home/yoshida/study/ros2/install/mid360_driver/share/mid360_driver/hook/ld_library_path_lib.ps1'
[3.202s] INFO:colcon.colcon_core.shell:Creating environment descriptor '/home/yoshida/study/ros2/install/mid360_driver/share/mid360_driver/hook/ld_library_path_lib.dsv'
[3.203s] INFO:colcon.colcon_core.shell:Creating environment hook '/home/yoshida/study/ros2/install/mid360_driver/share/mid360_driver/hook/ld_library_path_lib.sh'
[3.203s] Level 1:colcon.colcon_core.environment:checking '/home/yoshida/study/ros2/install/mid360_driver/bin'
[3.203s] Level 1:colcon.colcon_core.environment:checking '/home/yoshida/study/ros2/install/mid360_driver/lib/pkgconfig/mid360_driver.pc'
[3.204s] Level 1:colcon.colcon_core.environment:checking '/home/yoshida/study/ros2/install/mid360_driver/lib/python3.12/site-packages'
[3.204s] Level 1:colcon.colcon_core.shell:create_environment_hook('mid360_driver', 'pythonpath')
[3.204s] INFO:colcon.colcon_core.shell:Creating environment hook '/home/yoshida/study/ros2/install/mid360_driver/share/mid360_driver/hook/pythonpath.ps1'
[3.204s] INFO:colcon.colcon_core.shell:Creating environment descriptor '/home/yoshida/study/ros2/install/mid360_driver/share/mid360_driver/hook/pythonpath.dsv'
[3.205s] INFO:colcon.colcon_core.shell:Creating environment hook '/home/yoshida/study/ros2/install/mid360_driver/share/mid360_driver/hook/pythonpath.sh'
[3.205s] Level 1:colcon.colcon_core.environment:checking '/home/yoshida/study/ros2/install/mid360_driver/bin'
[3.206s] INFO:colcon.colcon_core.shell:Creating package script '/home/yoshida/study/ros2/install/mid360_driver/share/mid360_driver/package.ps1'
[3.207s] INFO:colcon.colcon_core.shell:Creating package descriptor '/home/yoshida/study/ros2/install/mid360_driver/share/mid360_driver/package.dsv'
[3.207s] INFO:colcon.colcon_core.shell:Creating package script '/home/yoshida/study/ros2/install/mid360_driver/share/mid360_driver/package.sh'
[3.208s] INFO:colcon.colcon_core.shell:Creating package script '/home/yoshida/study/ros2/install/mid360_driver/share/mid360_driver/package.bash'
[3.209s] INFO:colcon.colcon_core.shell:Creating package script '/home/yoshida/study/ros2/install/mid360_driver/share/mid360_driver/package.zsh'
[3.209s] Level 1:colcon.colcon_core.environment:create_file_with_runtime_dependencies(/home/yoshida/study/ros2/install/mid360_driver/share/colcon-core/packages/mid360_driver)
[3.210s] Level 1:colcon.colcon_core.environment:create_environment_scripts_only(mid360_driver)
[3.210s] Level 1:colcon.colcon_core.environment:checking '/home/yoshida/study/ros2/install/mid360_driver' for CMake module files
[3.211s] Level 1:colcon.colcon_core.environment:checking '/home/yoshida/study/ros2/install/mid360_driver' for CMake config files
[3.211s] Level 1:colcon.colcon_core.shell:create_environment_hook('mid360_driver', 'cmake_prefix_path')
[3.211s] INFO:colcon.colcon_core.shell:Creating environment hook '/home/yoshida/study/ros2/install/mid360_driver/share/mid360_driver/hook/cmake_prefix_path.ps1'
[3.212s] INFO:colcon.colcon_core.shell:Creating environment descriptor '/home/yoshida/study/ros2/install/mid360_driver/share/mid360_driver/hook/cmake_prefix_path.dsv'
[3.212s] INFO:colcon.colcon_core.shell:Creating environment hook '/home/yoshida/study/ros2/install/mid360_driver/share/mid360_driver/hook/cmake_prefix_path.sh'
[3.213s] Level 1:colcon.colcon_core.environment:checking '/home/yoshida/study/ros2/install/mid360_driver/lib'
[3.213s] Level 1:colcon.colcon_core.shell:create_environment_hook('mid360_driver', 'ld_library_path_lib')
[3.213s] INFO:colcon.colcon_core.shell:Creating environment hook '/home/yoshida/study/ros2/install/mid360_driver/share/mid360_driver/hook/ld_library_path_lib.ps1'
[3.213s] INFO:colcon.colcon_core.shell:Creating environment descriptor '/home/yoshida/study/ros2/install/mid360_driver/share/mid360_driver/hook/ld_library_path_lib.dsv'
[3.214s] INFO:colcon.colcon_core.shell:Creating environment hook '/home/yoshida/study/ros2/install/mid360_driver/share/mid360_driver/hook/ld_library_path_lib.sh'
[3.214s] Level 1:colcon.colcon_core.environment:checking '/home/yoshida/study/ros2/install/mid360_driver/bin'
[3.214s] Level 1:colcon.colcon_core.environment:checking '/home/yoshida/study/ros2/install/mid360_driver/lib/pkgconfig/mid360_driver.pc'
[3.215s] Level 1:colcon.colcon_core.environment:checking '/home/yoshida/study/ros2/install/mid360_driver/lib/python3.12/site-packages'
[3.215s] Level 1:colcon.colcon_core.shell:create_environment_hook('mid360_driver', 'pythonpath')
[3.215s] INFO:colcon.colcon_core.shell:Creating environment hook '/home/yoshida/study/ros2/install/mid360_driver/share/mid360_driver/hook/pythonpath.ps1'
[3.215s] INFO:colcon.colcon_core.shell:Creating environment descriptor '/home/yoshida/study/ros2/install/mid360_driver/share/mid360_driver/hook/pythonpath.dsv'
[3.216s] INFO:colcon.colcon_core.shell:Creating environment hook '/home/yoshida/study/ros2/install/mid360_driver/share/mid360_driver/hook/pythonpath.sh'
[3.217s] Level 1:colcon.colcon_core.environment:checking '/home/yoshida/study/ros2/install/mid360_driver/bin'
[3.217s] INFO:colcon.colcon_core.shell:Creating package script '/home/yoshida/study/ros2/install/mid360_driver/share/mid360_driver/package.ps1'
[3.218s] INFO:colcon.colcon_core.shell:Creating package descriptor '/home/yoshida/study/ros2/install/mid360_driver/share/mid360_driver/package.dsv'
[3.218s] INFO:colcon.colcon_core.shell:Creating package script '/home/yoshida/study/ros2/install/mid360_driver/share/mid360_driver/package.sh'
[3.219s] INFO:colcon.colcon_core.shell:Creating package script '/home/yoshida/study/ros2/install/mid360_driver/share/mid360_driver/package.bash'
[3.219s] INFO:colcon.colcon_core.shell:Creating package script '/home/yoshida/study/ros2/install/mid360_driver/share/mid360_driver/package.zsh'
[3.219s] Level 1:colcon.colcon_core.environment:create_file_with_runtime_dependencies(/home/yoshida/study/ros2/install/mid360_driver/share/colcon-core/packages/mid360_driver)
[4.995s] DEBUG:colcon.colcon_core.event_handler.log_command:Invoked command in '/home/yoshida/study/ros2/build/mcl_3d' returned '1': CMAKE_PREFIX_PATH=${CMAKE_PREFIX_PATH}:/opt/ros/jazzy DEBUGINFOD_URLS=https://debuginfod.ubuntu.com /usr/bin/cmake /home/yoshida/study/ros2/src/mcl_3d -DCMAKE_INSTALL_PREFIX=/home/yoshida/study/ros2/install/mcl_3d
[5.020s] Level 1:colcon.colcon_core.environment:create_environment_scripts_only(mcl_3d)
[5.020s] Level 1:colcon.colcon_core.environment:checking '/home/yoshida/study/ros2/install/mcl_3d' for CMake module files
[5.021s] Level 1:colcon.colcon_core.environment:checking '/home/yoshida/study/ros2/install/mcl_3d' for CMake config files
[5.021s] Level 1:colcon.colcon_core.environment:checking '/home/yoshida/study/ros2/install/mcl_3d/bin'
[5.021s] Level 1:colcon.colcon_core.environment:checking '/home/yoshida/study/ros2/install/mcl_3d/lib/pkgconfig/mcl_3d.pc'
[5.022s] Level 1:colcon.colcon_core.environment:checking '/home/yoshida/study/ros2/install/mcl_3d/lib/python3.12/site-packages'
[5.022s] Level 1:colcon.colcon_core.environment:checking '/home/yoshida/study/ros2/install/mcl_3d/bin'
[5.023s] INFO:colcon.colcon_core.shell:Creating package script '/home/yoshida/study/ros2/install/mcl_3d/share/mcl_3d/package.ps1'
[5.023s] INFO:colcon.colcon_core.shell:Creating package descriptor '/home/yoshida/study/ros2/install/mcl_3d/share/mcl_3d/package.dsv'
[5.024s] INFO:colcon.colcon_core.shell:Creating package script '/home/yoshida/study/ros2/install/mcl_3d/share/mcl_3d/package.sh'
[5.024s] INFO:colcon.colcon_core.shell:Creating package script '/home/yoshida/study/ros2/install/mcl_3d/share/mcl_3d/package.bash'
[5.025s] INFO:colcon.colcon_core.shell:Creating package script '/home/yoshida/study/ros2/install/mcl_3d/share/mcl_3d/package.zsh'
[5.025s] Level 1:colcon.colcon_core.environment:create_file_with_runtime_dependencies(/home/yoshida/study/ros2/install/mcl_3d/share/colcon-core/packages/mcl_3d)
[5.036s] DEBUG:colcon.colcon_parallel_executor.executor.parallel:closing loop
[5.036s] DEBUG:colcon.colcon_parallel_executor.executor.parallel:loop closed
[5.037s] DEBUG:colcon.colcon_parallel_executor.executor.parallel:run_until_complete finished with '1'
[5.037s] DEBUG:colcon.colcon_core.event_reactor:joining thread
[5.049s] INFO:colcon.colcon_core.plugin_system:Skipping extension 'colcon_notification.desktop_notification.terminal_notifier': Not used on non-Darwin systems
[5.049s] INFO:colcon.colcon_core.plugin_system:Skipping extension 'colcon_notification.desktop_notification.win32': Not used on non-Windows systems
[5.049s] INFO:colcon.colcon_notification.desktop_notification:Sending desktop notification using 'notify2'
[5.076s] DEBUG:colcon.colcon_core.event_reactor:joined thread
[5.077s] INFO:colcon.colcon_core.shell:Creating prefix script '/home/yoshida/study/ros2/install/local_setup.ps1'
[5.079s] INFO:colcon.colcon_core.shell:Creating prefix util module '/home/yoshida/study/ros2/install/_local_setup_util_ps1.py'
[5.081s] INFO:colcon.colcon_core.shell:Creating prefix chain script '/home/yoshida/study/ros2/install/setup.ps1'
[5.082s] INFO:colcon.colcon_core.shell:Creating prefix script '/home/yoshida/study/ros2/install/local_setup.sh'
[5.083s] INFO:colcon.colcon_core.shell:Creating prefix util module '/home/yoshida/study/ros2/install/_local_setup_util_sh.py'
[5.084s] INFO:colcon.colcon_core.shell:Creating prefix chain script '/home/yoshida/study/ros2/install/setup.sh'
[5.086s] INFO:colcon.colcon_core.shell:Creating prefix script '/home/yoshida/study/ros2/install/local_setup.bash'
[5.086s] INFO:colcon.colcon_core.shell:Creating prefix chain script '/home/yoshida/study/ros2/install/setup.bash'
[5.088s] INFO:colcon.colcon_core.shell:Creating prefix script '/home/yoshida/study/ros2/install/local_setup.zsh'
[5.088s] INFO:colcon.colcon_core.shell:Creating prefix chain script '/home/yoshida/study/ros2/install/setup.zsh'
