[0.012s] Invoking command in '/home/yoshida/study/ros2/build/mcl_3d': CMAKE_PREFIX_PATH=${CMAKE_PREFIX_PATH}:/opt/ros/jazzy DEBUGINFOD_URLS=https://debuginfod.ubuntu.com /usr/bin/cmake /home/yoshida/study/ros2/src/localization/mcl_3d -DCMAKE_INSTALL_PREFIX=/home/yoshida/study/ros2/install/mcl_3d
[0.181s] -- The C compiler identification is GNU 13.3.0
[0.326s] -- The CXX compiler identification is GNU 13.3.0
[0.358s] -- Detecting C compiler ABI info
[0.481s] -- Detecting C compiler ABI info - done
[0.491s] -- Check for working C compiler: /usr/bin/cc - skipped
[0.491s] -- Detecting C compile features
[0.492s] -- Detecting C compile features - done
[0.507s] -- Detecting CXX compiler ABI info
[0.637s] -- Detecting CXX compiler ABI info - done
[0.652s] -- Check for working CXX compiler: /usr/bin/c++ - skipped
[0.652s] -- Detecting CXX compile features
[0.653s] -- Detecting CXX compile features - done
[0.665s] -- Found ament_cmake: 2.5.5 (/opt/ros/jazzy/share/ament_cmake/cmake)
[0.876s] -- Found Python3: /home/yoshida/.local/bin/python3.13 (found version "3.13.9") found components: Interpreter 
[1.028s] -- Found rclcpp: 28.1.16 (/opt/ros/jazzy/share/rclcpp/cmake)
[1.110s] -- Found rosidl_generator_c: 4.6.7 (/opt/ros/jazzy/share/rosidl_generator_c/cmake)
[1.130s] -- Found rosidl_generator_cpp: 4.6.7 (/opt/ros/jazzy/share/rosidl_generator_cpp/cmake)
[1.161s] -- Using all available rosidl_typesupport_c: rosidl_typesupport_fastrtps_c;rosidl_typesupport_introspection_c
[1.185s] -- Using all available rosidl_typesupport_cpp: rosidl_typesupport_fastrtps_cpp;rosidl_typesupport_introspection_cpp
[1.318s] -- Found rmw_implementation_cmake: 7.3.3 (/opt/ros/jazzy/share/rmw_implementation_cmake/cmake)
[1.324s] -- Found rmw_fastrtps_cpp: 8.4.3 (/opt/ros/jazzy/share/rmw_fastrtps_cpp/cmake)
[1.464s] -- Found OpenSSL: /usr/lib/x86_64-linux-gnu/libcrypto.so (found version "3.0.13")  
[1.495s] -- Found FastRTPS: /opt/ros/jazzy/include (Required is at least version "2.13") 
[1.529s] -- Using RMW implementation 'rmw_fastrtps_cpp' as default
[1.659s] -- Found sensor_msgs: 5.3.6 (/opt/ros/jazzy/share/sensor_msgs/cmake)
[1.780s] -- Found pcl_conversions: 2.6.2 (/opt/ros/jazzy/share/pcl_conversions/cmake)
[1.888s] CMake Warning (dev) at /usr/lib/x86_64-linux-gnu/cmake/pcl/Modules/FindFLANN.cmake:45 (find_package):
[1.889s]   Policy CMP0144 is not set: find_package uses upper-case <PACKAGENAME>_ROOT
[1.889s]   variables.  Run "cmake --help-policy CMP0144" for policy details.  Use the
[1.889s]   cmake_policy command to set the policy and suppress this warning.
[1.889s] 
[1.889s]   CMake variable FLANN_ROOT is set to:
[1.889s] 
[1.889s]     /usr
[1.889s] 
[1.889s]   For compatibility, find_package is ignoring the variable, but code in a
[1.889s]   .cmake module might still use it.
[1.889s] Call Stack (most recent call first):
[1.889s]   /usr/lib/x86_64-linux-gnu/cmake/pcl/PCLConfig.cmake:261 (find_package)
[1.890s]   /usr/lib/x86_64-linux-gnu/cmake/pcl/PCLConfig.cmake:306 (find_flann)
[1.890s]   /usr/lib/x86_64-linux-gnu/cmake/pcl/PCLConfig.cmake:570 (find_external_library)
[1.890s]   /opt/ros/jazzy/share/pcl_conversions/cmake/ament_cmake_export_dependencies-extras.cmake:21 (find_package)
[1.890s]   /opt/ros/jazzy/share/pcl_conversions/cmake/pcl_conversionsConfig.cmake:41 (include)
[1.890s]   CMakeLists.txt:15 (find_package)
[1.890s] This warning is for project developers.  Use -Wno-dev to suppress it.
[1.890s] 
[1.890s] -- Found flann version 1.9.2
[2.259s] -- Found OpenMP_CXX: -fopenmp (found version "4.5") 
[2.259s] -- Found OpenMP: TRUE (found version "4.5") found components: CXX 
[4.108s] -- Checking for module 'libusb-1.0'
[4.130s] --   Found libusb-1.0, version 1.0.27
[4.178s] -- Found libusb: /usr/lib/x86_64-linux-gnu/libusb-1.0.so  
[4.182s] -- OpenNI found (version: 1.5.4.0, include: /usr/include/ni, lib: /usr/lib/libOpenNI.so;libusb::libusb)
[4.262s] -- OpenNI2 found (version: 2.2.0.33, include: /usr/include/openni2, lib: /usr/lib/x86_64-linux-gnu/libOpenNI2.so;libusb::libusb)
[4.266s] -- Could NOT find Pcap (missing: PCAP_LIBRARIES PCAP_INCLUDE_DIRS) 
[4.282s] -- Found ZLIB: /usr/lib/x86_64-linux-gnu/libz.so (found version "1.3")  
[4.302s] -- Found PNG: /usr/lib/x86_64-linux-gnu/libpng.so (found version "1.6.43") 
[4.811s] -- OpenNI found (version: 1.5.4.0, include: /usr/include/ni, lib: /usr/lib/libOpenNI.so;libusb::libusb)
[4.822s] -- OpenNI2 found (version: 2.2.0.33, include: /usr/include/openni2, lib: /usr/lib/x86_64-linux-gnu/libOpenNI2.so;libusb::libusb)
[5.530s] -- Found Qhull version 8.0.2
[6.251s] -- OpenNI found (version: 1.5.4.0, include: /usr/include/ni, lib: /usr/lib/libOpenNI.so;libusb::libusb)
[6.762s] -- Found PCL_COMMON: /usr/lib/x86_64-linux-gnu/libpcl_common.so  
[6.763s] -- Found PCL_KDTREE: /usr/lib/x86_64-linux-gnu/libpcl_kdtree.so  
[6.764s] -- Found PCL_OCTREE: /usr/lib/x86_64-linux-gnu/libpcl_octree.so  
[6.766s] -- Found PCL_SEARCH: /usr/lib/x86_64-linux-gnu/libpcl_search.so  
[6.768s] -- Found PCL_SAMPLE_CONSENSUS: /usr/lib/x86_64-linux-gnu/libpcl_sample_consensus.so  
[6.769s] -- Found PCL_FILTERS: /usr/lib/x86_64-linux-gnu/libpcl_filters.so  
[6.769s] -- Found PCL_2D: /usr/include/pcl-1.14  
[6.770s] -- Found PCL_GEOMETRY: /usr/include/pcl-1.14  
[6.772s] -- Found PCL_IO: /usr/lib/x86_64-linux-gnu/libpcl_io.so  
[6.773s] -- Found PCL_FEATURES: /usr/lib/x86_64-linux-gnu/libpcl_features.so  
[6.775s] -- Found PCL_ML: /usr/lib/x86_64-linux-gnu/libpcl_ml.so  
[6.776s] -- Found PCL_SEGMENTATION: /usr/lib/x86_64-linux-gnu/libpcl_segmentation.so  
[6.778s] -- Found PCL_VISUALIZATION: /usr/lib/x86_64-linux-gnu/libpcl_visualization.so  
[6.779s] -- Found PCL_SURFACE: /usr/lib/x86_64-linux-gnu/libpcl_surface.so  
[6.780s] -- Found PCL_REGISTRATION: /usr/lib/x86_64-linux-gnu/libpcl_registration.so  
[6.782s] -- Found PCL_KEYPOINTS: /usr/lib/x86_64-linux-gnu/libpcl_keypoints.so  
[6.784s] -- Found PCL_TRACKING: /usr/lib/x86_64-linux-gnu/libpcl_tracking.so  
[6.785s] -- Found PCL_RECOGNITION: /usr/lib/x86_64-linux-gnu/libpcl_recognition.so  
[6.786s] -- Found PCL_STEREO: /usr/lib/x86_64-linux-gnu/libpcl_stereo.so  
[6.788s] -- Found PCL_APPS: /usr/lib/x86_64-linux-gnu/libpcl_apps.so  
[6.790s] -- Found PCL_IN_HAND_SCANNER: /usr/include/pcl-1.14  
[6.790s] -- Found PCL_MODELER: /usr/include/pcl-1.14  
[6.792s] -- Found PCL_POINT_CLOUD_EDITOR: /usr/include/pcl-1.14  
[6.794s] -- Found PCL_OUTOFCORE: /usr/lib/x86_64-linux-gnu/libpcl_outofcore.so  
[6.795s] -- Found PCL_PEOPLE: /usr/lib/x86_64-linux-gnu/libpcl_people.so  
[6.798s] CMake Warning (dev) at CMakeLists.txt:16 (find_package):
[6.798s]   Policy CMP0074 is not set: find_package uses <PackageName>_ROOT variables.
[6.798s]   Run "cmake --help-policy CMP0074" for policy details.  Use the cmake_policy
[6.798s]   command to set the policy and suppress this warning.
[6.798s] 
[6.799s]   CMake variable PCL_ROOT is set to:
[6.799s] 
[6.799s]     /usr
[6.799s] 
[6.799s]   For compatibility, CMake is ignoring the variable.
[6.799s] This warning is for project developers.  Use -Wno-dev to suppress it.
[6.799s] 
[6.824s] -- Found ament_lint_auto: 0.17.4 (/opt/ros/jazzy/share/ament_lint_auto/cmake)
[6.860s] Traceback (most recent call last):
[6.862s]   File "/opt/ros/jazzy/share/ament_cmake_core/cmake/core/package_xml_2_cmake.py", line 22, in <module>
[6.862s]     from catkin_pkg.package import parse_package_string
[6.862s] ModuleNotFoundError: No module named 'catkin_pkg'
[6.868s] CMake Error at /opt/ros/jazzy/share/ament_cmake_core/cmake/core/ament_package_xml.cmake:95 (message):
[6.868s]   execute_process(/home/yoshida/.local/bin/python3.13
[6.868s]   /opt/ros/jazzy/share/ament_cmake_core/cmake/core/package_xml_2_cmake.py
[6.868s]   /home/yoshida/study/ros2/src/localization/mcl_3d/package.xml
[6.868s]   /home/yoshida/study/ros2/build/mcl_3d/ament_cmake_core/package.cmake)
[6.868s]   returned error code 1
[6.868s] Call Stack (most recent call first):
[6.868s]   /opt/ros/jazzy/share/ament_cmake_core/cmake/core/ament_package_xml.cmake:49 (_ament_package_xml)
[6.868s]   /opt/ros/jazzy/share/ament_lint_auto/cmake/ament_lint_auto_find_test_dependencies.cmake:31 (ament_package_xml)
[6.868s]   CMakeLists.txt:52 (ament_lint_auto_find_test_dependencies)
[6.869s] 
[6.869s] 
[6.869s] -- Configuring incomplete, errors occurred!
[6.894s] Invoked command in '/home/yoshida/study/ros2/build/mcl_3d' returned '1': CMAKE_PREFIX_PATH=${CMAKE_PREFIX_PATH}:/opt/ros/jazzy DEBUGINFOD_URLS=https://debuginfod.ubuntu.com /usr/bin/cmake /home/yoshida/study/ros2/src/localization/mcl_3d -DCMAKE_INSTALL_PREFIX=/home/yoshida/study/ros2/install/mcl_3d
