[0.000000] (-) TimerEvent: {}
[0.000488] (-) JobUnselected: {'identifier': 'mcl_3d'}
[0.000565] (mid360_driver) JobQueued: {'identifier': 'mid360_driver', 'dependencies': OrderedDict()}
[0.000654] (mid360_driver) JobStarted: {'identifier': 'mid360_driver'}
[0.009228] (mid360_driver) JobProgress: {'identifier': 'mid360_driver', 'progress': 'cmake'}
[0.010081] (mid360_driver) JobProgress: {'identifier': 'mid360_driver', 'progress': 'build'}
[0.011075] (mid360_driver) Command: {'cmd': ['/usr/bin/cmake', '--build', '/home/yoshida/study/ros2/build/mid360_driver', '--', '-j16', '-l16'], 'cwd': '/home/yoshida/study/ros2/build/mid360_driver', 'env': OrderedDict({'GJS_DEBUG_TOPICS': 'JS ERROR;JS LOG', 'npm_config_devdir': '/tmp/cursor-sandbox-cache/e93bfa0cd5650c14af4d29d98bf51501/node-gyp', 'LESSOPEN': '| /usr/bin/lesspipe %s', 'VSCODE_CWD': '/home/yoshida', 'CURSOR_EXTENSION_HOST_ROLE': 'agent-exec', 'VSCODE_ESM_ENTRYPOINT': 'vs/workbench/api/node/extensionHostProcess', 'PUPPETEER_CACHE_DIR': '/tmp/cursor-sandbox-cache/e93bfa0cd5650c14af4d29d98bf51501/puppeteer', 'LANGUAGE': 'ja:en', 'USER': 'yoshida', 'LC_TIME': 'C.UTF-8', 'VSCODE_NLS_CONFIG': '{"userLocale":"ja","osLocale":"ja","resolvedLanguage":"ja","defaultMessagesFile":"/usr/share/cursor/resources/app/out/nls.messages.json","languagePack":{"translationsConfigFile":"/home/yoshida/.config/Cursor/clp/c78c068107c15ce88135a640d3c5286e.ja/tcf.json","messagesFile":"/home/yoshida/.config/Cursor/clp/c78c068107c15ce88135a640d3c5286e.ja/81fcf2931d7687b4ff3f3017858d0c6dee7e2a60/nls.messages.json","corruptMarkerFile":"/home/yoshida/.config/Cursor/clp/c78c068107c15ce88135a640d3c5286e.ja/corrupted.info"},"locale":"ja","availableLanguages":{"*":"ja"},"_languagePackId":"c78c068107c15ce88135a640d3c5286e.ja","_languagePackSupport":true,"_translationsConfigFile":"/home/yoshida/.config/Cursor/clp/c78c068107c15ce88135a640d3c5286e.ja/tcf.json","_cacheRoot":"/home/yoshida/.config/Cursor/clp/c78c068107c15ce88135a640d3c5286e.ja","_resolvedLanguagePackCoreLocation":"/home/yoshida/.config/Cursor/clp/c78c068107c15ce88135a640d3c5286e.ja/81fcf2931d7687b4ff3f3017858d0c6dee7e2a60","_corruptedFile":"/home/yoshida/.config/Cursor/clp/c78c068107c15ce88135a640d3c5286e.ja/corrupted.info"}', 'CARGO_TARGET_DIR': '/tmp/cursor-sandbox-cache/e93bfa0cd5650c14af4d29d98bf51501/cargo-target', 'CCACHE_DIR': '/tmp/cursor-sandbox-cache/e93bfa0cd5650c14af4d29d98bf51501/ccache', 'VSCODE_HANDLES_UNCAUGHT_ERRORS': 'true', 'XDG_SESSION_TYPE': 'x11', 'CURSOR_RIPGREP_PATH': '/usr/share/cursor/resources/app/node_modules/@vscode/ripgrep/bin/rg', 'PIP_CACHE_DIR': '/tmp/cursor-sandbox-cache/e93bfa0cd5650c14af4d29d98bf51501/pip', 'STM32CubeMX_PATH': '/home/yoshida/STM32CubeMX', 'NUGET_PACKAGES': '/tmp/cursor-sandbox-cache/e93bfa0cd5650c14af4d29d98bf51501/nuget', 'HOMEBREW_CACHE': '/tmp/cursor-sandbox-cache/e93bfa0cd5650c14af4d29d98bf51501/homebrew', 'CLUTTER_DISABLE_MIPMAPPED_TEXT': '1', 'SHLVL': '1', 'LD_LIBRARY_PATH': '/opt/ros/jazzy/opt/rviz_ogre_vendor/lib:/opt/ros/jazzy/lib/x86_64-linux-gnu:/opt/ros/jazzy/opt/gz_math_vendor/lib:/opt/ros/jazzy/opt/gz_utils_vendor/lib:/opt/ros/jazzy/opt/gz_cmake_vendor/lib:/opt/ros/jazzy/lib', 'HOME': '/home/yoshida', 'CHROME_DESKTOP': 'cursor.desktop', 'OLDPWD': '/home/yoshida/study/ros2', 'DESKTOP_SESSION': 'ubuntu', 'NVM_BIN': '/home/yoshida/.nvm/versions/node/v22.17.0/bin', 'NVM_INC': '/home/yoshida/.nvm/versions/node/v22.17.0/include/node', 'VSCODE_IPC_HOOK': '/run/user/1000/vscode-3478e029-3.6.-main.sock', 'GIO_LAUNCHED_DESKTOP_FILE': '/usr/share/applications/cursor.desktop', 'ROS_PYTHON_VERSION': '3', 'GNOME_SHELL_SESSION_MODE': 'ubuntu', 'GTK_MODULES': 'gail:atk-bridge', 'SDL_IM_MODULE': 'fcitx', 'CURSOR_ORIG_UID': '1000', 'LC_MONETARY': 'C.UTF-8', 'CURSOR_WORKSPACE_LABEL': 'ros2', 'MANAGERPID': '3078', 'SYSTEMD_EXEC_PID': '4354', 'GSM_SKIP_SSH_AGENT_WORKAROUND': 'true', 'NO_COLOR': '1', 'CONDA_PKGS_DIRS': '/tmp/cursor-sandbox-cache/e93bfa0cd5650c14af4d29d98bf51501/conda', 'DBUS_SESSION_BUS_ADDRESS': 'unix:path=/run/user/1000/bus', 'GIO_LAUNCHED_DESKTOP_FILE_PID': '6278', 'NVM_DIR': '/home/yoshida/.nvm', 'VSCODE_CRASH_REPORTER_PROCESS_TYPE': 'extensionHost', 'DEBUGINFOD_URLS': 'https://debuginfod.ubuntu.com', 'COMPOSER_HOME': '/tmp/cursor-sandbox-cache/e93bfa0cd5650c14af4d29d98bf51501/composer', 'ROS_DISTRO': 'jazzy', 'GTK_IM_MODULE': 'fcitx', 'LOGNAME': 'yoshida', 'FORCE_COLOR': '0', 'JOURNAL_STREAM': '9:26383', 'BUN_INSTALL_CACHE_DIR': '/tmp/cursor-sandbox-cache/e93bfa0cd5650c14af4d29d98bf51501/bun', '_': '/usr/bin/colcon', 'ROS_VERSION': '2', 'MEMORY_PRESSURE_WATCH': '/sys/fs/cgroup/user.slice/user-1000.slice/user@1000.service/session.slice/org.gnome.Shell@x11.service/memory.pressure', 'CURSOR_LAYOUT': 'unifiedAgent', 'GOMODCACHE': '/tmp/cursor-sandbox-cache/e93bfa0cd5650c14af4d29d98bf51501/go-mod', 'XDG_SESSION_CLASS': 'user', 'USERNAME': 'yoshida', 'CP_HOME_DIR': '/tmp/cursor-sandbox-cache/e93bfa0cd5650c14af4d29d98bf51501/cocoapods', 'TERM': 'dumb', 'GNOME_DESKTOP_SESSION_ID': 'this-is-deprecated', 'FC_FONTATIONS': '1', 'WINDOWPATH': '2', 'POETRY_CACHE_DIR': '/tmp/cursor-sandbox-cache/e93bfa0cd5650c14af4d29d98bf51501/poetry', 'PATH': '/home/yoshida/.local/bin:/home/yoshida/.local/bin:/home/yoshida/.platformio/penv/bin:/usr/share/cursor/resources/app/resources/helpers:/home/yoshida/.local/bin:/home/yoshida/.local/bin:/home/yoshida/.platformio/penv/bin:/opt/ros/jazzy/bin:/home/yoshida/.nvm/versions/node/v22.17.0/bin:/home/yoshida/.local/bin:/usr/local/sbin:/usr/local/bin:/usr/sbin:/usr/bin:/sbin:/bin:/usr/games:/usr/local/games:/snap/bin:/snap/bin:/home/yoshida/.dotnet/tools:/home/yoshida/.dotnet/tools:/home/yoshida/.dotnet/tools', 'SESSION_MANAGER': 'local/yoshida-dynabook-XZ-HYL:@/tmp/.ICE-unix/4294,unix/yoshida-dynabook-XZ-HYL:/tmp/.ICE-unix/4294', 'YARN_CACHE_FOLDER': '/tmp/cursor-sandbox-cache/e93bfa0cd5650c14af4d29d98bf51501/yarn', 'INVOCATION_ID': '425eb329c94944de866ade161d412df3', 'PYTHON_EXECUTABLE': '/usr/bin/python3.12', 'PAPERSIZE': 'a4', 'UV_CACHE_DIR': '/tmp/cursor-sandbox-cache/e93bfa0cd5650c14af4d29d98bf51501/uv', 'XDG_MENU_PREFIX': 'gnome-', 'LC_ADDRESS': 'C.UTF-8', 'VSCODE_PROCESS_TITLE': 'extension-host (agent-exec) ros2 [3-12]', 'PLAYWRIGHT_BROWSERS_PATH': '/tmp/cursor-sandbox-cache/e93bfa0cd5650c14af4d29d98bf51501/playwright', 'XDG_RUNTIME_DIR': '/run/user/1000', 'BUNDLE_PATH': '/tmp/cursor-sandbox-cache/e93bfa0cd5650c14af4d29d98bf51501/bundle', 'GDK_BACKEND': 'x11', 'CURSOR_AGENT': '1', 'DISPLAY': ':1', 'HISTSIZE': '10000', 'LANG': 'ja_JP.UTF-8', 'XDG_CURRENT_DESKTOP': 'ubuntu:GNOME', 'DOTNET_BUNDLE_EXTRACT_BASE_DIR': '/home/yoshida/.cache/dotnet_bundle_extract', 'NX_CACHE_DIRECTORY': '/tmp/cursor-sandbox-cache/e93bfa0cd5650c14af4d29d98bf51501/nx', 'LC_TELEPHONE': 'C.UTF-8', 'XMODIFIERS': '@im=fcitx', 'XDG_SESSION_DESKTOP': 'ubuntu', 'XAUTHORITY': '/run/user/1000/gdm/Xauthority', 'LS_COLORS': '', 'SBX_CHROME_API_RQ': '1', 'CYPRESS_CACHE_FOLDER': '/tmp/cursor-sandbox-cache/e93bfa0cd5650c14af4d29d98bf51501/cypress', 'SSH_AUTH_SOCK': '/run/user/1000/keyring/ssh', 'PNPM_STORE_PATH': '/tmp/cursor-sandbox-cache/e93bfa0cd5650c14af4d29d98bf51501/pnpm-store', 'AMENT_PREFIX_PATH': '/opt/ros/jazzy', 'GITLAB_NUGET_USERNAME': 'k-yoshida', 'SHELL': '/bin/bash', 'LC_NAME': 'C.UTF-8', 'GOCACHE': '/tmp/cursor-sandbox-cache/e93bfa0cd5650c14af4d29d98bf51501/go-build', 'QT_ACCESSIBILITY': '1', 'ELECTRON_RUN_AS_NODE': '1', 'GDMSESSION': 'ubuntu', 'LESSCLOSE': '/usr/bin/lesspipe %s %s', 'LC_MEASUREMENT': 'C.UTF-8', 'GPG_AGENT_INFO': '/run/user/1000/gnupg/S.gpg-agent:0:1', 'GJS_DEBUG_OUTPUT': 'stderr', 'LC_IDENTIFICATION': 'C.UTF-8', 'ROS_AUTOMATIC_DISCOVERY_RANGE': 'SUBNET', 'QT_IM_MODULE': 'fcitx', 'NPM_CONFIG_CACHE': '/tmp/cursor-sandbox-cache/e93bfa0cd5650c14af4d29d98bf51501/npm', 'PWD': '/home/yoshida/study/ros2/build/mid360_driver', 'GRADLE_USER_HOME': '/tmp/cursor-sandbox-cache/e93bfa0cd5650c14af4d29d98bf51501/gradle', 'XDG_CONFIG_DIRS': '/etc/xdg/xdg-ubuntu:/etc/xdg', 'VSCODE_CODE_CACHE_PATH': '/home/yoshida/.config/Cursor/CachedData/81fcf2931d7687b4ff3f3017858d0c6dee7e2a60', 'CLUTTER_IM_MODULE': 'xim', 'NVM_CD_FLAGS': '', 'CURSOR_ORIG_GID': '1000', 'XDG_DATA_DIRS': '/usr/share/ubuntu:/usr/share/gnome:/home/yoshida/.local/share/flatpak/exports/share:/var/lib/flatpak/exports/share:/usr/local/share/:/usr/share/:/var/lib/snapd/desktop', 'PYTHONPATH': '/opt/ros/jazzy/lib/python3.12/site-packages', 'HISTFILESIZA': '10000', 'LC_NUMERIC': 'C.UTF-8', 'TURBO_CACHE_DIR': '/tmp/cursor-sandbox-cache/e93bfa0cd5650c14af4d29d98bf51501/turbo', 'LC_PAPER': 'C.UTF-8', 'COLCON': '1', '_ZO_DOCTOR': '0', 'MEMORY_PRESSURE_WRITE': 'c29tZSAyMDAwMDAgMjAwMDAwMAA=', 'Python3_EXECUTABLE': '/usr/bin/python3.12', 'GEM_SPEC_CACHE': '/tmp/cursor-sandbox-cache/e93bfa0cd5650c14af4d29d98bf51501/gem-specs', 'GITLAB_NUGET_TOKEN': 'glpat-yrPkqpheVasHLiCpdhaq', 'CMAKE_PREFIX_PATH': '/opt/ros/jazzy/opt/gz_math_vendor:/opt/ros/jazzy/opt/gz_utils_vendor:/opt/ros/jazzy/opt/gz_cmake_vendor::/home/yoshida/local/:/opt/ros/jazzy', 'VSCODE_PID': '6278'}), 'shell': False}
[0.065994] (mid360_driver) StdoutLine: {'line': b'-- Found ament_cmake: 2.5.5 (/opt/ros/jazzy/share/ament_cmake/cmake)\n'}
[0.099780] (-) TimerEvent: {}
[0.103066] (mid360_driver) StdoutLine: {'line': b'-- Found Python3: /usr/bin/python3.12 (found version "3.12.3") found components: Interpreter \n'}
[0.198831] (mid360_driver) StdoutLine: {'line': b'-- Found rclcpp: 28.1.16 (/opt/ros/jazzy/share/rclcpp/cmake)\n'}
[0.199903] (-) TimerEvent: {}
[0.237303] (mid360_driver) StdoutLine: {'line': b'-- Found rosidl_generator_c: 4.6.7 (/opt/ros/jazzy/share/rosidl_generator_c/cmake)\n'}
[0.246005] (mid360_driver) StdoutLine: {'line': b'-- Found rosidl_generator_cpp: 4.6.7 (/opt/ros/jazzy/share/rosidl_generator_cpp/cmake)\n'}
[0.257874] (mid360_driver) StdoutLine: {'line': b'-- Using all available rosidl_typesupport_c: rosidl_typesupport_fastrtps_c;rosidl_typesupport_introspection_c\n'}
[0.283593] (mid360_driver) StdoutLine: {'line': b'-- Using all available rosidl_typesupport_cpp: rosidl_typesupport_fastrtps_cpp;rosidl_typesupport_introspection_cpp\n'}
[0.300052] (-) TimerEvent: {}
[0.351482] (mid360_driver) StdoutLine: {'line': b'-- Found rmw_implementation_cmake: 7.3.3 (/opt/ros/jazzy/share/rmw_implementation_cmake/cmake)\n'}
[0.353321] (mid360_driver) StdoutLine: {'line': b'-- Found rmw_fastrtps_cpp: 8.4.3 (/opt/ros/jazzy/share/rmw_fastrtps_cpp/cmake)\n'}
[0.400248] (-) TimerEvent: {}
[0.467199] (mid360_driver) StdoutLine: {'line': b"-- Using RMW implementation 'rmw_fastrtps_cpp' as default\n"}
[0.500364] (-) TimerEvent: {}
[0.543249] (mid360_driver) StdoutLine: {'line': b'-- Found std_msgs: 5.3.6 (/opt/ros/jazzy/share/std_msgs/cmake)\n'}
[0.556403] (mid360_driver) StdoutLine: {'line': b'-- Found sensor_msgs: 5.3.6 (/opt/ros/jazzy/share/sensor_msgs/cmake)\n'}
[0.600507] (-) TimerEvent: {}
[0.604557] (mid360_driver) StdoutLine: {'line': b'-- Found rosidl_default_generators: 1.6.0 (/opt/ros/jazzy/share/rosidl_default_generators/cmake)\n'}
[0.616281] (mid360_driver) StdoutLine: {'line': b'-- Found rosidl_adapter: 4.6.7 (/opt/ros/jazzy/share/rosidl_adapter/cmake)\n'}
[0.700677] (-) TimerEvent: {}
[0.800914] (-) TimerEvent: {}
[0.901205] (-) TimerEvent: {}
[0.933439] (mid360_driver) StdoutLine: {'line': b'-- Found ament_cmake_ros: 0.12.0 (/opt/ros/jazzy/share/ament_cmake_ros/cmake)\n'}
[1.001323] (-) TimerEvent: {}
[1.101580] (-) TimerEvent: {}
[1.177589] (mid360_driver) StdoutLine: {'line': b'-- Using all available rosidl_typesupport_c: rosidl_typesupport_fastrtps_c;rosidl_typesupport_introspection_c\n'}
[1.201715] (-) TimerEvent: {}
[1.270476] (mid360_driver) StdoutLine: {'line': b'-- Using all available rosidl_typesupport_cpp: rosidl_typesupport_fastrtps_cpp;rosidl_typesupport_introspection_cpp\n'}
[1.272209] (mid360_driver) StdoutLine: {'line': b'-- Found python_cmake_module: 0.11.1 (/opt/ros/jazzy/share/python_cmake_module/cmake)\n'}
[1.301846] (-) TimerEvent: {}
[1.402110] (-) TimerEvent: {}
[1.502351] (-) TimerEvent: {}
[1.602608] (-) TimerEvent: {}
[1.605970] (mid360_driver) StdoutLine: {'line': b'-- Found Python3: /usr/bin/python3.12 (found version "3.12.3") found components: Interpreter Development NumPy Development.Module Development.Embed \n'}
[1.636821] (mid360_driver) StdoutLine: {'line': b'-- Found ament_lint_auto: 0.17.4 (/opt/ros/jazzy/share/ament_lint_auto/cmake)\n'}
[1.702761] (-) TimerEvent: {}
[1.708034] (mid360_driver) StdoutLine: {'line': b"-- Added test 'cppcheck' to perform static code analysis on C / C++ code\n"}
[1.709338] (mid360_driver) StdoutLine: {'line': b'-- Configured cppcheck include dirs: /home/yoshida/study/ros2/src/mid360_driver/include\n'}
[1.709713] (mid360_driver) StdoutLine: {'line': b'-- Configured cppcheck exclude dirs and/or files: \n'}
[1.710837] (mid360_driver) StdoutLine: {'line': b"-- Added test 'lint_cmake' to check CMake code style\n"}
[1.712678] (mid360_driver) StdoutLine: {'line': b"-- Added test 'uncrustify' to check C / C++ code style\n"}
[1.712931] (mid360_driver) StdoutLine: {'line': b'-- Configured uncrustify additional arguments: \n'}
[1.713478] (mid360_driver) StdoutLine: {'line': b"-- Added test 'xmllint' to check XML markup files\n"}
[1.717188] (mid360_driver) StdoutLine: {'line': b'-- Configuring done (1.7s)\n'}
[1.802936] (-) TimerEvent: {}
[1.813277] (mid360_driver) StdoutLine: {'line': b'-- Generating done (0.1s)\n'}
[1.830277] (mid360_driver) StdoutLine: {'line': b'-- Build files have been written to: /home/yoshida/study/ros2/build/mid360_driver\n'}
[1.897101] (mid360_driver) StdoutLine: {'line': b'[  1%] Generating type hashes for ROS interfaces\n'}
[1.903231] (-) TimerEvent: {}
[1.913961] (mid360_driver) StdoutLine: {'line': b'[  1%] Built target ament_cmake_python_copy_mid360_driver\n'}
[2.003325] (-) TimerEvent: {}
[2.085747] (mid360_driver) StdoutLine: {'line': b'[  1%] Built target mid360_driver__rosidl_generator_type_description\n'}
[2.097889] (mid360_driver) StdoutLine: {'line': b'running egg_info\n'}
[2.098558] (mid360_driver) StdoutLine: {'line': b'[  3%] Generating C code for ROS interfaces\n'}
[2.103407] (-) TimerEvent: {}
[2.111023] (mid360_driver) StdoutLine: {'line': b'[  5%] Generating C++ code for ROS interfaces\n'}
[2.116947] (mid360_driver) StdoutLine: {'line': b'writing mid360_driver.egg-info/PKG-INFO\n'}
[2.117208] (mid360_driver) StdoutLine: {'line': b'writing dependency_links to mid360_driver.egg-info/dependency_links.txt\n'}
[2.117329] (mid360_driver) StdoutLine: {'line': b'writing top-level names to mid360_driver.egg-info/top_level.txt\n'}
[2.166964] (mid360_driver) StdoutLine: {'line': b"reading manifest file 'mid360_driver.egg-info/SOURCES.txt'\n"}
[2.167438] (mid360_driver) StdoutLine: {'line': b"writing manifest file 'mid360_driver.egg-info/SOURCES.txt'\n"}
[2.196444] (mid360_driver) StdoutLine: {'line': b'[  5%] Built target ament_cmake_python_build_mid360_driver_egg\n'}
[2.203511] (-) TimerEvent: {}
[2.303692] (-) TimerEvent: {}
[2.336963] (mid360_driver) StdoutLine: {'line': b'[  5%] Built target mid360_driver__cpp\n'}
[2.368854] (mid360_driver) StdoutLine: {'line': b'[  7%] Building C object CMakeFiles/mid360_driver__rosidl_generator_c.dir/rosidl_generator_c/mid360_driver/msg/detail/mid360_raw_packet__type_support.c.o\n'}
[2.369722] (mid360_driver) StdoutLine: {'line': b'[  9%] Building C object CMakeFiles/mid360_driver__rosidl_generator_c.dir/rosidl_generator_c/mid360_driver/msg/detail/mid360_packet__description.c.o\n'}
[2.370502] (mid360_driver) StdoutLine: {'line': b'[ 11%] Building C object CMakeFiles/mid360_driver__rosidl_generator_c.dir/rosidl_generator_c/mid360_driver/msg/detail/mid360_packet__type_support.c.o\n'}
[2.375125] (mid360_driver) StdoutLine: {'line': b'[ 13%] Building C object CMakeFiles/mid360_driver__rosidl_generator_c.dir/rosidl_generator_c/mid360_driver/msg/detail/mid360_raw_packet__functions.c.o\n'}
[2.376133] (mid360_driver) StdoutLine: {'line': b'[ 15%] Building C object CMakeFiles/mid360_driver__rosidl_generator_c.dir/rosidl_generator_c/mid360_driver/msg/detail/mid360_raw_packet__description.c.o\n'}
[2.377422] (mid360_driver) StdoutLine: {'line': b'[ 16%] Building C object CMakeFiles/mid360_driver__rosidl_generator_c.dir/rosidl_generator_c/mid360_driver/msg/detail/mid360_packet__functions.c.o\n'}
[2.403926] (-) TimerEvent: {}
[2.478885] (mid360_driver) StdoutLine: {'line': b'[ 18%] Linking C shared library libmid360_driver__rosidl_generator_c.so\n'}
[2.504072] (-) TimerEvent: {}
[2.560743] (mid360_driver) StdoutLine: {'line': b'[ 18%] Built target mid360_driver__rosidl_generator_c\n'}
[2.581980] (mid360_driver) StdoutLine: {'line': b'[ 20%] Generating C++ type support dispatch for ROS interfaces\n'}
[2.583791] (mid360_driver) StdoutLine: {'line': b'[ 22%] Generating C++ introspection for ROS interfaces\n'}
[2.585876] (mid360_driver) StdoutLine: {'line': b'[ 24%] Generating C introspection for ROS interfaces\n'}
[2.587568] (mid360_driver) StdoutLine: {'line': b'[ 26%] Generating C type support dispatch for ROS interfaces\n'}
[2.589809] (mid360_driver) StdoutLine: {'line': b'[ 28%] Generating C++ type support for eProsima Fast-RTPS\n'}
[2.590787] (mid360_driver) StdoutLine: {'line': b'[ 30%] Generating C type support for eProsima Fast-RTPS\n'}
[2.604234] (-) TimerEvent: {}
[2.704486] (-) TimerEvent: {}
[2.804684] (-) TimerEvent: {}
[2.832333] (mid360_driver) StdoutLine: {'line': b'[ 33%] Building CXX object CMakeFiles/mid360_driver__rosidl_typesupport_introspection_cpp.dir/rosidl_typesupport_introspection_cpp/mid360_driver/msg/detail/mid360_packet__type_support.cpp.o\n'}
[2.832646] (mid360_driver) StdoutLine: {'line': b'[ 33%] Building CXX object CMakeFiles/mid360_driver__rosidl_typesupport_introspection_cpp.dir/rosidl_typesupport_introspection_cpp/mid360_driver/msg/detail/mid360_raw_packet__type_support.cpp.o\n'}
[2.834546] (mid360_driver) StdoutLine: {'line': b'[ 35%] Building CXX object CMakeFiles/mid360_driver__rosidl_typesupport_c.dir/rosidl_typesupport_c/mid360_driver/msg/mid360_raw_packet__type_support.cpp.o\n'}
[2.835805] (mid360_driver) StdoutLine: {'line': b'[ 37%] Building CXX object CMakeFiles/mid360_driver__rosidl_typesupport_c.dir/rosidl_typesupport_c/mid360_driver/msg/mid360_packet__type_support.cpp.o\n'}
[2.837676] (mid360_driver) StdoutLine: {'line': b'[ 41%] Building CXX object CMakeFiles/mid360_driver__rosidl_typesupport_cpp.dir/rosidl_typesupport_cpp/mid360_driver/msg/mid360_raw_packet__type_support.cpp.o\n'}
[2.837795] (mid360_driver) StdoutLine: {'line': b'[ 41%] Building CXX object CMakeFiles/mid360_driver__rosidl_typesupport_cpp.dir/rosidl_typesupport_cpp/mid360_driver/msg/mid360_packet__type_support.cpp.o\n'}
[2.904773] (-) TimerEvent: {}
[2.919930] (mid360_driver) StdoutLine: {'line': b'[ 43%] Linking CXX shared library libmid360_driver__rosidl_typesupport_c.so\n'}
[2.965623] (mid360_driver) StdoutLine: {'line': b'[ 43%] Built target mid360_driver__rosidl_typesupport_c\n'}
[2.997743] (mid360_driver) StdoutLine: {'line': b'[ 45%] Building C object CMakeFiles/mid360_driver__rosidl_typesupport_introspection_c.dir/rosidl_typesupport_introspection_c/mid360_driver/msg/detail/mid360_raw_packet__type_support.c.o\n'}
[3.002931] (mid360_driver) StdoutLine: {'line': b'[ 47%] Building C object CMakeFiles/mid360_driver__rosidl_typesupport_introspection_c.dir/rosidl_typesupport_introspection_c/mid360_driver/msg/detail/mid360_packet__type_support.c.o\n'}
[3.004880] (-) TimerEvent: {}
[3.007638] (mid360_driver) StdoutLine: {'line': b'[ 50%] Building CXX object CMakeFiles/mid360_driver__rosidl_typesupport_fastrtps_c.dir/rosidl_typesupport_fastrtps_c/mid360_driver/msg/detail/mid360_packet__type_support_c.cpp.o\n'}
[3.007875] (mid360_driver) StdoutLine: {'line': b'[ 50%] Building CXX object CMakeFiles/mid360_driver__rosidl_typesupport_fastrtps_c.dir/rosidl_typesupport_fastrtps_c/mid360_driver/msg/detail/mid360_raw_packet__type_support_c.cpp.o\n'}
[3.047728] (mid360_driver) StdoutLine: {'line': b'[ 54%] Building CXX object CMakeFiles/mid360_driver__rosidl_typesupport_fastrtps_cpp.dir/rosidl_typesupport_fastrtps_cpp/mid360_driver/msg/detail/dds_fastrtps/mid360_raw_packet__type_support.cpp.o\n'}
[3.048046] (mid360_driver) StdoutLine: {'line': b'[ 54%] Building CXX object CMakeFiles/mid360_driver__rosidl_typesupport_fastrtps_cpp.dir/rosidl_typesupport_fastrtps_cpp/mid360_driver/msg/detail/dds_fastrtps/mid360_packet__type_support.cpp.o\n'}
[3.051732] (mid360_driver) StdoutLine: {'line': b'[ 56%] Linking C shared library libmid360_driver__rosidl_typesupport_introspection_c.so\n'}
[3.092848] (mid360_driver) StdoutLine: {'line': b'[ 56%] Built target mid360_driver__rosidl_typesupport_introspection_c\n'}
[3.105011] (-) TimerEvent: {}
[3.205203] (-) TimerEvent: {}
[3.223171] (mid360_driver) StdoutLine: {'line': b'[ 58%] Linking CXX shared library libmid360_driver__rosidl_typesupport_introspection_cpp.so\n'}
[3.228804] (mid360_driver) StdoutLine: {'line': b'[ 60%] Linking CXX shared library libmid360_driver__rosidl_typesupport_cpp.so\n'}
[3.287506] (mid360_driver) StdoutLine: {'line': b'[ 60%] Built target mid360_driver__rosidl_typesupport_cpp\n'}
[3.305315] (-) TimerEvent: {}
[3.312417] (mid360_driver) StdoutLine: {'line': b'[ 62%] Building CXX object CMakeFiles/mid360_driver_core.dir/src/crc.cpp.o\n'}
[3.312711] (mid360_driver) StdoutLine: {'line': b'[ 62%] Built target mid360_driver__rosidl_typesupport_introspection_cpp\n'}
[3.315725] (mid360_driver) StdoutLine: {'line': b'[ 67%] Building CXX object CMakeFiles/mid360_driver_core.dir/src/packet_codec.cpp.o\n'}
[3.315962] (mid360_driver) StdoutLine: {'line': b'[ 67%] Building CXX object CMakeFiles/mid360_driver_core.dir/src/sdk_protocol.cpp.o\n'}
[3.316042] (mid360_driver) StdoutLine: {'line': b'[ 67%] Building CXX object CMakeFiles/mid360_driver_core.dir/src/mid360_driver.cpp.o\n'}
[3.405429] (-) TimerEvent: {}
[3.464328] (mid360_driver) StdoutLine: {'line': b'[ 69%] Linking CXX shared library libmid360_driver__rosidl_typesupport_fastrtps_cpp.so\n'}
[3.505540] (-) TimerEvent: {}
[3.534818] (mid360_driver) StdoutLine: {'line': b'[ 69%] Built target mid360_driver__rosidl_typesupport_fastrtps_cpp\n'}
[3.605662] (-) TimerEvent: {}
[3.655964] (mid360_driver) StdoutLine: {'line': b'[ 71%] Linking CXX shared library libmid360_driver__rosidl_typesupport_fastrtps_c.so\n'}
[3.705780] (-) TimerEvent: {}
[3.708968] (mid360_driver) StdoutLine: {'line': b'[ 71%] Built target mid360_driver__rosidl_typesupport_fastrtps_c\n'}
[3.733081] (mid360_driver) StdoutLine: {'line': b'[ 71%] Built target mid360_driver\n'}
[3.760548] (mid360_driver) StdoutLine: {'line': b'[ 73%] Generating Python code for ROS interfaces\n'}
[3.805921] (-) TimerEvent: {}
[3.906126] (-) TimerEvent: {}
[4.006326] (-) TimerEvent: {}
[4.076715] (mid360_driver) StdoutLine: {'line': b'[ 73%] Built target mid360_driver__py\n'}
[4.103275] (mid360_driver) StdoutLine: {'line': b'[ 77%] Building C object CMakeFiles/mid360_driver__rosidl_generator_py.dir/rosidl_generator_py/mid360_driver/msg/_mid360_packet_s.c.o\n'}
[4.103542] (mid360_driver) StdoutLine: {'line': b'[ 77%] Building C object CMakeFiles/mid360_driver__rosidl_generator_py.dir/rosidl_generator_py/mid360_driver/msg/_mid360_raw_packet_s.c.o\n'}
[4.106460] (-) TimerEvent: {}
[4.206689] (-) TimerEvent: {}
[4.238235] (mid360_driver) StdoutLine: {'line': b'[ 79%] Linking C shared library libmid360_driver__rosidl_generator_py.so\n'}
[4.285479] (mid360_driver) StdoutLine: {'line': b'[ 79%] Built target mid360_driver__rosidl_generator_py\n'}
[4.306804] (-) TimerEvent: {}
[4.308523] (mid360_driver) StdoutLine: {'line': b'[ 81%] Building C object CMakeFiles/mid360_driver_s__rosidl_typesupport_introspection_c.dir/rosidl_generator_py/mid360_driver/_mid360_driver_s.ep.rosidl_typesupport_introspection_c.c.o\n'}
[4.311601] (mid360_driver) StdoutLine: {'line': b'[ 83%] Building C object CMakeFiles/mid360_driver_s__rosidl_typesupport_fastrtps_c.dir/rosidl_generator_py/mid360_driver/_mid360_driver_s.ep.rosidl_typesupport_fastrtps_c.c.o\n'}
[4.315296] (mid360_driver) StdoutLine: {'line': b'[ 84%] Building C object CMakeFiles/mid360_driver_s__rosidl_typesupport_c.dir/rosidl_generator_py/mid360_driver/_mid360_driver_s.ep.rosidl_typesupport_c.c.o\n'}
[4.389387] (mid360_driver) StdoutLine: {'line': b'[ 86%] Linking C shared module rosidl_generator_py/mid360_driver/mid360_driver_s__rosidl_typesupport_introspection_c.so\n'}
[4.399645] (mid360_driver) StdoutLine: {'line': b'[ 88%] Linking C shared module rosidl_generator_py/mid360_driver/mid360_driver_s__rosidl_typesupport_fastrtps_c.so\n'}
[4.406968] (-) TimerEvent: {}
[4.408236] (mid360_driver) StdoutLine: {'line': b'[ 90%] Linking C shared module rosidl_generator_py/mid360_driver/mid360_driver_s__rosidl_typesupport_c.so\n'}
[4.420641] (mid360_driver) StdoutLine: {'line': b'[ 90%] Built target mid360_driver_s__rosidl_typesupport_introspection_c\n'}
[4.432837] (mid360_driver) StdoutLine: {'line': b'[ 90%] Built target mid360_driver_s__rosidl_typesupport_fastrtps_c\n'}
[4.446471] (mid360_driver) StdoutLine: {'line': b'[ 90%] Built target mid360_driver_s__rosidl_typesupport_c\n'}
[4.507098] (-) TimerEvent: {}
[4.607245] (-) TimerEvent: {}
[4.707423] (-) TimerEvent: {}
[4.807622] (-) TimerEvent: {}
[4.907838] (-) TimerEvent: {}
[5.008085] (-) TimerEvent: {}
[5.108245] (-) TimerEvent: {}
[5.208444] (-) TimerEvent: {}
[5.308658] (-) TimerEvent: {}
[5.408884] (-) TimerEvent: {}
[5.509086] (-) TimerEvent: {}
[5.609283] (-) TimerEvent: {}
[5.709466] (-) TimerEvent: {}
[5.809671] (-) TimerEvent: {}
[5.909967] (-) TimerEvent: {}
[6.010186] (-) TimerEvent: {}
[6.110369] (-) TimerEvent: {}
[6.210584] (-) TimerEvent: {}
[6.310797] (-) TimerEvent: {}
[6.411085] (-) TimerEvent: {}
[6.511230] (-) TimerEvent: {}
[6.611412] (-) TimerEvent: {}
[6.711638] (-) TimerEvent: {}
[6.811862] (-) TimerEvent: {}
[6.912074] (-) TimerEvent: {}
[7.012291] (-) TimerEvent: {}
[7.112474] (-) TimerEvent: {}
[7.212690] (-) TimerEvent: {}
[7.312901] (-) TimerEvent: {}
[7.413071] (-) TimerEvent: {}
[7.513266] (-) TimerEvent: {}
[7.613437] (-) TimerEvent: {}
[7.713643] (-) TimerEvent: {}
[7.813850] (-) TimerEvent: {}
[7.914126] (-) TimerEvent: {}
[8.014344] (-) TimerEvent: {}
[8.114518] (-) TimerEvent: {}
[8.214809] (-) TimerEvent: {}
[8.315052] (-) TimerEvent: {}
[8.361281] (mid360_driver) StdoutLine: {'line': b'[ 92%] Linking CXX shared library libmid360_driver_core.so\n'}
[8.415184] (-) TimerEvent: {}
[8.515366] (-) TimerEvent: {}
[8.615582] (-) TimerEvent: {}
[8.673873] (mid360_driver) StdoutLine: {'line': b'[ 92%] Built target mid360_driver_core\n'}
[8.703337] (mid360_driver) StdoutLine: {'line': b'[ 94%] Building CXX object CMakeFiles/mid360_packet_to_cloud_node.dir/src/mid360_packet_to_cloud_node.cpp.o\n'}
[8.714254] (mid360_driver) StdoutLine: {'line': b'[ 96%] Building CXX object CMakeFiles/mid360_driver_node.dir/src/mid360_driver_node.cpp.o\n'}
[8.715652] (-) TimerEvent: {}
[8.815816] (-) TimerEvent: {}
[8.916029] (-) TimerEvent: {}
[9.016332] (-) TimerEvent: {}
[9.116589] (-) TimerEvent: {}
[9.216816] (-) TimerEvent: {}
[9.317036] (-) TimerEvent: {}
[9.417374] (-) TimerEvent: {}
[9.517593] (-) TimerEvent: {}
[9.617870] (-) TimerEvent: {}
[9.718131] (-) TimerEvent: {}
[9.818420] (-) TimerEvent: {}
[9.918714] (-) TimerEvent: {}
[10.019055] (-) TimerEvent: {}
[10.119245] (-) TimerEvent: {}
[10.219461] (-) TimerEvent: {}
[10.319707] (-) TimerEvent: {}
[10.419951] (-) TimerEvent: {}
[10.520286] (-) TimerEvent: {}
[10.620508] (-) TimerEvent: {}
[10.720732] (-) TimerEvent: {}
[10.820947] (-) TimerEvent: {}
[10.921213] (-) TimerEvent: {}
[11.004037] (mid360_driver) StdoutLine: {'line': b'[ 98%] Linking CXX executable mid360_driver_node\n'}
[11.021353] (-) TimerEvent: {}
[11.121551] (-) TimerEvent: {}
[11.156740] (mid360_driver) StdoutLine: {'line': b'[ 98%] Built target mid360_driver_node\n'}
[11.221703] (-) TimerEvent: {}
[11.321917] (-) TimerEvent: {}
[11.422137] (-) TimerEvent: {}
[11.522362] (-) TimerEvent: {}
[11.622597] (-) TimerEvent: {}
[11.722830] (-) TimerEvent: {}
[11.823078] (-) TimerEvent: {}
[11.923307] (-) TimerEvent: {}
[12.023521] (-) TimerEvent: {}
[12.123776] (-) TimerEvent: {}
[12.224030] (-) TimerEvent: {}
[12.324243] (-) TimerEvent: {}
[12.424452] (-) TimerEvent: {}
[12.524662] (-) TimerEvent: {}
[12.624933] (-) TimerEvent: {}
[12.725180] (-) TimerEvent: {}
[12.825437] (-) TimerEvent: {}
[12.925639] (-) TimerEvent: {}
[13.025862] (-) TimerEvent: {}
[13.126103] (-) TimerEvent: {}
[13.226326] (-) TimerEvent: {}
[13.326546] (-) TimerEvent: {}
[13.426775] (-) TimerEvent: {}
[13.527009] (-) TimerEvent: {}
[13.627231] (-) TimerEvent: {}
[13.727436] (-) TimerEvent: {}
[13.827635] (-) TimerEvent: {}
[13.927837] (-) TimerEvent: {}
[14.028034] (-) TimerEvent: {}
[14.128219] (-) TimerEvent: {}
[14.228428] (-) TimerEvent: {}
[14.328630] (-) TimerEvent: {}
[14.428869] (-) TimerEvent: {}
[14.529108] (-) TimerEvent: {}
[14.629378] (-) TimerEvent: {}
[14.729605] (-) TimerEvent: {}
[14.829817] (-) TimerEvent: {}
[14.930160] (-) TimerEvent: {}
[15.008978] (mid360_driver) StdoutLine: {'line': b'[100%] Linking CXX executable mid360_packet_to_cloud_node\n'}
[15.030333] (-) TimerEvent: {}
[15.130630] (-) TimerEvent: {}
[15.230887] (-) TimerEvent: {}
[15.308989] (mid360_driver) StdoutLine: {'line': b'[100%] Built target mid360_packet_to_cloud_node\n'}
[15.325054] (mid360_driver) CommandEnded: {'returncode': 0}
[15.326112] (mid360_driver) JobProgress: {'identifier': 'mid360_driver', 'progress': 'install'}
[15.331031] (-) TimerEvent: {}
[15.338160] (mid360_driver) Command: {'cmd': ['/usr/bin/cmake', '--install', '/home/yoshida/study/ros2/build/mid360_driver'], 'cwd': '/home/yoshida/study/ros2/build/mid360_driver', 'env': OrderedDict({'GJS_DEBUG_TOPICS': 'JS ERROR;JS LOG', 'npm_config_devdir': '/tmp/cursor-sandbox-cache/e93bfa0cd5650c14af4d29d98bf51501/node-gyp', 'LESSOPEN': '| /usr/bin/lesspipe %s', 'VSCODE_CWD': '/home/yoshida', 'CURSOR_EXTENSION_HOST_ROLE': 'agent-exec', 'VSCODE_ESM_ENTRYPOINT': 'vs/workbench/api/node/extensionHostProcess', 'PUPPETEER_CACHE_DIR': '/tmp/cursor-sandbox-cache/e93bfa0cd5650c14af4d29d98bf51501/puppeteer', 'LANGUAGE': 'ja:en', 'USER': 'yoshida', 'LC_TIME': 'C.UTF-8', 'VSCODE_NLS_CONFIG': '{"userLocale":"ja","osLocale":"ja","resolvedLanguage":"ja","defaultMessagesFile":"/usr/share/cursor/resources/app/out/nls.messages.json","languagePack":{"translationsConfigFile":"/home/yoshida/.config/Cursor/clp/c78c068107c15ce88135a640d3c5286e.ja/tcf.json","messagesFile":"/home/yoshida/.config/Cursor/clp/c78c068107c15ce88135a640d3c5286e.ja/81fcf2931d7687b4ff3f3017858d0c6dee7e2a60/nls.messages.json","corruptMarkerFile":"/home/yoshida/.config/Cursor/clp/c78c068107c15ce88135a640d3c5286e.ja/corrupted.info"},"locale":"ja","availableLanguages":{"*":"ja"},"_languagePackId":"c78c068107c15ce88135a640d3c5286e.ja","_languagePackSupport":true,"_translationsConfigFile":"/home/yoshida/.config/Cursor/clp/c78c068107c15ce88135a640d3c5286e.ja/tcf.json","_cacheRoot":"/home/yoshida/.config/Cursor/clp/c78c068107c15ce88135a640d3c5286e.ja","_resolvedLanguagePackCoreLocation":"/home/yoshida/.config/Cursor/clp/c78c068107c15ce88135a640d3c5286e.ja/81fcf2931d7687b4ff3f3017858d0c6dee7e2a60","_corruptedFile":"/home/yoshida/.config/Cursor/clp/c78c068107c15ce88135a640d3c5286e.ja/corrupted.info"}', 'CARGO_TARGET_DIR': '/tmp/cursor-sandbox-cache/e93bfa0cd5650c14af4d29d98bf51501/cargo-target', 'CCACHE_DIR': '/tmp/cursor-sandbox-cache/e93bfa0cd5650c14af4d29d98bf51501/ccache', 'VSCODE_HANDLES_UNCAUGHT_ERRORS': 'true', 'XDG_SESSION_TYPE': 'x11', 'CURSOR_RIPGREP_PATH': '/usr/share/cursor/resources/app/node_modules/@vscode/ripgrep/bin/rg', 'PIP_CACHE_DIR': '/tmp/cursor-sandbox-cache/e93bfa0cd5650c14af4d29d98bf51501/pip', 'STM32CubeMX_PATH': '/home/yoshida/STM32CubeMX', 'NUGET_PACKAGES': '/tmp/cursor-sandbox-cache/e93bfa0cd5650c14af4d29d98bf51501/nuget', 'HOMEBREW_CACHE': '/tmp/cursor-sandbox-cache/e93bfa0cd5650c14af4d29d98bf51501/homebrew', 'CLUTTER_DISABLE_MIPMAPPED_TEXT': '1', 'SHLVL': '1', 'LD_LIBRARY_PATH': '/opt/ros/jazzy/opt/rviz_ogre_vendor/lib:/opt/ros/jazzy/lib/x86_64-linux-gnu:/opt/ros/jazzy/opt/gz_math_vendor/lib:/opt/ros/jazzy/opt/gz_utils_vendor/lib:/opt/ros/jazzy/opt/gz_cmake_vendor/lib:/opt/ros/jazzy/lib', 'HOME': '/home/yoshida', 'CHROME_DESKTOP': 'cursor.desktop', 'OLDPWD': '/home/yoshida/study/ros2', 'DESKTOP_SESSION': 'ubuntu', 'NVM_BIN': '/home/yoshida/.nvm/versions/node/v22.17.0/bin', 'NVM_INC': '/home/yoshida/.nvm/versions/node/v22.17.0/include/node', 'VSCODE_IPC_HOOK': '/run/user/1000/vscode-3478e029-3.6.-main.sock', 'GIO_LAUNCHED_DESKTOP_FILE': '/usr/share/applications/cursor.desktop', 'ROS_PYTHON_VERSION': '3', 'GNOME_SHELL_SESSION_MODE': 'ubuntu', 'GTK_MODULES': 'gail:atk-bridge', 'SDL_IM_MODULE': 'fcitx', 'CURSOR_ORIG_UID': '1000', 'LC_MONETARY': 'C.UTF-8', 'CURSOR_WORKSPACE_LABEL': 'ros2', 'MANAGERPID': '3078', 'SYSTEMD_EXEC_PID': '4354', 'GSM_SKIP_SSH_AGENT_WORKAROUND': 'true', 'NO_COLOR': '1', 'CONDA_PKGS_DIRS': '/tmp/cursor-sandbox-cache/e93bfa0cd5650c14af4d29d98bf51501/conda', 'DBUS_SESSION_BUS_ADDRESS': 'unix:path=/run/user/1000/bus', 'GIO_LAUNCHED_DESKTOP_FILE_PID': '6278', 'NVM_DIR': '/home/yoshida/.nvm', 'VSCODE_CRASH_REPORTER_PROCESS_TYPE': 'extensionHost', 'DEBUGINFOD_URLS': 'https://debuginfod.ubuntu.com', 'COMPOSER_HOME': '/tmp/cursor-sandbox-cache/e93bfa0cd5650c14af4d29d98bf51501/composer', 'ROS_DISTRO': 'jazzy', 'GTK_IM_MODULE': 'fcitx', 'LOGNAME': 'yoshida', 'FORCE_COLOR': '0', 'JOURNAL_STREAM': '9:26383', 'BUN_INSTALL_CACHE_DIR': '/tmp/cursor-sandbox-cache/e93bfa0cd5650c14af4d29d98bf51501/bun', '_': '/usr/bin/colcon', 'ROS_VERSION': '2', 'MEMORY_PRESSURE_WATCH': '/sys/fs/cgroup/user.slice/user-1000.slice/user@1000.service/session.slice/org.gnome.Shell@x11.service/memory.pressure', 'CURSOR_LAYOUT': 'unifiedAgent', 'GOMODCACHE': '/tmp/cursor-sandbox-cache/e93bfa0cd5650c14af4d29d98bf51501/go-mod', 'XDG_SESSION_CLASS': 'user', 'USERNAME': 'yoshida', 'CP_HOME_DIR': '/tmp/cursor-sandbox-cache/e93bfa0cd5650c14af4d29d98bf51501/cocoapods', 'TERM': 'dumb', 'GNOME_DESKTOP_SESSION_ID': 'this-is-deprecated', 'FC_FONTATIONS': '1', 'WINDOWPATH': '2', 'POETRY_CACHE_DIR': '/tmp/cursor-sandbox-cache/e93bfa0cd5650c14af4d29d98bf51501/poetry', 'PATH': '/home/yoshida/.local/bin:/home/yoshida/.local/bin:/home/yoshida/.platformio/penv/bin:/usr/share/cursor/resources/app/resources/helpers:/home/yoshida/.local/bin:/home/yoshida/.local/bin:/home/yoshida/.platformio/penv/bin:/opt/ros/jazzy/bin:/home/yoshida/.nvm/versions/node/v22.17.0/bin:/home/yoshida/.local/bin:/usr/local/sbin:/usr/local/bin:/usr/sbin:/usr/bin:/sbin:/bin:/usr/games:/usr/local/games:/snap/bin:/snap/bin:/home/yoshida/.dotnet/tools:/home/yoshida/.dotnet/tools:/home/yoshida/.dotnet/tools', 'SESSION_MANAGER': 'local/yoshida-dynabook-XZ-HYL:@/tmp/.ICE-unix/4294,unix/yoshida-dynabook-XZ-HYL:/tmp/.ICE-unix/4294', 'YARN_CACHE_FOLDER': '/tmp/cursor-sandbox-cache/e93bfa0cd5650c14af4d29d98bf51501/yarn', 'INVOCATION_ID': '425eb329c94944de866ade161d412df3', 'PYTHON_EXECUTABLE': '/usr/bin/python3.12', 'PAPERSIZE': 'a4', 'UV_CACHE_DIR': '/tmp/cursor-sandbox-cache/e93bfa0cd5650c14af4d29d98bf51501/uv', 'XDG_MENU_PREFIX': 'gnome-', 'LC_ADDRESS': 'C.UTF-8', 'VSCODE_PROCESS_TITLE': 'extension-host (agent-exec) ros2 [3-12]', 'PLAYWRIGHT_BROWSERS_PATH': '/tmp/cursor-sandbox-cache/e93bfa0cd5650c14af4d29d98bf51501/playwright', 'XDG_RUNTIME_DIR': '/run/user/1000', 'BUNDLE_PATH': '/tmp/cursor-sandbox-cache/e93bfa0cd5650c14af4d29d98bf51501/bundle', 'GDK_BACKEND': 'x11', 'CURSOR_AGENT': '1', 'DISPLAY': ':1', 'HISTSIZE': '10000', 'LANG': 'ja_JP.UTF-8', 'XDG_CURRENT_DESKTOP': 'ubuntu:GNOME', 'DOTNET_BUNDLE_EXTRACT_BASE_DIR': '/home/yoshida/.cache/dotnet_bundle_extract', 'NX_CACHE_DIRECTORY': '/tmp/cursor-sandbox-cache/e93bfa0cd5650c14af4d29d98bf51501/nx', 'LC_TELEPHONE': 'C.UTF-8', 'XMODIFIERS': '@im=fcitx', 'XDG_SESSION_DESKTOP': 'ubuntu', 'XAUTHORITY': '/run/user/1000/gdm/Xauthority', 'LS_COLORS': '', 'SBX_CHROME_API_RQ': '1', 'CYPRESS_CACHE_FOLDER': '/tmp/cursor-sandbox-cache/e93bfa0cd5650c14af4d29d98bf51501/cypress', 'SSH_AUTH_SOCK': '/run/user/1000/keyring/ssh', 'PNPM_STORE_PATH': '/tmp/cursor-sandbox-cache/e93bfa0cd5650c14af4d29d98bf51501/pnpm-store', 'AMENT_PREFIX_PATH': '/opt/ros/jazzy', 'GITLAB_NUGET_USERNAME': 'k-yoshida', 'SHELL': '/bin/bash', 'LC_NAME': 'C.UTF-8', 'GOCACHE': '/tmp/cursor-sandbox-cache/e93bfa0cd5650c14af4d29d98bf51501/go-build', 'QT_ACCESSIBILITY': '1', 'ELECTRON_RUN_AS_NODE': '1', 'GDMSESSION': 'ubuntu', 'LESSCLOSE': '/usr/bin/lesspipe %s %s', 'LC_MEASUREMENT': 'C.UTF-8', 'GPG_AGENT_INFO': '/run/user/1000/gnupg/S.gpg-agent:0:1', 'GJS_DEBUG_OUTPUT': 'stderr', 'LC_IDENTIFICATION': 'C.UTF-8', 'ROS_AUTOMATIC_DISCOVERY_RANGE': 'SUBNET', 'QT_IM_MODULE': 'fcitx', 'NPM_CONFIG_CACHE': '/tmp/cursor-sandbox-cache/e93bfa0cd5650c14af4d29d98bf51501/npm', 'PWD': '/home/yoshida/study/ros2/build/mid360_driver', 'GRADLE_USER_HOME': '/tmp/cursor-sandbox-cache/e93bfa0cd5650c14af4d29d98bf51501/gradle', 'XDG_CONFIG_DIRS': '/etc/xdg/xdg-ubuntu:/etc/xdg', 'VSCODE_CODE_CACHE_PATH': '/home/yoshida/.config/Cursor/CachedData/81fcf2931d7687b4ff3f3017858d0c6dee7e2a60', 'CLUTTER_IM_MODULE': 'xim', 'NVM_CD_FLAGS': '', 'CURSOR_ORIG_GID': '1000', 'XDG_DATA_DIRS': '/usr/share/ubuntu:/usr/share/gnome:/home/yoshida/.local/share/flatpak/exports/share:/var/lib/flatpak/exports/share:/usr/local/share/:/usr/share/:/var/lib/snapd/desktop', 'PYTHONPATH': '/opt/ros/jazzy/lib/python3.12/site-packages', 'HISTFILESIZA': '10000', 'LC_NUMERIC': 'C.UTF-8', 'TURBO_CACHE_DIR': '/tmp/cursor-sandbox-cache/e93bfa0cd5650c14af4d29d98bf51501/turbo', 'LC_PAPER': 'C.UTF-8', 'COLCON': '1', '_ZO_DOCTOR': '0', 'MEMORY_PRESSURE_WRITE': 'c29tZSAyMDAwMDAgMjAwMDAwMAA=', 'Python3_EXECUTABLE': '/usr/bin/python3.12', 'GEM_SPEC_CACHE': '/tmp/cursor-sandbox-cache/e93bfa0cd5650c14af4d29d98bf51501/gem-specs', 'GITLAB_NUGET_TOKEN': 'glpat-yrPkqpheVasHLiCpdhaq', 'CMAKE_PREFIX_PATH': '/opt/ros/jazzy/opt/gz_math_vendor:/opt/ros/jazzy/opt/gz_utils_vendor:/opt/ros/jazzy/opt/gz_cmake_vendor::/home/yoshida/local/:/opt/ros/jazzy', 'VSCODE_PID': '6278'}), 'shell': False}
[15.347226] (mid360_driver) StdoutLine: {'line': b'-- Install configuration: ""\n'}
[15.347526] (mid360_driver) StdoutLine: {'line': b'-- Installing: /home/yoshida/study/ros2/install/mid360_driver/share/ament_index/resource_index/rosidl_interfaces/mid360_driver\n'}
[15.347945] (mid360_driver) StdoutLine: {'line': b'-- Installing: /home/yoshida/study/ros2/install/mid360_driver/share/mid360_driver/msg/Mid360RawPacket.json\n'}
[15.348192] (mid360_driver) StdoutLine: {'line': b'-- Installing: /home/yoshida/study/ros2/install/mid360_driver/share/mid360_driver/msg/Mid360Packet.json\n'}
[15.348366] (mid360_driver) StdoutLine: {'line': b'-- Up-to-date: /home/yoshida/study/ros2/install/mid360_driver/include/mid360_driver/mid360_driver\n'}
[15.348562] (mid360_driver) StdoutLine: {'line': b'-- Up-to-date: /home/yoshida/study/ros2/install/mid360_driver/include/mid360_driver/mid360_driver/msg\n'}
[15.348709] (mid360_driver) StdoutLine: {'line': b'-- Up-to-date: /home/yoshida/study/ros2/install/mid360_driver/include/mid360_driver/mid360_driver/msg/detail\n'}
[15.348841] (mid360_driver) StdoutLine: {'line': b'-- Up-to-date: /home/yoshida/study/ros2/install/mid360_driver/include/mid360_driver/mid360_driver/msg/detail/custom_point__type_support.h\n'}
[15.348961] (mid360_driver) StdoutLine: {'line': b'-- Installing: /home/yoshida/study/ros2/install/mid360_driver/include/mid360_driver/mid360_driver/msg/detail/mid360_raw_packet__functions.h\n'}
[15.349075] (mid360_driver) StdoutLine: {'line': b'-- Installing: /home/yoshida/study/ros2/install/mid360_driver/include/mid360_driver/mid360_driver/msg/detail/mid360_raw_packet__description.c\n'}
[15.349205] (mid360_driver) StdoutLine: {'line': b'-- Installing: /home/yoshida/study/ros2/install/mid360_driver/include/mid360_driver/mid360_driver/msg/detail/mid360_raw_packet__functions.c\n'}
[15.349323] (mid360_driver) StdoutLine: {'line': b'-- Up-to-date: /home/yoshida/study/ros2/install/mid360_driver/include/mid360_driver/mid360_driver/msg/detail/custom_msg__description.c\n'}
[15.349435] (mid360_driver) StdoutLine: {'line': b'-- Installing: /home/yoshida/study/ros2/install/mid360_driver/include/mid360_driver/mid360_driver/msg/detail/mid360_packet__functions.c\n'}
[15.349547] (mid360_driver) StdoutLine: {'line': b'-- Up-to-date: /home/yoshida/study/ros2/install/mid360_driver/include/mid360_driver/mid360_driver/msg/detail/custom_point__type_support.c\n'}
[15.349659] (mid360_driver) StdoutLine: {'line': b'-- Installing: /home/yoshida/study/ros2/install/mid360_driver/include/mid360_driver/mid360_driver/msg/detail/mid360_packet__description.c\n'}
[15.349770] (mid360_driver) StdoutLine: {'line': b'-- Up-to-date: /home/yoshida/study/ros2/install/mid360_driver/include/mid360_driver/mid360_driver/msg/detail/custom_msg__functions.c\n'}
[15.349880] (mid360_driver) StdoutLine: {'line': b'-- Up-to-date: /home/yoshida/study/ros2/install/mid360_driver/include/mid360_driver/mid360_driver/msg/detail/custom_point__functions.c\n'}
[15.349998] (mid360_driver) StdoutLine: {'line': b'-- Installing: /home/yoshida/study/ros2/install/mid360_driver/include/mid360_driver/mid360_driver/msg/detail/mid360_packet__functions.h\n'}
[15.350109] (mid360_driver) StdoutLine: {'line': b'-- Installing: /home/yoshida/study/ros2/install/mid360_driver/include/mid360_driver/mid360_driver/msg/detail/mid360_packet__struct.h\n'}
[15.350240] (mid360_driver) StdoutLine: {'line': b'-- Up-to-date: /home/yoshida/study/ros2/install/mid360_driver/include/mid360_driver/mid360_driver/msg/detail/custom_msg__type_support.c\n'}
[15.350361] (mid360_driver) StdoutLine: {'line': b'-- Up-to-date: /home/yoshida/study/ros2/install/mid360_driver/include/mid360_driver/mid360_driver/msg/detail/custom_msg__type_support.h\n'}
[15.350494] (mid360_driver) StdoutLine: {'line': b'-- Installing: /home/yoshida/study/ros2/install/mid360_driver/include/mid360_driver/mid360_driver/msg/detail/mid360_raw_packet__type_support.c\n'}
[15.350613] (mid360_driver) StdoutLine: {'line': b'-- Up-to-date: /home/yoshida/study/ros2/install/mid360_driver/include/mid360_driver/mid360_driver/msg/detail/custom_msg__functions.h\n'}
[15.350735] (mid360_driver) StdoutLine: {'line': b'-- Up-to-date: /home/yoshida/study/ros2/install/mid360_driver/include/mid360_driver/mid360_driver/msg/detail/custom_msg__struct.h\n'}
[15.350854] (mid360_driver) StdoutLine: {'line': b'-- Installing: /home/yoshida/study/ros2/install/mid360_driver/include/mid360_driver/mid360_driver/msg/detail/mid360_packet__type_support.h\n'}
[15.350973] (mid360_driver) StdoutLine: {'line': b'-- Up-to-date: /home/yoshida/study/ros2/install/mid360_driver/include/mid360_driver/mid360_driver/msg/detail/custom_point__struct.h\n'}
[15.351091] (mid360_driver) StdoutLine: {'line': b'-- Installing: /home/yoshida/study/ros2/install/mid360_driver/include/mid360_driver/mid360_driver/msg/detail/mid360_packet__type_support.c\n'}
[15.351220] (mid360_driver) StdoutLine: {'line': b'-- Installing: /home/yoshida/study/ros2/install/mid360_driver/include/mid360_driver/mid360_driver/msg/detail/mid360_raw_packet__type_support.h\n'}
[15.351348] (mid360_driver) StdoutLine: {'line': b'-- Up-to-date: /home/yoshida/study/ros2/install/mid360_driver/include/mid360_driver/mid360_driver/msg/detail/custom_point__description.c\n'}
[15.351467] (mid360_driver) StdoutLine: {'line': b'-- Installing: /home/yoshida/study/ros2/install/mid360_driver/include/mid360_driver/mid360_driver/msg/detail/mid360_raw_packet__struct.h\n'}
[15.351585] (mid360_driver) StdoutLine: {'line': b'-- Up-to-date: /home/yoshida/study/ros2/install/mid360_driver/include/mid360_driver/mid360_driver/msg/detail/custom_point__functions.h\n'}
[15.351702] (mid360_driver) StdoutLine: {'line': b'-- Up-to-date: /home/yoshida/study/ros2/install/mid360_driver/include/mid360_driver/mid360_driver/msg/rosidl_generator_c__visibility_control.h\n'}
[15.351823] (mid360_driver) StdoutLine: {'line': b'-- Installing: /home/yoshida/study/ros2/install/mid360_driver/include/mid360_driver/mid360_driver/msg/mid360_raw_packet.h\n'}
[15.351945] (mid360_driver) StdoutLine: {'line': b'-- Installing: /home/yoshida/study/ros2/install/mid360_driver/include/mid360_driver/mid360_driver/msg/mid360_packet.h\n'}
[15.352198] (mid360_driver) StdoutLine: {'line': b'-- Up-to-date: /home/yoshida/study/ros2/install/mid360_driver/include/mid360_driver/mid360_driver/msg/custom_point.h\n'}
[15.352520] (mid360_driver) StdoutLine: {'line': b'-- Up-to-date: /home/yoshida/study/ros2/install/mid360_driver/include/mid360_driver/mid360_driver/msg/custom_msg.h\n'}
[15.352759] (mid360_driver) StdoutLine: {'line': b'-- Up-to-date: /home/yoshida/study/ros2/install/mid360_driver/share/mid360_driver/environment/library_path.sh\n'}
[15.352888] (mid360_driver) StdoutLine: {'line': b'-- Up-to-date: /home/yoshida/study/ros2/install/mid360_driver/share/mid360_driver/environment/library_path.dsv\n'}
[15.353016] (mid360_driver) StdoutLine: {'line': b'-- Installing: /home/yoshida/study/ros2/install/mid360_driver/lib/libmid360_driver__rosidl_generator_c.so\n'}
[15.353151] (mid360_driver) StdoutLine: {'line': b'-- Set non-toolchain portion of runtime path of "/home/yoshida/study/ros2/install/mid360_driver/lib/libmid360_driver__rosidl_generator_c.so" to ""\n'}
[15.353294] (mid360_driver) StdoutLine: {'line': b'-- Up-to-date: /home/yoshida/study/ros2/install/mid360_driver/include/mid360_driver/mid360_driver\n'}
[15.353420] (mid360_driver) StdoutLine: {'line': b'-- Up-to-date: /home/yoshida/study/ros2/install/mid360_driver/include/mid360_driver/mid360_driver/msg\n'}
[15.353533] (mid360_driver) StdoutLine: {'line': b'-- Up-to-date: /home/yoshida/study/ros2/install/mid360_driver/include/mid360_driver/mid360_driver/msg/detail\n'}
[15.353647] (mid360_driver) StdoutLine: {'line': b'-- Up-to-date: /home/yoshida/study/ros2/install/mid360_driver/include/mid360_driver/mid360_driver/msg/detail/custom_msg__rosidl_typesupport_fastrtps_c.h\n'}
[15.353760] (mid360_driver) StdoutLine: {'line': b'-- Up-to-date: /home/yoshida/study/ros2/install/mid360_driver/include/mid360_driver/mid360_driver/msg/detail/custom_point__rosidl_typesupport_fastrtps_c.h\n'}
[15.353870] (mid360_driver) StdoutLine: {'line': b'-- Installing: /home/yoshida/study/ros2/install/mid360_driver/include/mid360_driver/mid360_driver/msg/detail/mid360_raw_packet__rosidl_typesupport_fastrtps_c.h\n'}
[15.353982] (mid360_driver) StdoutLine: {'line': b'-- Installing: /home/yoshida/study/ros2/install/mid360_driver/include/mid360_driver/mid360_driver/msg/detail/mid360_packet__rosidl_typesupport_fastrtps_c.h\n'}
[15.354092] (mid360_driver) StdoutLine: {'line': b'-- Up-to-date: /home/yoshida/study/ros2/install/mid360_driver/include/mid360_driver/mid360_driver/msg/rosidl_typesupport_fastrtps_c__visibility_control.h\n'}
[15.355794] (mid360_driver) StdoutLine: {'line': b'-- Installing: /home/yoshida/study/ros2/install/mid360_driver/lib/libmid360_driver__rosidl_typesupport_fastrtps_c.so\n'}
[15.356219] (mid360_driver) StdoutLine: {'line': b'-- Set non-toolchain portion of runtime path of "/home/yoshida/study/ros2/install/mid360_driver/lib/libmid360_driver__rosidl_typesupport_fastrtps_c.so" to ""\n'}
[15.356622] (mid360_driver) StdoutLine: {'line': b'-- Up-to-date: /home/yoshida/study/ros2/install/mid360_driver/include/mid360_driver/mid360_driver\n'}
[15.357249] (mid360_driver) StdoutLine: {'line': b'-- Up-to-date: /home/yoshida/study/ros2/install/mid360_driver/include/mid360_driver/mid360_driver/msg\n'}
[15.357372] (mid360_driver) StdoutLine: {'line': b'-- Up-to-date: /home/yoshida/study/ros2/install/mid360_driver/include/mid360_driver/mid360_driver/msg/custom_point.hpp\n'}
[15.357478] (mid360_driver) StdoutLine: {'line': b'-- Up-to-date: /home/yoshida/study/ros2/install/mid360_driver/include/mid360_driver/mid360_driver/msg/detail\n'}
[15.357590] (mid360_driver) StdoutLine: {'line': b'-- Up-to-date: /home/yoshida/study/ros2/install/mid360_driver/include/mid360_driver/mid360_driver/msg/detail/custom_point__struct.hpp\n'}
[15.357702] (mid360_driver) StdoutLine: {'line': b'-- Installing: /home/yoshida/study/ros2/install/mid360_driver/include/mid360_driver/mid360_driver/msg/detail/mid360_raw_packet__traits.hpp\n'}
[15.357809] (mid360_driver) StdoutLine: {'line': b'-- Installing: /home/yoshida/study/ros2/install/mid360_driver/include/mid360_driver/mid360_driver/msg/detail/mid360_packet__traits.hpp\n'}
[15.357920] (mid360_driver) StdoutLine: {'line': b'-- Up-to-date: /home/yoshida/study/ros2/install/mid360_driver/include/mid360_driver/mid360_driver/msg/detail/custom_msg__type_support.hpp\n'}
[15.358030] (mid360_driver) StdoutLine: {'line': b'-- Up-to-date: /home/yoshida/study/ros2/install/mid360_driver/include/mid360_driver/mid360_driver/msg/detail/custom_point__type_support.hpp\n'}
[15.358142] (mid360_driver) StdoutLine: {'line': b'-- Up-to-date: /home/yoshida/study/ros2/install/mid360_driver/include/mid360_driver/mid360_driver/msg/detail/custom_point__traits.hpp\n'}
[15.358273] (mid360_driver) StdoutLine: {'line': b'-- Installing: /home/yoshida/study/ros2/install/mid360_driver/include/mid360_driver/mid360_driver/msg/detail/mid360_raw_packet__type_support.hpp\n'}
[15.358400] (mid360_driver) StdoutLine: {'line': b'-- Installing: /home/yoshida/study/ros2/install/mid360_driver/include/mid360_driver/mid360_driver/msg/detail/mid360_packet__struct.hpp\n'}
[15.358514] (mid360_driver) StdoutLine: {'line': b'-- Up-to-date: /home/yoshida/study/ros2/install/mid360_driver/include/mid360_driver/mid360_driver/msg/detail/custom_msg__traits.hpp\n'}
[15.358625] (mid360_driver) StdoutLine: {'line': b'-- Up-to-date: /home/yoshida/study/ros2/install/mid360_driver/include/mid360_driver/mid360_driver/msg/detail/custom_msg__struct.hpp\n'}
[15.358733] (mid360_driver) StdoutLine: {'line': b'-- Installing: /home/yoshida/study/ros2/install/mid360_driver/include/mid360_driver/mid360_driver/msg/detail/mid360_packet__type_support.hpp\n'}
[15.358844] (mid360_driver) StdoutLine: {'line': b'-- Up-to-date: /home/yoshida/study/ros2/install/mid360_driver/include/mid360_driver/mid360_driver/msg/detail/custom_msg__builder.hpp\n'}
[15.358950] (mid360_driver) StdoutLine: {'line': b'-- Installing: /home/yoshida/study/ros2/install/mid360_driver/include/mid360_driver/mid360_driver/msg/detail/mid360_raw_packet__struct.hpp\n'}
[15.359056] (mid360_driver) StdoutLine: {'line': b'-- Installing: /home/yoshida/study/ros2/install/mid360_driver/include/mid360_driver/mid360_driver/msg/detail/mid360_raw_packet__builder.hpp\n'}
[15.359162] (mid360_driver) StdoutLine: {'line': b'-- Installing: /home/yoshida/study/ros2/install/mid360_driver/include/mid360_driver/mid360_driver/msg/detail/mid360_packet__builder.hpp\n'}
[15.359274] (mid360_driver) StdoutLine: {'line': b'-- Up-to-date: /home/yoshida/study/ros2/install/mid360_driver/include/mid360_driver/mid360_driver/msg/detail/custom_point__builder.hpp\n'}
[15.359379] (mid360_driver) StdoutLine: {'line': b'-- Installing: /home/yoshida/study/ros2/install/mid360_driver/include/mid360_driver/mid360_driver/msg/mid360_raw_packet.hpp\n'}
[15.359484] (mid360_driver) StdoutLine: {'line': b'-- Installing: /home/yoshida/study/ros2/install/mid360_driver/include/mid360_driver/mid360_driver/msg/mid360_packet.hpp\n'}
[15.359590] (mid360_driver) StdoutLine: {'line': b'-- Installing: /home/yoshida/study/ros2/install/mid360_driver/include/mid360_driver/mid360_driver/msg/rosidl_generator_cpp__visibility_control.hpp\n'}
[15.359697] (mid360_driver) StdoutLine: {'line': b'-- Up-to-date: /home/yoshida/study/ros2/install/mid360_driver/include/mid360_driver/mid360_driver/msg/custom_msg.hpp\n'}
[15.359805] (mid360_driver) StdoutLine: {'line': b'-- Up-to-date: /home/yoshida/study/ros2/install/mid360_driver/include/mid360_driver/mid360_driver\n'}
[15.359910] (mid360_driver) StdoutLine: {'line': b'-- Up-to-date: /home/yoshida/study/ros2/install/mid360_driver/include/mid360_driver/mid360_driver/msg\n'}
[15.360016] (mid360_driver) StdoutLine: {'line': b'-- Up-to-date: /home/yoshida/study/ros2/install/mid360_driver/include/mid360_driver/mid360_driver/msg/detail\n'}
[15.360122] (mid360_driver) StdoutLine: {'line': b'-- Installing: /home/yoshida/study/ros2/install/mid360_driver/include/mid360_driver/mid360_driver/msg/detail/mid360_packet__rosidl_typesupport_fastrtps_cpp.hpp\n'}
[15.360233] (mid360_driver) StdoutLine: {'line': b'-- Installing: /home/yoshida/study/ros2/install/mid360_driver/include/mid360_driver/mid360_driver/msg/detail/mid360_raw_packet__rosidl_typesupport_fastrtps_cpp.hpp\n'}
[15.360338] (mid360_driver) StdoutLine: {'line': b'-- Up-to-date: /home/yoshida/study/ros2/install/mid360_driver/include/mid360_driver/mid360_driver/msg/detail/custom_msg__rosidl_typesupport_fastrtps_cpp.hpp\n'}
[15.360443] (mid360_driver) StdoutLine: {'line': b'-- Up-to-date: /home/yoshida/study/ros2/install/mid360_driver/include/mid360_driver/mid360_driver/msg/detail/dds_fastrtps\n'}
[15.360552] (mid360_driver) StdoutLine: {'line': b'-- Up-to-date: /home/yoshida/study/ros2/install/mid360_driver/include/mid360_driver/mid360_driver/msg/detail/custom_point__rosidl_typesupport_fastrtps_cpp.hpp\n'}
[15.360739] (mid360_driver) StdoutLine: {'line': b'-- Up-to-date: /home/yoshida/study/ros2/install/mid360_driver/include/mid360_driver/mid360_driver/msg/rosidl_typesupport_fastrtps_cpp__visibility_control.h\n'}
[15.360884] (mid360_driver) StdoutLine: {'line': b'-- Installing: /home/yoshida/study/ros2/install/mid360_driver/lib/libmid360_driver__rosidl_typesupport_fastrtps_cpp.so\n'}
[15.361120] (mid360_driver) StdoutLine: {'line': b'-- Set non-toolchain portion of runtime path of "/home/yoshida/study/ros2/install/mid360_driver/lib/libmid360_driver__rosidl_typesupport_fastrtps_cpp.so" to ""\n'}
[15.361305] (mid360_driver) StdoutLine: {'line': b'-- Up-to-date: /home/yoshida/study/ros2/install/mid360_driver/include/mid360_driver/mid360_driver\n'}
[15.361355] (mid360_driver) StdoutLine: {'line': b'-- Up-to-date: /home/yoshida/study/ros2/install/mid360_driver/include/mid360_driver/mid360_driver/msg\n'}
[15.361400] (mid360_driver) StdoutLine: {'line': b'-- Up-to-date: /home/yoshida/study/ros2/install/mid360_driver/include/mid360_driver/mid360_driver/msg/detail\n'}
[15.361443] (mid360_driver) StdoutLine: {'line': b'-- Up-to-date: /home/yoshida/study/ros2/install/mid360_driver/include/mid360_driver/mid360_driver/msg/detail/custom_point__rosidl_typesupport_introspection_c.h\n'}
[15.361483] (mid360_driver) StdoutLine: {'line': b'-- Up-to-date: /home/yoshida/study/ros2/install/mid360_driver/include/mid360_driver/mid360_driver/msg/detail/custom_point__type_support.c\n'}
[15.361526] (mid360_driver) StdoutLine: {'line': b'-- Up-to-date: /home/yoshida/study/ros2/install/mid360_driver/include/mid360_driver/mid360_driver/msg/detail/custom_msg__type_support.c\n'}
[15.361567] (mid360_driver) StdoutLine: {'line': b'-- Up-to-date: /home/yoshida/study/ros2/install/mid360_driver/include/mid360_driver/mid360_driver/msg/detail/mid360_raw_packet__type_support.c\n'}
[15.361607] (mid360_driver) StdoutLine: {'line': b'-- Up-to-date: /home/yoshida/study/ros2/install/mid360_driver/include/mid360_driver/mid360_driver/msg/detail/mid360_packet__type_support.c\n'}
[15.361646] (mid360_driver) StdoutLine: {'line': b'-- Up-to-date: /home/yoshida/study/ros2/install/mid360_driver/include/mid360_driver/mid360_driver/msg/detail/custom_msg__rosidl_typesupport_introspection_c.h\n'}
[15.361688] (mid360_driver) StdoutLine: {'line': b'-- Installing: /home/yoshida/study/ros2/install/mid360_driver/include/mid360_driver/mid360_driver/msg/detail/mid360_packet__rosidl_typesupport_introspection_c.h\n'}
[15.361726] (mid360_driver) StdoutLine: {'line': b'-- Installing: /home/yoshida/study/ros2/install/mid360_driver/include/mid360_driver/mid360_driver/msg/detail/mid360_raw_packet__rosidl_typesupport_introspection_c.h\n'}
[15.361767] (mid360_driver) StdoutLine: {'line': b'-- Up-to-date: /home/yoshida/study/ros2/install/mid360_driver/include/mid360_driver/mid360_driver/msg/rosidl_typesupport_introspection_c__visibility_control.h\n'}
[15.364372] (mid360_driver) StdoutLine: {'line': b'-- Installing: /home/yoshida/study/ros2/install/mid360_driver/lib/libmid360_driver__rosidl_typesupport_introspection_c.so\n'}
[15.364633] (mid360_driver) StdoutLine: {'line': b'-- Set non-toolchain portion of runtime path of "/home/yoshida/study/ros2/install/mid360_driver/lib/libmid360_driver__rosidl_typesupport_introspection_c.so" to ""\n'}
[15.366760] (mid360_driver) StdoutLine: {'line': b'-- Installing: /home/yoshida/study/ros2/install/mid360_driver/lib/libmid360_driver__rosidl_typesupport_c.so\n'}
[15.366974] (mid360_driver) StdoutLine: {'line': b'-- Set non-toolchain portion of runtime path of "/home/yoshida/study/ros2/install/mid360_driver/lib/libmid360_driver__rosidl_typesupport_c.so" to ""\n'}
[15.367136] (mid360_driver) StdoutLine: {'line': b'-- Up-to-date: /home/yoshida/study/ros2/install/mid360_driver/include/mid360_driver/mid360_driver\n'}
[15.367291] (mid360_driver) StdoutLine: {'line': b'-- Up-to-date: /home/yoshida/study/ros2/install/mid360_driver/include/mid360_driver/mid360_driver/msg\n'}
[15.367402] (mid360_driver) StdoutLine: {'line': b'-- Up-to-date: /home/yoshida/study/ros2/install/mid360_driver/include/mid360_driver/mid360_driver/msg/detail\n'}
[15.367521] (mid360_driver) StdoutLine: {'line': b'-- Installing: /home/yoshida/study/ros2/install/mid360_driver/include/mid360_driver/mid360_driver/msg/detail/mid360_raw_packet__rosidl_typesupport_introspection_cpp.hpp\n'}
[15.367629] (mid360_driver) StdoutLine: {'line': b'-- Installing: /home/yoshida/study/ros2/install/mid360_driver/include/mid360_driver/mid360_driver/msg/detail/mid360_raw_packet__type_support.cpp\n'}
[15.367735] (mid360_driver) StdoutLine: {'line': b'-- Installing: /home/yoshida/study/ros2/install/mid360_driver/include/mid360_driver/mid360_driver/msg/detail/mid360_packet__rosidl_typesupport_introspection_cpp.hpp\n'}
[15.367840] (mid360_driver) StdoutLine: {'line': b'-- Up-to-date: /home/yoshida/study/ros2/install/mid360_driver/include/mid360_driver/mid360_driver/msg/detail/custom_msg__rosidl_typesupport_introspection_cpp.hpp\n'}
[15.367944] (mid360_driver) StdoutLine: {'line': b'-- Installing: /home/yoshida/study/ros2/install/mid360_driver/include/mid360_driver/mid360_driver/msg/detail/mid360_packet__type_support.cpp\n'}
[15.368050] (mid360_driver) StdoutLine: {'line': b'-- Up-to-date: /home/yoshida/study/ros2/install/mid360_driver/include/mid360_driver/mid360_driver/msg/detail/custom_point__type_support.cpp\n'}
[15.368154] (mid360_driver) StdoutLine: {'line': b'-- Up-to-date: /home/yoshida/study/ros2/install/mid360_driver/include/mid360_driver/mid360_driver/msg/detail/custom_msg__type_support.cpp\n'}
[15.368290] (mid360_driver) StdoutLine: {'line': b'-- Up-to-date: /home/yoshida/study/ros2/install/mid360_driver/include/mid360_driver/mid360_driver/msg/detail/custom_point__rosidl_typesupport_introspection_cpp.hpp\n'}
[15.368402] (mid360_driver) StdoutLine: {'line': b'-- Installing: /home/yoshida/study/ros2/install/mid360_driver/lib/libmid360_driver__rosidl_typesupport_introspection_cpp.so\n'}
[15.368543] (mid360_driver) StdoutLine: {'line': b'-- Set non-toolchain portion of runtime path of "/home/yoshida/study/ros2/install/mid360_driver/lib/libmid360_driver__rosidl_typesupport_introspection_cpp.so" to ""\n'}
[15.369832] (mid360_driver) StdoutLine: {'line': b'-- Installing: /home/yoshida/study/ros2/install/mid360_driver/lib/libmid360_driver__rosidl_typesupport_cpp.so\n'}
[15.370287] (mid360_driver) StdoutLine: {'line': b'-- Set non-toolchain portion of runtime path of "/home/yoshida/study/ros2/install/mid360_driver/lib/libmid360_driver__rosidl_typesupport_cpp.so" to ""\n'}
[15.370511] (mid360_driver) StdoutLine: {'line': b'-- Up-to-date: /home/yoshida/study/ros2/install/mid360_driver/share/mid360_driver/environment/pythonpath.sh\n'}
[15.370677] (mid360_driver) StdoutLine: {'line': b'-- Up-to-date: /home/yoshida/study/ros2/install/mid360_driver/share/mid360_driver/environment/pythonpath.dsv\n'}
[15.370839] (mid360_driver) StdoutLine: {'line': b'-- Installing: /home/yoshida/study/ros2/install/mid360_driver/lib/python3.12/site-packages/mid360_driver-0.2.0-py3.12.egg-info\n'}
[15.370984] (mid360_driver) StdoutLine: {'line': b'-- Installing: /home/yoshida/study/ros2/install/mid360_driver/lib/python3.12/site-packages/mid360_driver-0.2.0-py3.12.egg-info/PKG-INFO\n'}
[15.371089] (mid360_driver) StdoutLine: {'line': b'-- Installing: /home/yoshida/study/ros2/install/mid360_driver/lib/python3.12/site-packages/mid360_driver-0.2.0-py3.12.egg-info/dependency_links.txt\n'}
[15.371210] (mid360_driver) StdoutLine: {'line': b'-- Installing: /home/yoshida/study/ros2/install/mid360_driver/lib/python3.12/site-packages/mid360_driver-0.2.0-py3.12.egg-info/top_level.txt\n'}
[15.371317] (mid360_driver) StdoutLine: {'line': b'-- Installing: /home/yoshida/study/ros2/install/mid360_driver/lib/python3.12/site-packages/mid360_driver-0.2.0-py3.12.egg-info/SOURCES.txt\n'}
[15.371422] (mid360_driver) StdoutLine: {'line': b'-- Up-to-date: /home/yoshida/study/ros2/install/mid360_driver/lib/python3.12/site-packages/mid360_driver\n'}
[15.371527] (mid360_driver) StdoutLine: {'line': b'-- Installing: /home/yoshida/study/ros2/install/mid360_driver/lib/python3.12/site-packages/mid360_driver/mid360_driver_s__rosidl_typesupport_introspection_c.so\n'}
[15.371640] (mid360_driver) StdoutLine: {'line': b'-- Installing: /home/yoshida/study/ros2/install/mid360_driver/lib/python3.12/site-packages/mid360_driver/__init__.py\n'}
[15.371753] (mid360_driver) StdoutLine: {'line': b'-- Installing: /home/yoshida/study/ros2/install/mid360_driver/lib/python3.12/site-packages/mid360_driver/mid360_driver_s__rosidl_typesupport_c.so\n'}
[15.371865] (mid360_driver) StdoutLine: {'line': b'-- Installing: /home/yoshida/study/ros2/install/mid360_driver/lib/python3.12/site-packages/mid360_driver/_mid360_driver_s.ep.rosidl_typesupport_c.c\n'}
[15.371975] (mid360_driver) StdoutLine: {'line': b'-- Installing: /home/yoshida/study/ros2/install/mid360_driver/lib/python3.12/site-packages/mid360_driver/mid360_driver_s__rosidl_typesupport_fastrtps_c.so\n'}
[15.372094] (mid360_driver) StdoutLine: {'line': b'-- Installing: /home/yoshida/study/ros2/install/mid360_driver/lib/python3.12/site-packages/mid360_driver/_mid360_driver_s.ep.rosidl_typesupport_introspection_c.c\n'}
[15.372235] (mid360_driver) StdoutLine: {'line': b'-- Installing: /home/yoshida/study/ros2/install/mid360_driver/lib/python3.12/site-packages/mid360_driver/_mid360_driver_s.ep.rosidl_typesupport_fastrtps_c.c\n'}
[15.372349] (mid360_driver) StdoutLine: {'line': b'-- Up-to-date: /home/yoshida/study/ros2/install/mid360_driver/lib/python3.12/site-packages/mid360_driver/msg\n'}
[15.372460] (mid360_driver) StdoutLine: {'line': b'-- Installing: /home/yoshida/study/ros2/install/mid360_driver/lib/python3.12/site-packages/mid360_driver/msg/_mid360_raw_packet_s.c\n'}
[15.372565] (mid360_driver) StdoutLine: {'line': b'-- Installing: /home/yoshida/study/ros2/install/mid360_driver/lib/python3.12/site-packages/mid360_driver/msg/__init__.py\n'}
[15.372670] (mid360_driver) StdoutLine: {'line': b'-- Up-to-date: /home/yoshida/study/ros2/install/mid360_driver/lib/python3.12/site-packages/mid360_driver/msg/_custom_point_s.c\n'}
[15.372786] (mid360_driver) StdoutLine: {'line': b'-- Up-to-date: /home/yoshida/study/ros2/install/mid360_driver/lib/python3.12/site-packages/mid360_driver/msg/_custom_msg_s.c\n'}
[15.372902] (mid360_driver) StdoutLine: {'line': b'-- Installing: /home/yoshida/study/ros2/install/mid360_driver/lib/python3.12/site-packages/mid360_driver/msg/_mid360_packet_s.c\n'}
[15.373013] (mid360_driver) StdoutLine: {'line': b'-- Up-to-date: /home/yoshida/study/ros2/install/mid360_driver/lib/python3.12/site-packages/mid360_driver/msg/_custom_point.py\n'}
[15.373123] (mid360_driver) StdoutLine: {'line': b'-- Up-to-date: /home/yoshida/study/ros2/install/mid360_driver/lib/python3.12/site-packages/mid360_driver/msg/_custom_msg.py\n'}
[15.373243] (mid360_driver) StdoutLine: {'line': b'-- Installing: /home/yoshida/study/ros2/install/mid360_driver/lib/python3.12/site-packages/mid360_driver/msg/_mid360_packet.py\n'}
[15.373348] (mid360_driver) StdoutLine: {'line': b'-- Installing: /home/yoshida/study/ros2/install/mid360_driver/lib/python3.12/site-packages/mid360_driver/msg/_mid360_raw_packet.py\n'}
[15.410046] (mid360_driver) StdoutLine: {'line': b"Listing '/home/yoshida/study/ros2/install/mid360_driver/lib/python3.12/site-packages/mid360_driver'...\n"}
[15.410296] (mid360_driver) StdoutLine: {'line': b"Compiling '/home/yoshida/study/ros2/install/mid360_driver/lib/python3.12/site-packages/mid360_driver/__init__.py'...\n"}
[15.410417] (mid360_driver) StdoutLine: {'line': b"Listing '/home/yoshida/study/ros2/install/mid360_driver/lib/python3.12/site-packages/mid360_driver/msg'...\n"}
[15.410544] (mid360_driver) StdoutLine: {'line': b"Compiling '/home/yoshida/study/ros2/install/mid360_driver/lib/python3.12/site-packages/mid360_driver/msg/__init__.py'...\n"}
[15.410752] (mid360_driver) StdoutLine: {'line': b"Compiling '/home/yoshida/study/ros2/install/mid360_driver/lib/python3.12/site-packages/mid360_driver/msg/_mid360_packet.py'...\n"}
[15.410841] (mid360_driver) StdoutLine: {'line': b"Compiling '/home/yoshida/study/ros2/install/mid360_driver/lib/python3.12/site-packages/mid360_driver/msg/_mid360_raw_packet.py'...\n"}
[15.416008] (mid360_driver) StdoutLine: {'line': b'-- Installing: /home/yoshida/study/ros2/install/mid360_driver/lib/python3.12/site-packages/mid360_driver/mid360_driver_s__rosidl_typesupport_fastrtps_c.so\n'}
[15.416238] (mid360_driver) StdoutLine: {'line': b'-- Set non-toolchain portion of runtime path of "/home/yoshida/study/ros2/install/mid360_driver/lib/python3.12/site-packages/mid360_driver/mid360_driver_s__rosidl_typesupport_fastrtps_c.so" to ""\n'}
[15.416295] (mid360_driver) StdoutLine: {'line': b'-- Installing: /home/yoshida/study/ros2/install/mid360_driver/lib/python3.12/site-packages/mid360_driver/mid360_driver_s__rosidl_typesupport_introspection_c.so\n'}
[15.416470] (mid360_driver) StdoutLine: {'line': b'-- Set non-toolchain portion of runtime path of "/home/yoshida/study/ros2/install/mid360_driver/lib/python3.12/site-packages/mid360_driver/mid360_driver_s__rosidl_typesupport_introspection_c.so" to ""\n'}
[15.416577] (mid360_driver) StdoutLine: {'line': b'-- Installing: /home/yoshida/study/ros2/install/mid360_driver/lib/python3.12/site-packages/mid360_driver/mid360_driver_s__rosidl_typesupport_c.so\n'}
[15.416719] (mid360_driver) StdoutLine: {'line': b'-- Set non-toolchain portion of runtime path of "/home/yoshida/study/ros2/install/mid360_driver/lib/python3.12/site-packages/mid360_driver/mid360_driver_s__rosidl_typesupport_c.so" to ""\n'}
[15.417046] (mid360_driver) StdoutLine: {'line': b'-- Installing: /home/yoshida/study/ros2/install/mid360_driver/lib/libmid360_driver__rosidl_generator_py.so\n'}
[15.417188] (mid360_driver) StdoutLine: {'line': b'-- Set non-toolchain portion of runtime path of "/home/yoshida/study/ros2/install/mid360_driver/lib/libmid360_driver__rosidl_generator_py.so" to ""\n'}
[15.417258] (mid360_driver) StdoutLine: {'line': b'-- Installing: /home/yoshida/study/ros2/install/mid360_driver/share/mid360_driver/msg/Mid360RawPacket.idl\n'}
[15.417321] (mid360_driver) StdoutLine: {'line': b'-- Installing: /home/yoshida/study/ros2/install/mid360_driver/share/mid360_driver/msg/Mid360Packet.idl\n'}
[15.417379] (mid360_driver) StdoutLine: {'line': b'-- Installing: /home/yoshida/study/ros2/install/mid360_driver/share/mid360_driver/msg/Mid360RawPacket.msg\n'}
[15.417434] (mid360_driver) StdoutLine: {'line': b'-- Installing: /home/yoshida/study/ros2/install/mid360_driver/share/mid360_driver/msg/Mid360Packet.msg\n'}
[15.417649] (mid360_driver) StdoutLine: {'line': b'-- Installing: /home/yoshida/study/ros2/install/mid360_driver/lib/libmid360_driver_core.so\n'}
[15.419400] (mid360_driver) StdoutLine: {'line': b'-- Set non-toolchain portion of runtime path of "/home/yoshida/study/ros2/install/mid360_driver/lib/libmid360_driver_core.so" to ""\n'}
[15.419871] (mid360_driver) StdoutLine: {'line': b'-- Installing: /home/yoshida/study/ros2/install/mid360_driver/lib/mid360_driver/mid360_driver_node\n'}
[15.420118] (mid360_driver) StdoutLine: {'line': b'-- Set non-toolchain portion of runtime path of "/home/yoshida/study/ros2/install/mid360_driver/lib/mid360_driver/mid360_driver_node" to ""\n'}
[15.420192] (mid360_driver) StdoutLine: {'line': b'-- Installing: /home/yoshida/study/ros2/install/mid360_driver/lib/mid360_driver/mid360_packet_to_cloud_node\n'}
[15.423262] (mid360_driver) StdoutLine: {'line': b'-- Set non-toolchain portion of runtime path of "/home/yoshida/study/ros2/install/mid360_driver/lib/mid360_driver/mid360_packet_to_cloud_node" to ""\n'}
[15.423368] (mid360_driver) StdoutLine: {'line': b'-- Up-to-date: /home/yoshida/study/ros2/install/mid360_driver/include\n'}
[15.423434] (mid360_driver) StdoutLine: {'line': b'-- Installing: /home/yoshida/study/ros2/install/mid360_driver/include/mid360\n'}
[15.423472] (mid360_driver) StdoutLine: {'line': b'-- Installing: /home/yoshida/study/ros2/install/mid360_driver/include/mid360/crc.hpp\n'}
[15.423536] (mid360_driver) StdoutLine: {'line': b'-- Installing: /home/yoshida/study/ros2/install/mid360_driver/include/mid360/sdk_protocol.hpp\n'}
[15.423608] (mid360_driver) StdoutLine: {'line': b'-- Installing: /home/yoshida/study/ros2/install/mid360_driver/include/mid360/livox_protocol.hpp\n'}
[15.423673] (mid360_driver) StdoutLine: {'line': b'-- Installing: /home/yoshida/study/ros2/install/mid360_driver/include/mid360/packet_codec.hpp\n'}
[15.423745] (mid360_driver) StdoutLine: {'line': b'-- Installing: /home/yoshida/study/ros2/install/mid360_driver/include/mid360/mid360_driver.hpp\n'}
[15.423784] (mid360_driver) StdoutLine: {'line': b'-- Up-to-date: /home/yoshida/study/ros2/install/mid360_driver/share/mid360_driver/launch\n'}
[15.423822] (mid360_driver) StdoutLine: {'line': b'-- Installing: /home/yoshida/study/ros2/install/mid360_driver/share/mid360_driver/launch/mid360.launch.xml\n'}
[15.423896] (mid360_driver) StdoutLine: {'line': b'-- Installing: /home/yoshida/study/ros2/install/mid360_driver/share/mid360_driver/launch/packet_to_cloud.launch.xml\n'}
[15.423935] (mid360_driver) StdoutLine: {'line': b'-- Up-to-date: /home/yoshida/study/ros2/install/mid360_driver/share/mid360_driver/config\n'}
[15.423989] (mid360_driver) StdoutLine: {'line': b'-- Installing: /home/yoshida/study/ros2/install/mid360_driver/share/mid360_driver/config/mid360_config.yaml\n'}
[15.424043] (mid360_driver) StdoutLine: {'line': b'-- Up-to-date: /home/yoshida/study/ros2/install/mid360_driver/share/ament_index/resource_index/package_run_dependencies/mid360_driver\n'}
[15.424094] (mid360_driver) StdoutLine: {'line': b'-- Installing: /home/yoshida/study/ros2/install/mid360_driver/share/ament_index/resource_index/parent_prefix_path/mid360_driver\n'}
[15.424174] (mid360_driver) StdoutLine: {'line': b'-- Up-to-date: /home/yoshida/study/ros2/install/mid360_driver/share/mid360_driver/environment/ament_prefix_path.sh\n'}
[15.424220] (mid360_driver) StdoutLine: {'line': b'-- Up-to-date: /home/yoshida/study/ros2/install/mid360_driver/share/mid360_driver/environment/ament_prefix_path.dsv\n'}
[15.424260] (mid360_driver) StdoutLine: {'line': b'-- Up-to-date: /home/yoshida/study/ros2/install/mid360_driver/share/mid360_driver/environment/path.sh\n'}
[15.424335] (mid360_driver) StdoutLine: {'line': b'-- Up-to-date: /home/yoshida/study/ros2/install/mid360_driver/share/mid360_driver/environment/path.dsv\n'}
[15.424379] (mid360_driver) StdoutLine: {'line': b'-- Up-to-date: /home/yoshida/study/ros2/install/mid360_driver/share/mid360_driver/local_setup.bash\n'}
[15.424418] (mid360_driver) StdoutLine: {'line': b'-- Up-to-date: /home/yoshida/study/ros2/install/mid360_driver/share/mid360_driver/local_setup.sh\n'}
[15.424456] (mid360_driver) StdoutLine: {'line': b'-- Up-to-date: /home/yoshida/study/ros2/install/mid360_driver/share/mid360_driver/local_setup.zsh\n'}
[15.424493] (mid360_driver) StdoutLine: {'line': b'-- Up-to-date: /home/yoshida/study/ros2/install/mid360_driver/share/mid360_driver/local_setup.dsv\n'}
[15.424534] (mid360_driver) StdoutLine: {'line': b'-- Installing: /home/yoshida/study/ros2/install/mid360_driver/share/mid360_driver/package.dsv\n'}
[15.424608] (mid360_driver) StdoutLine: {'line': b'-- Up-to-date: /home/yoshida/study/ros2/install/mid360_driver/share/ament_index/resource_index/packages/mid360_driver\n'}
[15.424650] (mid360_driver) StdoutLine: {'line': b'-- Up-to-date: /home/yoshida/study/ros2/install/mid360_driver/share/mid360_driver/cmake/export_mid360_driver__rosidl_generator_cExport.cmake\n'}
[15.424704] (mid360_driver) StdoutLine: {'line': b'-- Up-to-date: /home/yoshida/study/ros2/install/mid360_driver/share/mid360_driver/cmake/export_mid360_driver__rosidl_generator_cExport-noconfig.cmake\n'}
[15.424744] (mid360_driver) StdoutLine: {'line': b'-- Up-to-date: /home/yoshida/study/ros2/install/mid360_driver/share/mid360_driver/cmake/export_mid360_driver__rosidl_typesupport_fastrtps_cExport.cmake\n'}
[15.424808] (mid360_driver) StdoutLine: {'line': b'-- Up-to-date: /home/yoshida/study/ros2/install/mid360_driver/share/mid360_driver/cmake/export_mid360_driver__rosidl_typesupport_fastrtps_cExport-noconfig.cmake\n'}
[15.424850] (mid360_driver) StdoutLine: {'line': b'-- Up-to-date: /home/yoshida/study/ros2/install/mid360_driver/share/mid360_driver/cmake/export_mid360_driver__rosidl_generator_cppExport.cmake\n'}
[15.424925] (mid360_driver) StdoutLine: {'line': b'-- Up-to-date: /home/yoshida/study/ros2/install/mid360_driver/share/mid360_driver/cmake/export_mid360_driver__rosidl_typesupport_fastrtps_cppExport.cmake\n'}
[15.424986] (mid360_driver) StdoutLine: {'line': b'-- Up-to-date: /home/yoshida/study/ros2/install/mid360_driver/share/mid360_driver/cmake/export_mid360_driver__rosidl_typesupport_fastrtps_cppExport-noconfig.cmake\n'}
[15.425024] (mid360_driver) StdoutLine: {'line': b'-- Up-to-date: /home/yoshida/study/ros2/install/mid360_driver/share/mid360_driver/cmake/mid360_driver__rosidl_typesupport_introspection_cExport.cmake\n'}
[15.425061] (mid360_driver) StdoutLine: {'line': b'-- Up-to-date: /home/yoshida/study/ros2/install/mid360_driver/share/mid360_driver/cmake/mid360_driver__rosidl_typesupport_introspection_cExport-noconfig.cmake\n'}
[15.425098] (mid360_driver) StdoutLine: {'line': b'-- Up-to-date: /home/yoshida/study/ros2/install/mid360_driver/share/mid360_driver/cmake/mid360_driver__rosidl_typesupport_cExport.cmake\n'}
[15.425135] (mid360_driver) StdoutLine: {'line': b'-- Up-to-date: /home/yoshida/study/ros2/install/mid360_driver/share/mid360_driver/cmake/mid360_driver__rosidl_typesupport_cExport-noconfig.cmake\n'}
[15.425202] (mid360_driver) StdoutLine: {'line': b'-- Up-to-date: /home/yoshida/study/ros2/install/mid360_driver/share/mid360_driver/cmake/mid360_driver__rosidl_typesupport_introspection_cppExport.cmake\n'}
[15.425244] (mid360_driver) StdoutLine: {'line': b'-- Up-to-date: /home/yoshida/study/ros2/install/mid360_driver/share/mid360_driver/cmake/mid360_driver__rosidl_typesupport_introspection_cppExport-noconfig.cmake\n'}
[15.425282] (mid360_driver) StdoutLine: {'line': b'-- Up-to-date: /home/yoshida/study/ros2/install/mid360_driver/share/mid360_driver/cmake/mid360_driver__rosidl_typesupport_cppExport.cmake\n'}
[15.425349] (mid360_driver) StdoutLine: {'line': b'-- Up-to-date: /home/yoshida/study/ros2/install/mid360_driver/share/mid360_driver/cmake/mid360_driver__rosidl_typesupport_cppExport-noconfig.cmake\n'}
[15.425387] (mid360_driver) StdoutLine: {'line': b'-- Up-to-date: /home/yoshida/study/ros2/install/mid360_driver/share/mid360_driver/cmake/export_mid360_driver__rosidl_generator_pyExport.cmake\n'}
[15.425423] (mid360_driver) StdoutLine: {'line': b'-- Up-to-date: /home/yoshida/study/ros2/install/mid360_driver/share/mid360_driver/cmake/export_mid360_driver__rosidl_generator_pyExport-noconfig.cmake\n'}
[15.425461] (mid360_driver) StdoutLine: {'line': b'-- Installing: /home/yoshida/study/ros2/install/mid360_driver/share/mid360_driver/cmake/rosidl_cmake-extras.cmake\n'}
[15.425499] (mid360_driver) StdoutLine: {'line': b'-- Up-to-date: /home/yoshida/study/ros2/install/mid360_driver/share/mid360_driver/cmake/ament_cmake_export_dependencies-extras.cmake\n'}
[15.425560] (mid360_driver) StdoutLine: {'line': b'-- Up-to-date: /home/yoshida/study/ros2/install/mid360_driver/share/mid360_driver/cmake/ament_cmake_export_include_directories-extras.cmake\n'}
[15.425606] (mid360_driver) StdoutLine: {'line': b'-- Up-to-date: /home/yoshida/study/ros2/install/mid360_driver/share/mid360_driver/cmake/ament_cmake_export_libraries-extras.cmake\n'}
[15.425641] (mid360_driver) StdoutLine: {'line': b'-- Up-to-date: /home/yoshida/study/ros2/install/mid360_driver/share/mid360_driver/cmake/ament_cmake_export_targets-extras.cmake\n'}
[15.425678] (mid360_driver) StdoutLine: {'line': b'-- Up-to-date: /home/yoshida/study/ros2/install/mid360_driver/share/mid360_driver/cmake/rosidl_cmake_export_typesupport_targets-extras.cmake\n'}
[15.425714] (mid360_driver) StdoutLine: {'line': b'-- Up-to-date: /home/yoshida/study/ros2/install/mid360_driver/share/mid360_driver/cmake/rosidl_cmake_export_typesupport_libraries-extras.cmake\n'}
[15.425748] (mid360_driver) StdoutLine: {'line': b'-- Installing: /home/yoshida/study/ros2/install/mid360_driver/share/mid360_driver/cmake/mid360_driverConfig.cmake\n'}
[15.425785] (mid360_driver) StdoutLine: {'line': b'-- Installing: /home/yoshida/study/ros2/install/mid360_driver/share/mid360_driver/cmake/mid360_driverConfig-version.cmake\n'}
[15.425823] (mid360_driver) StdoutLine: {'line': b'-- Installing: /home/yoshida/study/ros2/install/mid360_driver/share/mid360_driver/package.xml\n'}
[15.427018] (mid360_driver) CommandEnded: {'returncode': 0}
[15.431319] (-) TimerEvent: {}
[15.446134] (mid360_driver) JobEnded: {'identifier': 'mid360_driver', 'rc': 0}
[15.446676] (-) EventReactorShutdown: {}
