[0.020s] Invoking command in '/home/yoshida/study/ros2/build/mid360_driver': CMAKE_PREFIX_PATH=${CMAKE_PREFIX_PATH}:/opt/ros/jazzy DEBUGINFOD_URLS=https://debuginfod.ubuntu.com /usr/bin/cmake --build /home/yoshida/study/ros2/build/mid360_driver -- -j16 -l16
[0.128s] [  1%] Built target mid360_driver__rosidl_generator_type_description
[0.156s] [  1%] Built target ament_cmake_python_copy_mid360_driver
[0.188s] [ 17%] Built target mid360_driver__rosidl_generator_c
[0.189s] [ 19%] Built target mid360_driver__cpp
[0.243s] [ 26%] Built target mid360_driver__rosidl_typesupport_introspection_c
[0.251s] [ 34%] Built target mid360_driver__rosidl_typesupport_c
[0.256s] [ 42%] Built target mid360_driver__rosidl_typesupport_introspection_cpp
[0.260s] [ 50%] Built target mid360_driver__rosidl_typesupport_fastrtps_c
[0.293s] [ 57%] Built target mid360_driver__rosidl_typesupport_fastrtps_cpp
[0.298s] [ 65%] Built target mid360_driver__rosidl_typesupport_cpp
[0.349s] [ 65%] Built target mid360_driver
[0.355s] [ 80%] Built target mid360_driver_node
[0.390s] [ 82%] Built target mid360_driver__py
[0.438s] [ 88%] Built target mid360_driver__rosidl_generator_py
[0.471s] [ 92%] Built target mid360_driver_s__rosidl_typesupport_c
[0.475s] [ 96%] Built target mid360_driver_s__rosidl_typesupport_introspection_c
[0.481s] [100%] Built target mid360_driver_s__rosidl_typesupport_fastrtps_c
[0.540s] running egg_info
[0.569s] writing mid360_driver.egg-info/PKG-INFO
[0.569s] writing dependency_links to mid360_driver.egg-info/dependency_links.txt
[0.569s] writing top-level names to mid360_driver.egg-info/top_level.txt
[0.655s] reading manifest file 'mid360_driver.egg-info/SOURCES.txt'
[0.655s] writing manifest file 'mid360_driver.egg-info/SOURCES.txt'
[0.701s] [100%] Built target ament_cmake_python_build_mid360_driver_egg
[0.719s] Invoked command in '/home/yoshida/study/ros2/build/mid360_driver' returned '0': CMAKE_PREFIX_PATH=${CMAKE_PREFIX_PATH}:/opt/ros/jazzy DEBUGINFOD_URLS=https://debuginfod.ubuntu.com /usr/bin/cmake --build /home/yoshida/study/ros2/build/mid360_driver -- -j16 -l16
[0.740s] Invoking command in '/home/yoshida/study/ros2/build/mid360_driver': CMAKE_PREFIX_PATH=${CMAKE_PREFIX_PATH}:/opt/ros/jazzy DEBUGINFOD_URLS=https://debuginfod.ubuntu.com /usr/bin/cmake --install /home/yoshida/study/ros2/build/mid360_driver
[0.752s] -- Install configuration: ""
[0.753s] -- Up-to-date: /home/yoshida/study/ros2/install/mid360_driver/share/ament_index/resource_index/rosidl_interfaces/mid360_driver
[0.753s] -- Up-to-date: /home/yoshida/study/ros2/install/mid360_driver/share/mid360_driver/msg/CustomPoint.json
[0.754s] -- Up-to-date: /home/yoshida/study/ros2/install/mid360_driver/share/mid360_driver/msg/CustomMsg.json
[0.754s] -- Up-to-date: /home/yoshida/study/ros2/install/mid360_driver/include/mid360_driver/mid360_driver
[0.755s] -- Up-to-date: /home/yoshida/study/ros2/install/mid360_driver/include/mid360_driver/mid360_driver/msg
[0.755s] -- Up-to-date: /home/yoshida/study/ros2/install/mid360_driver/include/mid360_driver/mid360_driver/msg/detail
[0.755s] -- Up-to-date: /home/yoshida/study/ros2/install/mid360_driver/include/mid360_driver/mid360_driver/msg/detail/custom_point__type_support.h
[0.756s] -- Up-to-date: /home/yoshida/study/ros2/install/mid360_driver/include/mid360_driver/mid360_driver/msg/detail/custom_msg__description.c
[0.756s] -- Up-to-date: /home/yoshida/study/ros2/install/mid360_driver/include/mid360_driver/mid360_driver/msg/detail/custom_point__type_support.c
[0.756s] -- Up-to-date: /home/yoshida/study/ros2/install/mid360_driver/include/mid360_driver/mid360_driver/msg/detail/custom_msg__functions.c
[0.757s] -- Up-to-date: /home/yoshida/study/ros2/install/mid360_driver/include/mid360_driver/mid360_driver/msg/detail/custom_point__functions.c
[0.757s] -- Up-to-date: /home/yoshida/study/ros2/install/mid360_driver/include/mid360_driver/mid360_driver/msg/detail/custom_msg__type_support.c
[0.757s] -- Up-to-date: /home/yoshida/study/ros2/install/mid360_driver/include/mid360_driver/mid360_driver/msg/detail/custom_msg__type_support.h
[0.757s] -- Up-to-date: /home/yoshida/study/ros2/install/mid360_driver/include/mid360_driver/mid360_driver/msg/detail/custom_msg__functions.h
[0.758s] -- Up-to-date: /home/yoshida/study/ros2/install/mid360_driver/include/mid360_driver/mid360_driver/msg/detail/custom_msg__struct.h
[0.758s] -- Up-to-date: /home/yoshida/study/ros2/install/mid360_driver/include/mid360_driver/mid360_driver/msg/detail/custom_point__struct.h
[0.758s] -- Up-to-date: /home/yoshida/study/ros2/install/mid360_driver/include/mid360_driver/mid360_driver/msg/detail/custom_point__description.c
[0.758s] -- Up-to-date: /home/yoshida/study/ros2/install/mid360_driver/include/mid360_driver/mid360_driver/msg/detail/custom_point__functions.h
[0.758s] -- Up-to-date: /home/yoshida/study/ros2/install/mid360_driver/include/mid360_driver/mid360_driver/msg/rosidl_generator_c__visibility_control.h
[0.758s] -- Up-to-date: /home/yoshida/study/ros2/install/mid360_driver/include/mid360_driver/mid360_driver/msg/custom_point.h
[0.759s] -- Up-to-date: /home/yoshida/study/ros2/install/mid360_driver/include/mid360_driver/mid360_driver/msg/custom_msg.h
[0.759s] -- Up-to-date: /home/yoshida/study/ros2/install/mid360_driver/share/mid360_driver/environment/library_path.sh
[0.759s] -- Up-to-date: /home/yoshida/study/ros2/install/mid360_driver/share/mid360_driver/environment/library_path.dsv
[0.759s] -- Up-to-date: /home/yoshida/study/ros2/install/mid360_driver/lib/libmid360_driver__rosidl_generator_c.so
[0.759s] -- Up-to-date: /home/yoshida/study/ros2/install/mid360_driver/include/mid360_driver/mid360_driver
[0.759s] -- Up-to-date: /home/yoshida/study/ros2/install/mid360_driver/include/mid360_driver/mid360_driver/msg
[0.759s] -- Up-to-date: /home/yoshida/study/ros2/install/mid360_driver/include/mid360_driver/mid360_driver/msg/detail
[0.759s] -- Up-to-date: /home/yoshida/study/ros2/install/mid360_driver/include/mid360_driver/mid360_driver/msg/detail/custom_msg__rosidl_typesupport_fastrtps_c.h
[0.759s] -- Up-to-date: /home/yoshida/study/ros2/install/mid360_driver/include/mid360_driver/mid360_driver/msg/detail/custom_point__rosidl_typesupport_fastrtps_c.h
[0.759s] -- Up-to-date: /home/yoshida/study/ros2/install/mid360_driver/include/mid360_driver/mid360_driver/msg/rosidl_typesupport_fastrtps_c__visibility_control.h
[0.759s] -- Up-to-date: /home/yoshida/study/ros2/install/mid360_driver/lib/libmid360_driver__rosidl_typesupport_fastrtps_c.so
[0.759s] -- Up-to-date: /home/yoshida/study/ros2/install/mid360_driver/include/mid360_driver/mid360_driver
[0.759s] -- Up-to-date: /home/yoshida/study/ros2/install/mid360_driver/include/mid360_driver/mid360_driver/msg
[0.759s] -- Up-to-date: /home/yoshida/study/ros2/install/mid360_driver/include/mid360_driver/mid360_driver/msg/custom_point.hpp
[0.759s] -- Up-to-date: /home/yoshida/study/ros2/install/mid360_driver/include/mid360_driver/mid360_driver/msg/detail
[0.760s] -- Up-to-date: /home/yoshida/study/ros2/install/mid360_driver/include/mid360_driver/mid360_driver/msg/detail/custom_point__struct.hpp
[0.760s] -- Up-to-date: /home/yoshida/study/ros2/install/mid360_driver/include/mid360_driver/mid360_driver/msg/detail/custom_msg__type_support.hpp
[0.760s] -- Up-to-date: /home/yoshida/study/ros2/install/mid360_driver/include/mid360_driver/mid360_driver/msg/detail/custom_point__type_support.hpp
[0.760s] -- Up-to-date: /home/yoshida/study/ros2/install/mid360_driver/include/mid360_driver/mid360_driver/msg/detail/custom_point__traits.hpp
[0.760s] -- Up-to-date: /home/yoshida/study/ros2/install/mid360_driver/include/mid360_driver/mid360_driver/msg/detail/custom_msg__traits.hpp
[0.760s] -- Up-to-date: /home/yoshida/study/ros2/install/mid360_driver/include/mid360_driver/mid360_driver/msg/detail/custom_msg__struct.hpp
[0.760s] -- Up-to-date: /home/yoshida/study/ros2/install/mid360_driver/include/mid360_driver/mid360_driver/msg/detail/custom_msg__builder.hpp
[0.760s] -- Up-to-date: /home/yoshida/study/ros2/install/mid360_driver/include/mid360_driver/mid360_driver/msg/detail/custom_point__builder.hpp
[0.760s] -- Up-to-date: /home/yoshida/study/ros2/install/mid360_driver/include/mid360_driver/mid360_driver/msg/rosidl_generator_cpp__visibility_control.hpp
[0.760s] -- Up-to-date: /home/yoshida/study/ros2/install/mid360_driver/include/mid360_driver/mid360_driver/msg/custom_msg.hpp
[0.760s] -- Up-to-date: /home/yoshida/study/ros2/install/mid360_driver/include/mid360_driver/mid360_driver
[0.760s] -- Up-to-date: /home/yoshida/study/ros2/install/mid360_driver/include/mid360_driver/mid360_driver/msg
[0.760s] -- Up-to-date: /home/yoshida/study/ros2/install/mid360_driver/include/mid360_driver/mid360_driver/msg/detail
[0.760s] -- Up-to-date: /home/yoshida/study/ros2/install/mid360_driver/include/mid360_driver/mid360_driver/msg/detail/custom_msg__rosidl_typesupport_fastrtps_cpp.hpp
[0.760s] -- Up-to-date: /home/yoshida/study/ros2/install/mid360_driver/include/mid360_driver/mid360_driver/msg/detail/dds_fastrtps
[0.760s] -- Up-to-date: /home/yoshida/study/ros2/install/mid360_driver/include/mid360_driver/mid360_driver/msg/detail/custom_point__rosidl_typesupport_fastrtps_cpp.hpp
[0.761s] -- Up-to-date: /home/yoshida/study/ros2/install/mid360_driver/include/mid360_driver/mid360_driver/msg/rosidl_typesupport_fastrtps_cpp__visibility_control.h
[0.761s] -- Up-to-date: /home/yoshida/study/ros2/install/mid360_driver/lib/libmid360_driver__rosidl_typesupport_fastrtps_cpp.so
[0.761s] -- Up-to-date: /home/yoshida/study/ros2/install/mid360_driver/include/mid360_driver/mid360_driver
[0.761s] -- Up-to-date: /home/yoshida/study/ros2/install/mid360_driver/include/mid360_driver/mid360_driver/msg
[0.761s] -- Up-to-date: /home/yoshida/study/ros2/install/mid360_driver/include/mid360_driver/mid360_driver/msg/detail
[0.761s] -- Up-to-date: /home/yoshida/study/ros2/install/mid360_driver/include/mid360_driver/mid360_driver/msg/detail/custom_point__rosidl_typesupport_introspection_c.h
[0.761s] -- Up-to-date: /home/yoshida/study/ros2/install/mid360_driver/include/mid360_driver/mid360_driver/msg/detail/custom_point__type_support.c
[0.761s] -- Up-to-date: /home/yoshida/study/ros2/install/mid360_driver/include/mid360_driver/mid360_driver/msg/detail/custom_msg__type_support.c
[0.761s] -- Up-to-date: /home/yoshida/study/ros2/install/mid360_driver/include/mid360_driver/mid360_driver/msg/detail/custom_msg__rosidl_typesupport_introspection_c.h
[0.761s] -- Up-to-date: /home/yoshida/study/ros2/install/mid360_driver/include/mid360_driver/mid360_driver/msg/rosidl_typesupport_introspection_c__visibility_control.h
[0.761s] -- Up-to-date: /home/yoshida/study/ros2/install/mid360_driver/lib/libmid360_driver__rosidl_typesupport_introspection_c.so
[0.761s] -- Up-to-date: /home/yoshida/study/ros2/install/mid360_driver/lib/libmid360_driver__rosidl_typesupport_c.so
[0.761s] -- Up-to-date: /home/yoshida/study/ros2/install/mid360_driver/include/mid360_driver/mid360_driver
[0.761s] -- Up-to-date: /home/yoshida/study/ros2/install/mid360_driver/include/mid360_driver/mid360_driver/msg
[0.762s] -- Up-to-date: /home/yoshida/study/ros2/install/mid360_driver/include/mid360_driver/mid360_driver/msg/detail
[0.762s] -- Up-to-date: /home/yoshida/study/ros2/install/mid360_driver/include/mid360_driver/mid360_driver/msg/detail/custom_msg__rosidl_typesupport_introspection_cpp.hpp
[0.762s] -- Up-to-date: /home/yoshida/study/ros2/install/mid360_driver/include/mid360_driver/mid360_driver/msg/detail/custom_point__type_support.cpp
[0.762s] -- Up-to-date: /home/yoshida/study/ros2/install/mid360_driver/include/mid360_driver/mid360_driver/msg/detail/custom_msg__type_support.cpp
[0.762s] -- Up-to-date: /home/yoshida/study/ros2/install/mid360_driver/include/mid360_driver/mid360_driver/msg/detail/custom_point__rosidl_typesupport_introspection_cpp.hpp
[0.762s] -- Up-to-date: /home/yoshida/study/ros2/install/mid360_driver/lib/libmid360_driver__rosidl_typesupport_introspection_cpp.so
[0.762s] -- Up-to-date: /home/yoshida/study/ros2/install/mid360_driver/lib/libmid360_driver__rosidl_typesupport_cpp.so
[0.762s] -- Up-to-date: /home/yoshida/study/ros2/install/mid360_driver/share/mid360_driver/environment/pythonpath.sh
[0.762s] -- Up-to-date: /home/yoshida/study/ros2/install/mid360_driver/share/mid360_driver/environment/pythonpath.dsv
[0.762s] -- Up-to-date: /home/yoshida/study/ros2/install/mid360_driver/lib/python3.12/site-packages/mid360_driver-0.1.0-py3.12.egg-info
[0.762s] -- Installing: /home/yoshida/study/ros2/install/mid360_driver/lib/python3.12/site-packages/mid360_driver-0.1.0-py3.12.egg-info/PKG-INFO
[0.762s] -- Installing: /home/yoshida/study/ros2/install/mid360_driver/lib/python3.12/site-packages/mid360_driver-0.1.0-py3.12.egg-info/dependency_links.txt
[0.763s] -- Installing: /home/yoshida/study/ros2/install/mid360_driver/lib/python3.12/site-packages/mid360_driver-0.1.0-py3.12.egg-info/top_level.txt
[0.763s] -- Installing: /home/yoshida/study/ros2/install/mid360_driver/lib/python3.12/site-packages/mid360_driver-0.1.0-py3.12.egg-info/SOURCES.txt
[0.763s] -- Up-to-date: /home/yoshida/study/ros2/install/mid360_driver/lib/python3.12/site-packages/mid360_driver
[0.763s] -- Up-to-date: /home/yoshida/study/ros2/install/mid360_driver/lib/python3.12/site-packages/mid360_driver/mid360_driver_s__rosidl_typesupport_introspection_c.so
[0.763s] -- Up-to-date: /home/yoshida/study/ros2/install/mid360_driver/lib/python3.12/site-packages/mid360_driver/__init__.py
[0.763s] -- Up-to-date: /home/yoshida/study/ros2/install/mid360_driver/lib/python3.12/site-packages/mid360_driver/mid360_driver_s__rosidl_typesupport_c.so
[0.763s] -- Up-to-date: /home/yoshida/study/ros2/install/mid360_driver/lib/python3.12/site-packages/mid360_driver/_mid360_driver_s.ep.rosidl_typesupport_c.c
[0.763s] -- Up-to-date: /home/yoshida/study/ros2/install/mid360_driver/lib/python3.12/site-packages/mid360_driver/mid360_driver_s__rosidl_typesupport_fastrtps_c.so
[0.763s] -- Up-to-date: /home/yoshida/study/ros2/install/mid360_driver/lib/python3.12/site-packages/mid360_driver/_mid360_driver_s.ep.rosidl_typesupport_introspection_c.c
[0.763s] -- Up-to-date: /home/yoshida/study/ros2/install/mid360_driver/lib/python3.12/site-packages/mid360_driver/_mid360_driver_s.ep.rosidl_typesupport_fastrtps_c.c
[0.763s] -- Up-to-date: /home/yoshida/study/ros2/install/mid360_driver/lib/python3.12/site-packages/mid360_driver/msg
[0.763s] -- Up-to-date: /home/yoshida/study/ros2/install/mid360_driver/lib/python3.12/site-packages/mid360_driver/msg/__init__.py
[0.763s] -- Up-to-date: /home/yoshida/study/ros2/install/mid360_driver/lib/python3.12/site-packages/mid360_driver/msg/_custom_point_s.c
[0.763s] -- Up-to-date: /home/yoshida/study/ros2/install/mid360_driver/lib/python3.12/site-packages/mid360_driver/msg/_custom_msg_s.c
[0.764s] -- Up-to-date: /home/yoshida/study/ros2/install/mid360_driver/lib/python3.12/site-packages/mid360_driver/msg/_custom_point.py
[0.764s] -- Up-to-date: /home/yoshida/study/ros2/install/mid360_driver/lib/python3.12/site-packages/mid360_driver/msg/_custom_msg.py
[0.806s] Listing '/home/yoshida/study/ros2/install/mid360_driver/lib/python3.12/site-packages/mid360_driver'...
[0.806s] Listing '/home/yoshida/study/ros2/install/mid360_driver/lib/python3.12/site-packages/mid360_driver/msg'...
[0.814s] -- Up-to-date: /home/yoshida/study/ros2/install/mid360_driver/lib/python3.12/site-packages/mid360_driver/mid360_driver_s__rosidl_typesupport_fastrtps_c.so
[0.814s] -- Up-to-date: /home/yoshida/study/ros2/install/mid360_driver/lib/python3.12/site-packages/mid360_driver/mid360_driver_s__rosidl_typesupport_introspection_c.so
[0.815s] -- Up-to-date: /home/yoshida/study/ros2/install/mid360_driver/lib/python3.12/site-packages/mid360_driver/mid360_driver_s__rosidl_typesupport_c.so
[0.815s] -- Up-to-date: /home/yoshida/study/ros2/install/mid360_driver/lib/libmid360_driver__rosidl_generator_py.so
[0.816s] -- Up-to-date: /home/yoshida/study/ros2/install/mid360_driver/share/mid360_driver/msg/CustomPoint.idl
[0.816s] -- Up-to-date: /home/yoshida/study/ros2/install/mid360_driver/share/mid360_driver/msg/CustomMsg.idl
[0.816s] -- Up-to-date: /home/yoshida/study/ros2/install/mid360_driver/share/mid360_driver/msg/CustomPoint.msg
[0.817s] -- Up-to-date: /home/yoshida/study/ros2/install/mid360_driver/share/mid360_driver/msg/CustomMsg.msg
[0.817s] -- Up-to-date: /home/yoshida/study/ros2/install/mid360_driver/lib/mid360_driver/mid360_driver_node
[0.817s] -- Up-to-date: /home/yoshida/study/ros2/install/mid360_driver/share/mid360_driver/launch
[0.817s] -- Up-to-date: /home/yoshida/study/ros2/install/mid360_driver/share/mid360_driver/launch/mid360.launch.xml
[0.818s] -- Up-to-date: /home/yoshida/study/ros2/install/mid360_driver/share/mid360_driver/config
[0.818s] -- Up-to-date: /home/yoshida/study/ros2/install/mid360_driver/share/mid360_driver/config/mid360_config.yaml
[0.818s] -- Up-to-date: /home/yoshida/study/ros2/install/mid360_driver/share/ament_index/resource_index/package_run_dependencies/mid360_driver
[0.818s] -- Up-to-date: /home/yoshida/study/ros2/install/mid360_driver/share/ament_index/resource_index/parent_prefix_path/mid360_driver
[0.818s] -- Up-to-date: /home/yoshida/study/ros2/install/mid360_driver/share/mid360_driver/environment/ament_prefix_path.sh
[0.819s] -- Up-to-date: /home/yoshida/study/ros2/install/mid360_driver/share/mid360_driver/environment/ament_prefix_path.dsv
[0.819s] -- Up-to-date: /home/yoshida/study/ros2/install/mid360_driver/share/mid360_driver/environment/path.sh
[0.819s] -- Up-to-date: /home/yoshida/study/ros2/install/mid360_driver/share/mid360_driver/environment/path.dsv
[0.821s] -- Up-to-date: /home/yoshida/study/ros2/install/mid360_driver/share/mid360_driver/local_setup.bash
[0.821s] -- Up-to-date: /home/yoshida/study/ros2/install/mid360_driver/share/mid360_driver/local_setup.sh
[0.822s] -- Up-to-date: /home/yoshida/study/ros2/install/mid360_driver/share/mid360_driver/local_setup.zsh
[0.822s] -- Up-to-date: /home/yoshida/study/ros2/install/mid360_driver/share/mid360_driver/local_setup.dsv
[0.823s] -- Installing: /home/yoshida/study/ros2/install/mid360_driver/share/mid360_driver/package.dsv
[0.823s] -- Up-to-date: /home/yoshida/study/ros2/install/mid360_driver/share/ament_index/resource_index/packages/mid360_driver
[0.824s] -- Up-to-date: /home/yoshida/study/ros2/install/mid360_driver/share/mid360_driver/cmake/export_mid360_driver__rosidl_generator_cExport.cmake
[0.824s] -- Up-to-date: /home/yoshida/study/ros2/install/mid360_driver/share/mid360_driver/cmake/export_mid360_driver__rosidl_generator_cExport-noconfig.cmake
[0.825s] -- Up-to-date: /home/yoshida/study/ros2/install/mid360_driver/share/mid360_driver/cmake/export_mid360_driver__rosidl_typesupport_fastrtps_cExport.cmake
[0.825s] -- Up-to-date: /home/yoshida/study/ros2/install/mid360_driver/share/mid360_driver/cmake/export_mid360_driver__rosidl_typesupport_fastrtps_cExport-noconfig.cmake
[0.826s] -- Up-to-date: /home/yoshida/study/ros2/install/mid360_driver/share/mid360_driver/cmake/export_mid360_driver__rosidl_generator_cppExport.cmake
[0.826s] -- Up-to-date: /home/yoshida/study/ros2/install/mid360_driver/share/mid360_driver/cmake/export_mid360_driver__rosidl_typesupport_fastrtps_cppExport.cmake
[0.826s] -- Up-to-date: /home/yoshida/study/ros2/install/mid360_driver/share/mid360_driver/cmake/export_mid360_driver__rosidl_typesupport_fastrtps_cppExport-noconfig.cmake
[0.826s] -- Up-to-date: /home/yoshida/study/ros2/install/mid360_driver/share/mid360_driver/cmake/mid360_driver__rosidl_typesupport_introspection_cExport.cmake
[0.826s] -- Up-to-date: /home/yoshida/study/ros2/install/mid360_driver/share/mid360_driver/cmake/mid360_driver__rosidl_typesupport_introspection_cExport-noconfig.cmake
[0.826s] -- Up-to-date: /home/yoshida/study/ros2/install/mid360_driver/share/mid360_driver/cmake/mid360_driver__rosidl_typesupport_cExport.cmake
[0.826s] -- Up-to-date: /home/yoshida/study/ros2/install/mid360_driver/share/mid360_driver/cmake/mid360_driver__rosidl_typesupport_cExport-noconfig.cmake
[0.826s] -- Up-to-date: /home/yoshida/study/ros2/install/mid360_driver/share/mid360_driver/cmake/mid360_driver__rosidl_typesupport_introspection_cppExport.cmake
[0.827s] -- Up-to-date: /home/yoshida/study/ros2/install/mid360_driver/share/mid360_driver/cmake/mid360_driver__rosidl_typesupport_introspection_cppExport-noconfig.cmake
[0.827s] -- Up-to-date: /home/yoshida/study/ros2/install/mid360_driver/share/mid360_driver/cmake/mid360_driver__rosidl_typesupport_cppExport.cmake
[0.827s] -- Up-to-date: /home/yoshida/study/ros2/install/mid360_driver/share/mid360_driver/cmake/mid360_driver__rosidl_typesupport_cppExport-noconfig.cmake
[0.827s] -- Up-to-date: /home/yoshida/study/ros2/install/mid360_driver/share/mid360_driver/cmake/export_mid360_driver__rosidl_generator_pyExport.cmake
[0.827s] -- Up-to-date: /home/yoshida/study/ros2/install/mid360_driver/share/mid360_driver/cmake/export_mid360_driver__rosidl_generator_pyExport-noconfig.cmake
[0.827s] -- Up-to-date: /home/yoshida/study/ros2/install/mid360_driver/share/mid360_driver/cmake/rosidl_cmake-extras.cmake
[0.827s] -- Up-to-date: /home/yoshida/study/ros2/install/mid360_driver/share/mid360_driver/cmake/ament_cmake_export_dependencies-extras.cmake
[0.827s] -- Up-to-date: /home/yoshida/study/ros2/install/mid360_driver/share/mid360_driver/cmake/ament_cmake_export_include_directories-extras.cmake
[0.827s] -- Up-to-date: /home/yoshida/study/ros2/install/mid360_driver/share/mid360_driver/cmake/ament_cmake_export_libraries-extras.cmake
[0.827s] -- Up-to-date: /home/yoshida/study/ros2/install/mid360_driver/share/mid360_driver/cmake/ament_cmake_export_targets-extras.cmake
[0.828s] -- Up-to-date: /home/yoshida/study/ros2/install/mid360_driver/share/mid360_driver/cmake/rosidl_cmake_export_typesupport_targets-extras.cmake
[0.828s] -- Up-to-date: /home/yoshida/study/ros2/install/mid360_driver/share/mid360_driver/cmake/rosidl_cmake_export_typesupport_libraries-extras.cmake
[0.828s] -- Up-to-date: /home/yoshida/study/ros2/install/mid360_driver/share/mid360_driver/cmake/mid360_driverConfig.cmake
[0.828s] -- Up-to-date: /home/yoshida/study/ros2/install/mid360_driver/share/mid360_driver/cmake/mid360_driverConfig-version.cmake
[0.828s] -- Up-to-date: /home/yoshida/study/ros2/install/mid360_driver/share/mid360_driver/package.xml
[0.828s] Invoked command in '/home/yoshida/study/ros2/build/mid360_driver' returned '0': CMAKE_PREFIX_PATH=${CMAKE_PREFIX_PATH}:/opt/ros/jazzy DEBUGINFOD_URLS=https://debuginfod.ubuntu.com /usr/bin/cmake --install /home/yoshida/study/ros2/build/mid360_driver
