[0.018s] Invoking command in '/home/yoshida/study/ros2/build/mid360_driver': CMAKE_PREFIX_PATH=${CMAKE_PREFIX_PATH}:/opt/ros/jazzy DEBUGINFOD_URLS=https://debuginfod.ubuntu.com /usr/bin/cmake /home/yoshida/study/ros2/src/mid360_driver -DPython3_EXECUTABLE=/usr/bin/python3.12 -DCMAKE_INSTALL_PREFIX=/home/yoshida/study/ros2/install/mid360_driver
[0.049s] -- Found ament_cmake: 2.5.5 (/opt/ros/jazzy/share/ament_cmake/cmake)
[0.118s] -- Found Python3: /usr/bin/python3.12 (found version "3.12.3") found components: Interpreter 
[0.303s] -- Found rclcpp: 28.1.16 (/opt/ros/jazzy/share/rclcpp/cmake)
[0.363s] -- Found rosidl_generator_c: 4.6.7 (/opt/ros/jazzy/share/rosidl_generator_c/cmake)
[0.374s] -- Found rosidl_generator_cpp: 4.6.7 (/opt/ros/jazzy/share/rosidl_generator_cpp/cmake)
[0.389s] -- Using all available rosidl_typesupport_c: rosidl_typesupport_fastrtps_c;rosidl_typesupport_introspection_c
[0.407s] -- Using all available rosidl_typesupport_cpp: rosidl_typesupport_fastrtps_cpp;rosidl_typesupport_introspection_cpp
[0.489s] -- Found rmw_implementation_cmake: 7.3.3 (/opt/ros/jazzy/share/rmw_implementation_cmake/cmake)
[0.491s] -- Found rmw_fastrtps_cpp: 8.4.3 (/opt/ros/jazzy/share/rmw_fastrtps_cpp/cmake)
[0.617s] -- Using RMW implementation 'rmw_fastrtps_cpp' as default
[0.768s] -- Found std_msgs: 5.3.6 (/opt/ros/jazzy/share/std_msgs/cmake)
[0.786s] -- Found sensor_msgs: 5.3.6 (/opt/ros/jazzy/share/sensor_msgs/cmake)
[0.838s] -- Found rosidl_default_generators: 1.6.0 (/opt/ros/jazzy/share/rosidl_default_generators/cmake)
[0.849s] -- Found rosidl_adapter: 4.6.7 (/opt/ros/jazzy/share/rosidl_adapter/cmake)
[1.472s] -- Found ament_cmake_ros: 0.12.0 (/opt/ros/jazzy/share/ament_cmake_ros/cmake)
[1.953s] -- Using all available rosidl_typesupport_c: rosidl_typesupport_fastrtps_c;rosidl_typesupport_introspection_c
[2.150s] -- Using all available rosidl_typesupport_cpp: rosidl_typesupport_fastrtps_cpp;rosidl_typesupport_introspection_cpp
[2.153s] -- Found python_cmake_module: 0.11.1 (/opt/ros/jazzy/share/python_cmake_module/cmake)
[2.665s] -- Found Python3: /usr/bin/python3.12 (found version "3.12.3") found components: Interpreter Development NumPy Development.Module Development.Embed 
[2.714s] -- Found ament_lint_auto: 0.17.4 (/opt/ros/jazzy/share/ament_lint_auto/cmake)
[2.730s] -- Added test 'cppcheck' to perform static code analysis on C / C++ code
[2.731s] -- Configured cppcheck include dirs: /home/yoshida/study/ros2/src/mid360_driver/include
[2.731s] -- Configured cppcheck exclude dirs and/or files: 
[2.732s] -- Added test 'lint_cmake' to check CMake code style
[2.734s] -- Added test 'uncrustify' to check C / C++ code style
[2.734s] -- Configured uncrustify additional arguments: 
[2.735s] -- Added test 'xmllint' to check XML markup files
[2.737s] -- Configuring done (2.7s)
[2.788s] -- Generating done (0.0s)
[2.805s] -- Build files have been written to: /home/yoshida/study/ros2/build/mid360_driver
[2.820s] Invoked command in '/home/yoshida/study/ros2/build/mid360_driver' returned '0': CMAKE_PREFIX_PATH=${CMAKE_PREFIX_PATH}:/opt/ros/jazzy DEBUGINFOD_URLS=https://debuginfod.ubuntu.com /usr/bin/cmake /home/yoshida/study/ros2/src/mid360_driver -DPython3_EXECUTABLE=/usr/bin/python3.12 -DCMAKE_INSTALL_PREFIX=/home/yoshida/study/ros2/install/mid360_driver
[2.822s] Invoking command in '/home/yoshida/study/ros2/build/mid360_driver': CMAKE_PREFIX_PATH=${CMAKE_PREFIX_PATH}:/opt/ros/jazzy DEBUGINFOD_URLS=https://debuginfod.ubuntu.com /usr/bin/cmake --build /home/yoshida/study/ros2/build/mid360_driver -- -j16 -l16
[2.926s] [  1%] Built target mid360_driver__rosidl_generator_type_description
[2.955s] [  1%] Built target ament_cmake_python_copy_mid360_driver
[2.990s] [  3%] Built target mid360_driver__cpp
[2.998s] [ 19%] Built target mid360_driver__rosidl_generator_c
[3.065s] [ 26%] Built target mid360_driver__rosidl_typesupport_cpp
[3.066s] [ 34%] Built target mid360_driver__rosidl_typesupport_fastrtps_c
[3.066s] [ 42%] Built target mid360_driver__rosidl_typesupport_introspection_cpp
[3.067s] [ 50%] Built target mid360_driver__rosidl_typesupport_c
[3.076s] [ 57%] Built target mid360_driver__rosidl_typesupport_introspection_c
[3.076s] [ 65%] Built target mid360_driver__rosidl_typesupport_fastrtps_cpp
[3.124s] [ 65%] Built target mid360_driver
[3.137s] [ 80%] Built target mid360_driver_node
[3.160s] [ 82%] Built target mid360_driver__py
[3.215s] [ 88%] Built target mid360_driver__rosidl_generator_py
[3.263s] [ 92%] Built target mid360_driver_s__rosidl_typesupport_c
[3.276s] [ 96%] Built target mid360_driver_s__rosidl_typesupport_fastrtps_c
[3.277s] [100%] Built target mid360_driver_s__rosidl_typesupport_introspection_c
[3.404s] running egg_info
[3.432s] writing mid360_driver.egg-info/PKG-INFO
[3.433s] writing dependency_links to mid360_driver.egg-info/dependency_links.txt
[3.433s] writing top-level names to mid360_driver.egg-info/top_level.txt
[3.515s] reading manifest file 'mid360_driver.egg-info/SOURCES.txt'
[3.516s] writing manifest file 'mid360_driver.egg-info/SOURCES.txt'
[3.558s] [100%] Built target ament_cmake_python_build_mid360_driver_egg
[3.589s] Invoked command in '/home/yoshida/study/ros2/build/mid360_driver' returned '0': CMAKE_PREFIX_PATH=${CMAKE_PREFIX_PATH}:/opt/ros/jazzy DEBUGINFOD_URLS=https://debuginfod.ubuntu.com /usr/bin/cmake --build /home/yoshida/study/ros2/build/mid360_driver -- -j16 -l16
[3.617s] Invoking command in '/home/yoshida/study/ros2/build/mid360_driver': CMAKE_PREFIX_PATH=${CMAKE_PREFIX_PATH}:/opt/ros/jazzy DEBUGINFOD_URLS=https://debuginfod.ubuntu.com /usr/bin/cmake --install /home/yoshida/study/ros2/build/mid360_driver
[3.640s] -- Install configuration: ""
[3.641s] -- Up-to-date: /home/yoshida/study/ros2/install/mid360_driver/share/ament_index/resource_index/rosidl_interfaces/mid360_driver
[3.643s] -- Up-to-date: /home/yoshida/study/ros2/install/mid360_driver/share/mid360_driver/msg/CustomPoint.json
[3.643s] -- Up-to-date: /home/yoshida/study/ros2/install/mid360_driver/share/mid360_driver/msg/CustomMsg.json
[3.644s] -- Up-to-date: /home/yoshida/study/ros2/install/mid360_driver/include/mid360_driver/mid360_driver
[3.644s] -- Up-to-date: /home/yoshida/study/ros2/install/mid360_driver/include/mid360_driver/mid360_driver/msg
[3.644s] -- Up-to-date: /home/yoshida/study/ros2/install/mid360_driver/include/mid360_driver/mid360_driver/msg/detail
[3.645s] -- Up-to-date: /home/yoshida/study/ros2/install/mid360_driver/include/mid360_driver/mid360_driver/msg/detail/custom_point__type_support.h
[3.645s] -- Up-to-date: /home/yoshida/study/ros2/install/mid360_driver/include/mid360_driver/mid360_driver/msg/detail/custom_msg__description.c
[3.646s] -- Up-to-date: /home/yoshida/study/ros2/install/mid360_driver/include/mid360_driver/mid360_driver/msg/detail/custom_point__type_support.c
[3.646s] -- Up-to-date: /home/yoshida/study/ros2/install/mid360_driver/include/mid360_driver/mid360_driver/msg/detail/custom_msg__functions.c
[3.646s] -- Up-to-date: /home/yoshida/study/ros2/install/mid360_driver/include/mid360_driver/mid360_driver/msg/detail/custom_point__functions.c
[3.646s] -- Up-to-date: /home/yoshida/study/ros2/install/mid360_driver/include/mid360_driver/mid360_driver/msg/detail/custom_msg__type_support.c
[3.646s] -- Up-to-date: /home/yoshida/study/ros2/install/mid360_driver/include/mid360_driver/mid360_driver/msg/detail/custom_msg__type_support.h
[3.647s] -- Up-to-date: /home/yoshida/study/ros2/install/mid360_driver/include/mid360_driver/mid360_driver/msg/detail/custom_msg__functions.h
[3.647s] -- Up-to-date: /home/yoshida/study/ros2/install/mid360_driver/include/mid360_driver/mid360_driver/msg/detail/custom_msg__struct.h
[3.647s] -- Up-to-date: /home/yoshida/study/ros2/install/mid360_driver/include/mid360_driver/mid360_driver/msg/detail/custom_point__struct.h
[3.647s] -- Up-to-date: /home/yoshida/study/ros2/install/mid360_driver/include/mid360_driver/mid360_driver/msg/detail/custom_point__description.c
[3.647s] -- Up-to-date: /home/yoshida/study/ros2/install/mid360_driver/include/mid360_driver/mid360_driver/msg/detail/custom_point__functions.h
[3.648s] -- Up-to-date: /home/yoshida/study/ros2/install/mid360_driver/include/mid360_driver/mid360_driver/msg/rosidl_generator_c__visibility_control.h
[3.648s] -- Up-to-date: /home/yoshida/study/ros2/install/mid360_driver/include/mid360_driver/mid360_driver/msg/custom_point.h
[3.648s] -- Up-to-date: /home/yoshida/study/ros2/install/mid360_driver/include/mid360_driver/mid360_driver/msg/custom_msg.h
[3.649s] -- Up-to-date: /home/yoshida/study/ros2/install/mid360_driver/share/mid360_driver/environment/library_path.sh
[3.649s] -- Up-to-date: /home/yoshida/study/ros2/install/mid360_driver/share/mid360_driver/environment/library_path.dsv
[3.649s] -- Up-to-date: /home/yoshida/study/ros2/install/mid360_driver/lib/libmid360_driver__rosidl_generator_c.so
[3.649s] -- Up-to-date: /home/yoshida/study/ros2/install/mid360_driver/include/mid360_driver/mid360_driver
[3.649s] -- Up-to-date: /home/yoshida/study/ros2/install/mid360_driver/include/mid360_driver/mid360_driver/msg
[3.649s] -- Up-to-date: /home/yoshida/study/ros2/install/mid360_driver/include/mid360_driver/mid360_driver/msg/detail
[3.649s] -- Up-to-date: /home/yoshida/study/ros2/install/mid360_driver/include/mid360_driver/mid360_driver/msg/detail/custom_msg__rosidl_typesupport_fastrtps_c.h
[3.650s] -- Up-to-date: /home/yoshida/study/ros2/install/mid360_driver/include/mid360_driver/mid360_driver/msg/detail/custom_point__rosidl_typesupport_fastrtps_c.h
[3.650s] -- Up-to-date: /home/yoshida/study/ros2/install/mid360_driver/include/mid360_driver/mid360_driver/msg/rosidl_typesupport_fastrtps_c__visibility_control.h
[3.650s] -- Up-to-date: /home/yoshida/study/ros2/install/mid360_driver/lib/libmid360_driver__rosidl_typesupport_fastrtps_c.so
[3.650s] -- Up-to-date: /home/yoshida/study/ros2/install/mid360_driver/include/mid360_driver/mid360_driver
[3.650s] -- Up-to-date: /home/yoshida/study/ros2/install/mid360_driver/include/mid360_driver/mid360_driver/msg
[3.650s] -- Up-to-date: /home/yoshida/study/ros2/install/mid360_driver/include/mid360_driver/mid360_driver/msg/custom_point.hpp
[3.651s] -- Up-to-date: /home/yoshida/study/ros2/install/mid360_driver/include/mid360_driver/mid360_driver/msg/detail
[3.651s] -- Up-to-date: /home/yoshida/study/ros2/install/mid360_driver/include/mid360_driver/mid360_driver/msg/detail/custom_point__struct.hpp
[3.651s] -- Up-to-date: /home/yoshida/study/ros2/install/mid360_driver/include/mid360_driver/mid360_driver/msg/detail/custom_msg__type_support.hpp
[3.651s] -- Up-to-date: /home/yoshida/study/ros2/install/mid360_driver/include/mid360_driver/mid360_driver/msg/detail/custom_point__type_support.hpp
[3.651s] -- Up-to-date: /home/yoshida/study/ros2/install/mid360_driver/include/mid360_driver/mid360_driver/msg/detail/custom_point__traits.hpp
[3.651s] -- Up-to-date: /home/yoshida/study/ros2/install/mid360_driver/include/mid360_driver/mid360_driver/msg/detail/custom_msg__traits.hpp
[3.652s] -- Up-to-date: /home/yoshida/study/ros2/install/mid360_driver/include/mid360_driver/mid360_driver/msg/detail/custom_msg__struct.hpp
[3.652s] -- Up-to-date: /home/yoshida/study/ros2/install/mid360_driver/include/mid360_driver/mid360_driver/msg/detail/custom_msg__builder.hpp
[3.652s] -- Up-to-date: /home/yoshida/study/ros2/install/mid360_driver/include/mid360_driver/mid360_driver/msg/detail/custom_point__builder.hpp
[3.652s] -- Up-to-date: /home/yoshida/study/ros2/install/mid360_driver/include/mid360_driver/mid360_driver/msg/rosidl_generator_cpp__visibility_control.hpp
[3.652s] -- Up-to-date: /home/yoshida/study/ros2/install/mid360_driver/include/mid360_driver/mid360_driver/msg/custom_msg.hpp
[3.652s] -- Up-to-date: /home/yoshida/study/ros2/install/mid360_driver/include/mid360_driver/mid360_driver
[3.653s] -- Up-to-date: /home/yoshida/study/ros2/install/mid360_driver/include/mid360_driver/mid360_driver/msg
[3.653s] -- Up-to-date: /home/yoshida/study/ros2/install/mid360_driver/include/mid360_driver/mid360_driver/msg/detail
[3.653s] -- Up-to-date: /home/yoshida/study/ros2/install/mid360_driver/include/mid360_driver/mid360_driver/msg/detail/custom_msg__rosidl_typesupport_fastrtps_cpp.hpp
[3.653s] -- Up-to-date: /home/yoshida/study/ros2/install/mid360_driver/include/mid360_driver/mid360_driver/msg/detail/dds_fastrtps
[3.653s] -- Up-to-date: /home/yoshida/study/ros2/install/mid360_driver/include/mid360_driver/mid360_driver/msg/detail/custom_point__rosidl_typesupport_fastrtps_cpp.hpp
[3.653s] -- Up-to-date: /home/yoshida/study/ros2/install/mid360_driver/include/mid360_driver/mid360_driver/msg/rosidl_typesupport_fastrtps_cpp__visibility_control.h
[3.654s] -- Up-to-date: /home/yoshida/study/ros2/install/mid360_driver/lib/libmid360_driver__rosidl_typesupport_fastrtps_cpp.so
[3.654s] -- Up-to-date: /home/yoshida/study/ros2/install/mid360_driver/include/mid360_driver/mid360_driver
[3.654s] -- Up-to-date: /home/yoshida/study/ros2/install/mid360_driver/include/mid360_driver/mid360_driver/msg
[3.654s] -- Up-to-date: /home/yoshida/study/ros2/install/mid360_driver/include/mid360_driver/mid360_driver/msg/detail
[3.654s] -- Up-to-date: /home/yoshida/study/ros2/install/mid360_driver/include/mid360_driver/mid360_driver/msg/detail/custom_point__rosidl_typesupport_introspection_c.h
[3.654s] -- Up-to-date: /home/yoshida/study/ros2/install/mid360_driver/include/mid360_driver/mid360_driver/msg/detail/custom_point__type_support.c
[3.655s] -- Up-to-date: /home/yoshida/study/ros2/install/mid360_driver/include/mid360_driver/mid360_driver/msg/detail/custom_msg__type_support.c
[3.655s] -- Up-to-date: /home/yoshida/study/ros2/install/mid360_driver/include/mid360_driver/mid360_driver/msg/detail/custom_msg__rosidl_typesupport_introspection_c.h
[3.655s] -- Up-to-date: /home/yoshida/study/ros2/install/mid360_driver/include/mid360_driver/mid360_driver/msg/rosidl_typesupport_introspection_c__visibility_control.h
[3.655s] -- Up-to-date: /home/yoshida/study/ros2/install/mid360_driver/lib/libmid360_driver__rosidl_typesupport_introspection_c.so
[3.655s] -- Up-to-date: /home/yoshida/study/ros2/install/mid360_driver/lib/libmid360_driver__rosidl_typesupport_c.so
[3.655s] -- Up-to-date: /home/yoshida/study/ros2/install/mid360_driver/include/mid360_driver/mid360_driver
[3.655s] -- Up-to-date: /home/yoshida/study/ros2/install/mid360_driver/include/mid360_driver/mid360_driver/msg
[3.656s] -- Up-to-date: /home/yoshida/study/ros2/install/mid360_driver/include/mid360_driver/mid360_driver/msg/detail
[3.656s] -- Up-to-date: /home/yoshida/study/ros2/install/mid360_driver/include/mid360_driver/mid360_driver/msg/detail/custom_msg__rosidl_typesupport_introspection_cpp.hpp
[3.656s] -- Up-to-date: /home/yoshida/study/ros2/install/mid360_driver/include/mid360_driver/mid360_driver/msg/detail/custom_point__type_support.cpp
[3.656s] -- Up-to-date: /home/yoshida/study/ros2/install/mid360_driver/include/mid360_driver/mid360_driver/msg/detail/custom_msg__type_support.cpp
[3.656s] -- Up-to-date: /home/yoshida/study/ros2/install/mid360_driver/include/mid360_driver/mid360_driver/msg/detail/custom_point__rosidl_typesupport_introspection_cpp.hpp
[3.656s] -- Up-to-date: /home/yoshida/study/ros2/install/mid360_driver/lib/libmid360_driver__rosidl_typesupport_introspection_cpp.so
[3.656s] -- Up-to-date: /home/yoshida/study/ros2/install/mid360_driver/lib/libmid360_driver__rosidl_typesupport_cpp.so
[3.657s] -- Up-to-date: /home/yoshida/study/ros2/install/mid360_driver/share/mid360_driver/environment/pythonpath.sh
[3.657s] -- Up-to-date: /home/yoshida/study/ros2/install/mid360_driver/share/mid360_driver/environment/pythonpath.dsv
[3.657s] -- Up-to-date: /home/yoshida/study/ros2/install/mid360_driver/lib/python3.12/site-packages/mid360_driver-0.1.0-py3.12.egg-info
[3.657s] -- Installing: /home/yoshida/study/ros2/install/mid360_driver/lib/python3.12/site-packages/mid360_driver-0.1.0-py3.12.egg-info/PKG-INFO
[3.657s] -- Installing: /home/yoshida/study/ros2/install/mid360_driver/lib/python3.12/site-packages/mid360_driver-0.1.0-py3.12.egg-info/dependency_links.txt
[3.657s] -- Installing: /home/yoshida/study/ros2/install/mid360_driver/lib/python3.12/site-packages/mid360_driver-0.1.0-py3.12.egg-info/top_level.txt
[3.657s] -- Installing: /home/yoshida/study/ros2/install/mid360_driver/lib/python3.12/site-packages/mid360_driver-0.1.0-py3.12.egg-info/SOURCES.txt
[3.658s] -- Up-to-date: /home/yoshida/study/ros2/install/mid360_driver/lib/python3.12/site-packages/mid360_driver
[3.658s] -- Up-to-date: /home/yoshida/study/ros2/install/mid360_driver/lib/python3.12/site-packages/mid360_driver/mid360_driver_s__rosidl_typesupport_introspection_c.so
[3.658s] -- Installing: /home/yoshida/study/ros2/install/mid360_driver/lib/python3.12/site-packages/mid360_driver/__init__.py
[3.658s] -- Up-to-date: /home/yoshida/study/ros2/install/mid360_driver/lib/python3.12/site-packages/mid360_driver/mid360_driver_s__rosidl_typesupport_c.so
[3.658s] -- Up-to-date: /home/yoshida/study/ros2/install/mid360_driver/lib/python3.12/site-packages/mid360_driver/_mid360_driver_s.ep.rosidl_typesupport_c.c
[3.658s] -- Up-to-date: /home/yoshida/study/ros2/install/mid360_driver/lib/python3.12/site-packages/mid360_driver/mid360_driver_s__rosidl_typesupport_fastrtps_c.so
[3.659s] -- Up-to-date: /home/yoshida/study/ros2/install/mid360_driver/lib/python3.12/site-packages/mid360_driver/_mid360_driver_s.ep.rosidl_typesupport_introspection_c.c
[3.659s] -- Up-to-date: /home/yoshida/study/ros2/install/mid360_driver/lib/python3.12/site-packages/mid360_driver/_mid360_driver_s.ep.rosidl_typesupport_fastrtps_c.c
[3.659s] -- Up-to-date: /home/yoshida/study/ros2/install/mid360_driver/lib/python3.12/site-packages/mid360_driver/msg
[3.659s] -- Up-to-date: /home/yoshida/study/ros2/install/mid360_driver/lib/python3.12/site-packages/mid360_driver/msg/__init__.py
[3.659s] -- Up-to-date: /home/yoshida/study/ros2/install/mid360_driver/lib/python3.12/site-packages/mid360_driver/msg/_custom_point_s.c
[3.659s] -- Up-to-date: /home/yoshida/study/ros2/install/mid360_driver/lib/python3.12/site-packages/mid360_driver/msg/_custom_msg_s.c
[3.659s] -- Up-to-date: /home/yoshida/study/ros2/install/mid360_driver/lib/python3.12/site-packages/mid360_driver/msg/_custom_point.py
[3.660s] -- Up-to-date: /home/yoshida/study/ros2/install/mid360_driver/lib/python3.12/site-packages/mid360_driver/msg/_custom_msg.py
[3.719s] Listing '/home/yoshida/study/ros2/install/mid360_driver/lib/python3.12/site-packages/mid360_driver'...
[3.719s] Compiling '/home/yoshida/study/ros2/install/mid360_driver/lib/python3.12/site-packages/mid360_driver/__init__.py'...
[3.719s] Listing '/home/yoshida/study/ros2/install/mid360_driver/lib/python3.12/site-packages/mid360_driver/msg'...
[3.726s] -- Up-to-date: /home/yoshida/study/ros2/install/mid360_driver/lib/python3.12/site-packages/mid360_driver/mid360_driver_s__rosidl_typesupport_fastrtps_c.so
[3.726s] -- Up-to-date: /home/yoshida/study/ros2/install/mid360_driver/lib/python3.12/site-packages/mid360_driver/mid360_driver_s__rosidl_typesupport_introspection_c.so
[3.726s] -- Up-to-date: /home/yoshida/study/ros2/install/mid360_driver/lib/python3.12/site-packages/mid360_driver/mid360_driver_s__rosidl_typesupport_c.so
[3.727s] -- Up-to-date: /home/yoshida/study/ros2/install/mid360_driver/lib/libmid360_driver__rosidl_generator_py.so
[3.727s] -- Up-to-date: /home/yoshida/study/ros2/install/mid360_driver/share/mid360_driver/msg/CustomPoint.idl
[3.727s] -- Up-to-date: /home/yoshida/study/ros2/install/mid360_driver/share/mid360_driver/msg/CustomMsg.idl
[3.727s] -- Up-to-date: /home/yoshida/study/ros2/install/mid360_driver/share/mid360_driver/msg/CustomPoint.msg
[3.727s] -- Up-to-date: /home/yoshida/study/ros2/install/mid360_driver/share/mid360_driver/msg/CustomMsg.msg
[3.727s] -- Up-to-date: /home/yoshida/study/ros2/install/mid360_driver/lib/mid360_driver/mid360_driver_node
[3.727s] -- Up-to-date: /home/yoshida/study/ros2/install/mid360_driver/share/mid360_driver/launch
[3.727s] -- Up-to-date: /home/yoshida/study/ros2/install/mid360_driver/share/mid360_driver/launch/mid360.launch.xml
[3.728s] -- Up-to-date: /home/yoshida/study/ros2/install/mid360_driver/share/mid360_driver/config
[3.728s] -- Up-to-date: /home/yoshida/study/ros2/install/mid360_driver/share/mid360_driver/config/mid360_config.yaml
[3.728s] -- Up-to-date: /home/yoshida/study/ros2/install/mid360_driver/share/ament_index/resource_index/package_run_dependencies/mid360_driver
[3.728s] -- Installing: /home/yoshida/study/ros2/install/mid360_driver/share/ament_index/resource_index/parent_prefix_path/mid360_driver
[3.728s] -- Up-to-date: /home/yoshida/study/ros2/install/mid360_driver/share/mid360_driver/environment/ament_prefix_path.sh
[3.728s] -- Up-to-date: /home/yoshida/study/ros2/install/mid360_driver/share/mid360_driver/environment/ament_prefix_path.dsv
[3.728s] -- Up-to-date: /home/yoshida/study/ros2/install/mid360_driver/share/mid360_driver/environment/path.sh
[3.728s] -- Up-to-date: /home/yoshida/study/ros2/install/mid360_driver/share/mid360_driver/environment/path.dsv
[3.728s] -- Up-to-date: /home/yoshida/study/ros2/install/mid360_driver/share/mid360_driver/local_setup.bash
[3.728s] -- Up-to-date: /home/yoshida/study/ros2/install/mid360_driver/share/mid360_driver/local_setup.sh
[3.728s] -- Up-to-date: /home/yoshida/study/ros2/install/mid360_driver/share/mid360_driver/local_setup.zsh
[3.729s] -- Up-to-date: /home/yoshida/study/ros2/install/mid360_driver/share/mid360_driver/local_setup.dsv
[3.729s] -- Installing: /home/yoshida/study/ros2/install/mid360_driver/share/mid360_driver/package.dsv
[3.729s] -- Up-to-date: /home/yoshida/study/ros2/install/mid360_driver/share/ament_index/resource_index/packages/mid360_driver
[3.729s] -- Up-to-date: /home/yoshida/study/ros2/install/mid360_driver/share/mid360_driver/cmake/export_mid360_driver__rosidl_generator_cExport.cmake
[3.729s] -- Up-to-date: /home/yoshida/study/ros2/install/mid360_driver/share/mid360_driver/cmake/export_mid360_driver__rosidl_generator_cExport-noconfig.cmake
[3.729s] -- Up-to-date: /home/yoshida/study/ros2/install/mid360_driver/share/mid360_driver/cmake/export_mid360_driver__rosidl_typesupport_fastrtps_cExport.cmake
[3.729s] -- Up-to-date: /home/yoshida/study/ros2/install/mid360_driver/share/mid360_driver/cmake/export_mid360_driver__rosidl_typesupport_fastrtps_cExport-noconfig.cmake
[3.729s] -- Up-to-date: /home/yoshida/study/ros2/install/mid360_driver/share/mid360_driver/cmake/export_mid360_driver__rosidl_generator_cppExport.cmake
[3.729s] -- Up-to-date: /home/yoshida/study/ros2/install/mid360_driver/share/mid360_driver/cmake/export_mid360_driver__rosidl_typesupport_fastrtps_cppExport.cmake
[3.729s] -- Up-to-date: /home/yoshida/study/ros2/install/mid360_driver/share/mid360_driver/cmake/export_mid360_driver__rosidl_typesupport_fastrtps_cppExport-noconfig.cmake
[3.729s] -- Up-to-date: /home/yoshida/study/ros2/install/mid360_driver/share/mid360_driver/cmake/mid360_driver__rosidl_typesupport_introspection_cExport.cmake
[3.729s] -- Up-to-date: /home/yoshida/study/ros2/install/mid360_driver/share/mid360_driver/cmake/mid360_driver__rosidl_typesupport_introspection_cExport-noconfig.cmake
[3.730s] -- Up-to-date: /home/yoshida/study/ros2/install/mid360_driver/share/mid360_driver/cmake/mid360_driver__rosidl_typesupport_cExport.cmake
[3.730s] -- Up-to-date: /home/yoshida/study/ros2/install/mid360_driver/share/mid360_driver/cmake/mid360_driver__rosidl_typesupport_cExport-noconfig.cmake
[3.730s] -- Up-to-date: /home/yoshida/study/ros2/install/mid360_driver/share/mid360_driver/cmake/mid360_driver__rosidl_typesupport_introspection_cppExport.cmake
[3.730s] -- Up-to-date: /home/yoshida/study/ros2/install/mid360_driver/share/mid360_driver/cmake/mid360_driver__rosidl_typesupport_introspection_cppExport-noconfig.cmake
[3.730s] -- Up-to-date: /home/yoshida/study/ros2/install/mid360_driver/share/mid360_driver/cmake/mid360_driver__rosidl_typesupport_cppExport.cmake
[3.730s] -- Up-to-date: /home/yoshida/study/ros2/install/mid360_driver/share/mid360_driver/cmake/mid360_driver__rosidl_typesupport_cppExport-noconfig.cmake
[3.730s] -- Up-to-date: /home/yoshida/study/ros2/install/mid360_driver/share/mid360_driver/cmake/export_mid360_driver__rosidl_generator_pyExport.cmake
[3.730s] -- Up-to-date: /home/yoshida/study/ros2/install/mid360_driver/share/mid360_driver/cmake/export_mid360_driver__rosidl_generator_pyExport-noconfig.cmake
[3.730s] -- Up-to-date: /home/yoshida/study/ros2/install/mid360_driver/share/mid360_driver/cmake/rosidl_cmake-extras.cmake
[3.730s] -- Up-to-date: /home/yoshida/study/ros2/install/mid360_driver/share/mid360_driver/cmake/ament_cmake_export_dependencies-extras.cmake
[3.730s] -- Up-to-date: /home/yoshida/study/ros2/install/mid360_driver/share/mid360_driver/cmake/ament_cmake_export_include_directories-extras.cmake
[3.730s] -- Up-to-date: /home/yoshida/study/ros2/install/mid360_driver/share/mid360_driver/cmake/ament_cmake_export_libraries-extras.cmake
[3.730s] -- Up-to-date: /home/yoshida/study/ros2/install/mid360_driver/share/mid360_driver/cmake/ament_cmake_export_targets-extras.cmake
[3.731s] -- Up-to-date: /home/yoshida/study/ros2/install/mid360_driver/share/mid360_driver/cmake/rosidl_cmake_export_typesupport_targets-extras.cmake
[3.731s] -- Up-to-date: /home/yoshida/study/ros2/install/mid360_driver/share/mid360_driver/cmake/rosidl_cmake_export_typesupport_libraries-extras.cmake
[3.731s] -- Up-to-date: /home/yoshida/study/ros2/install/mid360_driver/share/mid360_driver/cmake/mid360_driverConfig.cmake
[3.731s] -- Up-to-date: /home/yoshida/study/ros2/install/mid360_driver/share/mid360_driver/cmake/mid360_driverConfig-version.cmake
[3.731s] -- Up-to-date: /home/yoshida/study/ros2/install/mid360_driver/share/mid360_driver/package.xml
[3.733s] Invoked command in '/home/yoshida/study/ros2/build/mid360_driver' returned '0': CMAKE_PREFIX_PATH=${CMAKE_PREFIX_PATH}:/opt/ros/jazzy DEBUGINFOD_URLS=https://debuginfod.ubuntu.com /usr/bin/cmake --install /home/yoshida/study/ros2/build/mid360_driver
