-- Found ament_cmake: 2.5.5 (/opt/ros/jazzy/share/ament_cmake/cmake)
-- Found Python3: /usr/bin/python3.12 (found version "3.12.3") found components: Interpreter 
-- Found rclcpp: 28.1.16 (/opt/ros/jazzy/share/rclcpp/cmake)
-- Found rosidl_generator_c: 4.6.7 (/opt/ros/jazzy/share/rosidl_generator_c/cmake)
-- Found rosidl_generator_cpp: 4.6.7 (/opt/ros/jazzy/share/rosidl_generator_cpp/cmake)
-- Using all available rosidl_typesupport_c: rosidl_typesupport_fastrtps_c;rosidl_typesupport_introspection_c
-- Using all available rosidl_typesupport_cpp: rosidl_typesupport_fastrtps_cpp;rosidl_typesupport_introspection_cpp
-- Found rmw_implementation_cmake: 7.3.3 (/opt/ros/jazzy/share/rmw_implementation_cmake/cmake)
-- Found rmw_fastrtps_cpp: 8.4.3 (/opt/ros/jazzy/share/rmw_fastrtps_cpp/cmake)
-- Using RMW implementation 'rmw_fastrtps_cpp' as default
-- Found std_msgs: 5.3.6 (/opt/ros/jazzy/share/std_msgs/cmake)
-- Found sensor_msgs: 5.3.6 (/opt/ros/jazzy/share/sensor_msgs/cmake)
-- Found rosidl_default_generators: 1.6.0 (/opt/ros/jazzy/share/rosidl_default_generators/cmake)
-- Found rosidl_adapter: 4.6.7 (/opt/ros/jazzy/share/rosidl_adapter/cmake)
-- Found ament_cmake_ros: 0.12.0 (/opt/ros/jazzy/share/ament_cmake_ros/cmake)
-- Using all available rosidl_typesupport_c: rosidl_typesupport_fastrtps_c;rosidl_typesupport_introspection_c
-- Using all available rosidl_typesupport_cpp: rosidl_typesupport_fastrtps_cpp;rosidl_typesupport_introspection_cpp
-- Found python_cmake_module: 0.11.1 (/opt/ros/jazzy/share/python_cmake_module/cmake)
-- Found PythonExtra: /usr/bin/python3.12  
-- Found Python3: /usr/bin/python3.12 (found version "3.12.3") found components: Interpreter Development NumPy Development.Module Development.Embed 
-- Found ament_lint_auto: 0.17.4 (/opt/ros/jazzy/share/ament_lint_auto/cmake)
-- Added test 'cppcheck' to perform static code analysis on C / C++ code
-- Configured cppcheck include dirs: /home/yoshida/study/ros2/src/mid360_driver/include
-- Configured cppcheck exclude dirs and/or files: 
-- Added test 'flake8' to check Python code syntax and style conventions
-- Configured 'flake8' exclude dirs and/or files: 
-- Added test 'lint_cmake' to check CMake code style
-- Added test 'pep257' to check Python code against some of the docstring style conventions in PEP 257
-- Added test 'uncrustify' to check C / C++ code style
-- Configured uncrustify additional arguments: 
-- Added test 'xmllint' to check XML markup files
-- Configuring done (6.6s)
-- Generating done (0.1s)
-- Build files have been written to: /home/yoshida/study/ros2/build/mid360_driver
[  1%] Generating type hashes for ROS interfaces
[  1%] Built target ament_cmake_python_copy_mid360_driver
running egg_info
creating mid360_driver.egg-info
writing mid360_driver.egg-info/PKG-INFO
writing dependency_links to mid360_driver.egg-info/dependency_links.txt
writing top-level names to mid360_driver.egg-info/top_level.txt
writing manifest file 'mid360_driver.egg-info/SOURCES.txt'
[  1%] Built target mid360_driver__rosidl_generator_type_description
[  3%] Generating C code for ROS interfaces
reading manifest file 'mid360_driver.egg-info/SOURCES.txt'
writing manifest file 'mid360_driver.egg-info/SOURCES.txt'
[  5%] Generating C++ code for ROS interfaces
[  5%] Built target ament_cmake_python_build_mid360_driver_egg
[  5%] Built target mid360_driver__cpp
[  7%] Building C object CMakeFiles/mid360_driver__rosidl_generator_c.dir/rosidl_generator_c/mid360_driver/msg/detail/custom_point__description.c.o
[  9%] Building C object CMakeFiles/mid360_driver__rosidl_generator_c.dir/rosidl_generator_c/mid360_driver/msg/detail/custom_msg__description.c.o
[ 13%] Building C object CMakeFiles/mid360_driver__rosidl_generator_c.dir/rosidl_generator_c/mid360_driver/msg/detail/custom_msg__functions.c.o
[ 11%] Building C object CMakeFiles/mid360_driver__rosidl_generator_c.dir/rosidl_generator_c/mid360_driver/msg/detail/custom_point__type_support.c.o
[ 15%] Building C object CMakeFiles/mid360_driver__rosidl_generator_c.dir/rosidl_generator_c/mid360_driver/msg/detail/custom_point__functions.c.o
[ 17%] Building C object CMakeFiles/mid360_driver__rosidl_generator_c.dir/rosidl_generator_c/mid360_driver/msg/detail/custom_msg__type_support.c.o
[ 19%] Linking C shared library libmid360_driver__rosidl_generator_c.so
[ 19%] Built target mid360_driver__rosidl_generator_c
[ 21%] Generating C type support for eProsima Fast-RTPS
[ 23%] Generating C++ type support for eProsima Fast-RTPS
[ 25%] Generating C++ type support dispatch for ROS interfaces
[ 26%] Generating C type support dispatch for ROS interfaces
[ 28%] Generating C introspection for ROS interfaces
[ 30%] Generating C++ introspection for ROS interfaces
[ 32%] Building CXX object CMakeFiles/mid360_driver__rosidl_typesupport_cpp.dir/rosidl_typesupport_cpp/mid360_driver/msg/custom_point__type_support.cpp.o
[ 34%] Building CXX object CMakeFiles/mid360_driver__rosidl_typesupport_cpp.dir/rosidl_typesupport_cpp/mid360_driver/msg/custom_msg__type_support.cpp.o
[ 36%] Building C object CMakeFiles/mid360_driver__rosidl_typesupport_introspection_c.dir/rosidl_typesupport_introspection_c/mid360_driver/msg/detail/custom_msg__type_support.c.o
[ 38%] Building C object CMakeFiles/mid360_driver__rosidl_typesupport_introspection_c.dir/rosidl_typesupport_introspection_c/mid360_driver/msg/detail/custom_point__type_support.c.o
[ 42%] Building CXX object CMakeFiles/mid360_driver__rosidl_typesupport_fastrtps_cpp.dir/rosidl_typesupport_fastrtps_cpp/mid360_driver/msg/detail/dds_fastrtps/custom_msg__type_support.cpp.o
[ 42%] Building CXX object CMakeFiles/mid360_driver__rosidl_typesupport_fastrtps_cpp.dir/rosidl_typesupport_fastrtps_cpp/mid360_driver/msg/detail/dds_fastrtps/custom_point__type_support.cpp.o
[ 44%] Building CXX object CMakeFiles/mid360_driver__rosidl_typesupport_introspection_cpp.dir/rosidl_typesupport_introspection_cpp/mid360_driver/msg/detail/custom_point__type_support.cpp.o
[ 46%] Building CXX object CMakeFiles/mid360_driver__rosidl_typesupport_introspection_cpp.dir/rosidl_typesupport_introspection_cpp/mid360_driver/msg/detail/custom_msg__type_support.cpp.o
[ 48%] Linking C shared library libmid360_driver__rosidl_typesupport_introspection_c.so
[ 50%] Building CXX object CMakeFiles/mid360_driver__rosidl_typesupport_c.dir/rosidl_typesupport_c/mid360_driver/msg/custom_msg__type_support.cpp.o
[ 51%] Building CXX object CMakeFiles/mid360_driver__rosidl_typesupport_c.dir/rosidl_typesupport_c/mid360_driver/msg/custom_point__type_support.cpp.o
[ 51%] Built target mid360_driver__rosidl_typesupport_introspection_c
[ 53%] Linking CXX shared library libmid360_driver__rosidl_typesupport_c.so
[ 53%] Built target mid360_driver__rosidl_typesupport_c
[ 57%] Building CXX object CMakeFiles/mid360_driver__rosidl_typesupport_fastrtps_c.dir/rosidl_typesupport_fastrtps_c/mid360_driver/msg/detail/custom_msg__type_support_c.cpp.o
[ 57%] Building CXX object CMakeFiles/mid360_driver__rosidl_typesupport_fastrtps_c.dir/rosidl_typesupport_fastrtps_c/mid360_driver/msg/detail/custom_point__type_support_c.cpp.o
[ 59%] Linking CXX shared library libmid360_driver__rosidl_typesupport_introspection_cpp.so
[ 59%] Built target mid360_driver__rosidl_typesupport_introspection_cpp
[ 61%] Linking CXX shared library libmid360_driver__rosidl_typesupport_cpp.so
[ 61%] Built target mid360_driver__rosidl_typesupport_cpp
[ 63%] Building CXX object CMakeFiles/mid360_driver_node.dir/src/livox_crc.cpp.o
[ 65%] Building CXX object CMakeFiles/mid360_driver_node.dir/src/mid360_driver_node.cpp.o
[ 67%] Building CXX object CMakeFiles/mid360_driver_node.dir/src/livox_cmd_protocol.cpp.o
[ 69%] Building CXX object CMakeFiles/mid360_driver_node.dir/src/udp_receiver.cpp.o
[ 71%] Building CXX object CMakeFiles/mid360_driver_node.dir/src/livox_point_types.cpp.o
[ 73%] Building CXX object CMakeFiles/mid360_driver_node.dir/src/livox_protocol.cpp.o
[ 75%] Building CXX object CMakeFiles/mid360_driver_node.dir/src/lidar_command_client.cpp.o
[ 76%] Linking CXX shared library libmid360_driver__rosidl_typesupport_fastrtps_c.so
[ 78%] Linking CXX shared library libmid360_driver__rosidl_typesupport_fastrtps_cpp.so
[ 78%] Built target mid360_driver__rosidl_typesupport_fastrtps_c
[ 78%] Built target mid360_driver__rosidl_typesupport_fastrtps_cpp
[ 78%] Built target mid360_driver
[ 80%] Generating Python code for ROS interfaces
[ 80%] Built target mid360_driver__py
[ 82%] Building C object CMakeFiles/mid360_driver__rosidl_generator_py.dir/rosidl_generator_py/mid360_driver/msg/_custom_point_s.c.o
[ 84%] Building C object CMakeFiles/mid360_driver__rosidl_generator_py.dir/rosidl_generator_py/mid360_driver/msg/_custom_msg_s.c.o
[ 86%] Linking C shared library libmid360_driver__rosidl_generator_py.so
[ 86%] Built target mid360_driver__rosidl_generator_py
[ 88%] Building C object CMakeFiles/mid360_driver_s__rosidl_typesupport_introspection_c.dir/rosidl_generator_py/mid360_driver/_mid360_driver_s.ep.rosidl_typesupport_introspection_c.c.o
[ 90%] Building C object CMakeFiles/mid360_driver_s__rosidl_typesupport_c.dir/rosidl_generator_py/mid360_driver/_mid360_driver_s.ep.rosidl_typesupport_c.c.o
[ 92%] Building C object CMakeFiles/mid360_driver_s__rosidl_typesupport_fastrtps_c.dir/rosidl_generator_py/mid360_driver/_mid360_driver_s.ep.rosidl_typesupport_fastrtps_c.c.o
[ 94%] Linking C shared module rosidl_generator_py/mid360_driver/mid360_driver_s__rosidl_typesupport_introspection_c.so
[ 94%] Built target mid360_driver_s__rosidl_typesupport_introspection_c
[ 96%] Linking C shared module rosidl_generator_py/mid360_driver/mid360_driver_s__rosidl_typesupport_c.so
[ 98%] Linking C shared module rosidl_generator_py/mid360_driver/mid360_driver_s__rosidl_typesupport_fastrtps_c.so
[ 98%] Built target mid360_driver_s__rosidl_typesupport_c
[ 98%] Built target mid360_driver_s__rosidl_typesupport_fastrtps_c
[100%] Linking CXX executable mid360_driver_node
[100%] Built target mid360_driver_node
-- Install configuration: ""
-- Installing: /home/yoshida/study/ros2/install/mid360_driver/share/ament_index/resource_index/rosidl_interfaces/mid360_driver
-- Installing: /home/yoshida/study/ros2/install/mid360_driver/share/mid360_driver/msg/CustomPoint.json
-- Installing: /home/yoshida/study/ros2/install/mid360_driver/share/mid360_driver/msg/CustomMsg.json
-- Installing: /home/yoshida/study/ros2/install/mid360_driver/include/mid360_driver/mid360_driver
-- Installing: /home/yoshida/study/ros2/install/mid360_driver/include/mid360_driver/mid360_driver/msg
-- Installing: /home/yoshida/study/ros2/install/mid360_driver/include/mid360_driver/mid360_driver/msg/detail
-- Installing: /home/yoshida/study/ros2/install/mid360_driver/include/mid360_driver/mid360_driver/msg/detail/custom_point__type_support.h
-- Installing: /home/yoshida/study/ros2/install/mid360_driver/include/mid360_driver/mid360_driver/msg/detail/custom_msg__description.c
-- Installing: /home/yoshida/study/ros2/install/mid360_driver/include/mid360_driver/mid360_driver/msg/detail/custom_point__type_support.c
-- Installing: /home/yoshida/study/ros2/install/mid360_driver/include/mid360_driver/mid360_driver/msg/detail/custom_msg__functions.c
-- Installing: /home/yoshida/study/ros2/install/mid360_driver/include/mid360_driver/mid360_driver/msg/detail/custom_point__functions.c
-- Installing: /home/yoshida/study/ros2/install/mid360_driver/include/mid360_driver/mid360_driver/msg/detail/custom_msg__type_support.c
-- Installing: /home/yoshida/study/ros2/install/mid360_driver/include/mid360_driver/mid360_driver/msg/detail/custom_msg__type_support.h
-- Installing: /home/yoshida/study/ros2/install/mid360_driver/include/mid360_driver/mid360_driver/msg/detail/custom_msg__functions.h
-- Installing: /home/yoshida/study/ros2/install/mid360_driver/include/mid360_driver/mid360_driver/msg/detail/custom_msg__struct.h
-- Installing: /home/yoshida/study/ros2/install/mid360_driver/include/mid360_driver/mid360_driver/msg/detail/custom_point__struct.h
-- Installing: /home/yoshida/study/ros2/install/mid360_driver/include/mid360_driver/mid360_driver/msg/detail/custom_point__description.c
-- Installing: /home/yoshida/study/ros2/install/mid360_driver/include/mid360_driver/mid360_driver/msg/detail/custom_point__functions.h
-- Installing: /home/yoshida/study/ros2/install/mid360_driver/include/mid360_driver/mid360_driver/msg/rosidl_generator_c__visibility_control.h
-- Installing: /home/yoshida/study/ros2/install/mid360_driver/include/mid360_driver/mid360_driver/msg/custom_point.h
-- Installing: /home/yoshida/study/ros2/install/mid360_driver/include/mid360_driver/mid360_driver/msg/custom_msg.h
-- Installing: /home/yoshida/study/ros2/install/mid360_driver/share/mid360_driver/environment/library_path.sh
-- Installing: /home/yoshida/study/ros2/install/mid360_driver/share/mid360_driver/environment/library_path.dsv
-- Installing: /home/yoshida/study/ros2/install/mid360_driver/lib/libmid360_driver__rosidl_generator_c.so
-- Set non-toolchain portion of runtime path of "/home/yoshida/study/ros2/install/mid360_driver/lib/libmid360_driver__rosidl_generator_c.so" to ""
-- Up-to-date: /home/yoshida/study/ros2/install/mid360_driver/include/mid360_driver/mid360_driver
-- Up-to-date: /home/yoshida/study/ros2/install/mid360_driver/include/mid360_driver/mid360_driver/msg
-- Up-to-date: /home/yoshida/study/ros2/install/mid360_driver/include/mid360_driver/mid360_driver/msg/detail
-- Installing: /home/yoshida/study/ros2/install/mid360_driver/include/mid360_driver/mid360_driver/msg/detail/custom_msg__rosidl_typesupport_fastrtps_c.h
-- Installing: /home/yoshida/study/ros2/install/mid360_driver/include/mid360_driver/mid360_driver/msg/detail/custom_point__rosidl_typesupport_fastrtps_c.h
-- Installing: /home/yoshida/study/ros2/install/mid360_driver/include/mid360_driver/mid360_driver/msg/rosidl_typesupport_fastrtps_c__visibility_control.h
-- Installing: /home/yoshida/study/ros2/install/mid360_driver/lib/libmid360_driver__rosidl_typesupport_fastrtps_c.so
-- Set non-toolchain portion of runtime path of "/home/yoshida/study/ros2/install/mid360_driver/lib/libmid360_driver__rosidl_typesupport_fastrtps_c.so" to ""
-- Up-to-date: /home/yoshida/study/ros2/install/mid360_driver/include/mid360_driver/mid360_driver
-- Up-to-date: /home/yoshida/study/ros2/install/mid360_driver/include/mid360_driver/mid360_driver/msg
-- Installing: /home/yoshida/study/ros2/install/mid360_driver/include/mid360_driver/mid360_driver/msg/custom_point.hpp
-- Up-to-date: /home/yoshida/study/ros2/install/mid360_driver/include/mid360_driver/mid360_driver/msg/detail
-- Installing: /home/yoshida/study/ros2/install/mid360_driver/include/mid360_driver/mid360_driver/msg/detail/custom_point__struct.hpp
-- Installing: /home/yoshida/study/ros2/install/mid360_driver/include/mid360_driver/mid360_driver/msg/detail/custom_msg__type_support.hpp
-- Installing: /home/yoshida/study/ros2/install/mid360_driver/include/mid360_driver/mid360_driver/msg/detail/custom_point__type_support.hpp
-- Installing: /home/yoshida/study/ros2/install/mid360_driver/include/mid360_driver/mid360_driver/msg/detail/custom_point__traits.hpp
-- Installing: /home/yoshida/study/ros2/install/mid360_driver/include/mid360_driver/mid360_driver/msg/detail/custom_msg__traits.hpp
-- Installing: /home/yoshida/study/ros2/install/mid360_driver/include/mid360_driver/mid360_driver/msg/detail/custom_msg__struct.hpp
-- Installing: /home/yoshida/study/ros2/install/mid360_driver/include/mid360_driver/mid360_driver/msg/detail/custom_msg__builder.hpp
-- Installing: /home/yoshida/study/ros2/install/mid360_driver/include/mid360_driver/mid360_driver/msg/detail/custom_point__builder.hpp
-- Installing: /home/yoshida/study/ros2/install/mid360_driver/include/mid360_driver/mid360_driver/msg/rosidl_generator_cpp__visibility_control.hpp
-- Installing: /home/yoshida/study/ros2/install/mid360_driver/include/mid360_driver/mid360_driver/msg/custom_msg.hpp
-- Up-to-date: /home/yoshida/study/ros2/install/mid360_driver/include/mid360_driver/mid360_driver
-- Up-to-date: /home/yoshida/study/ros2/install/mid360_driver/include/mid360_driver/mid360_driver/msg
-- Up-to-date: /home/yoshida/study/ros2/install/mid360_driver/include/mid360_driver/mid360_driver/msg/detail
-- Installing: /home/yoshida/study/ros2/install/mid360_driver/include/mid360_driver/mid360_driver/msg/detail/custom_msg__rosidl_typesupport_fastrtps_cpp.hpp
-- Installing: /home/yoshida/study/ros2/install/mid360_driver/include/mid360_driver/mid360_driver/msg/detail/dds_fastrtps
-- Installing: /home/yoshida/study/ros2/install/mid360_driver/include/mid360_driver/mid360_driver/msg/detail/custom_point__rosidl_typesupport_fastrtps_cpp.hpp
-- Installing: /home/yoshida/study/ros2/install/mid360_driver/include/mid360_driver/mid360_driver/msg/rosidl_typesupport_fastrtps_cpp__visibility_control.h
-- Installing: /home/yoshida/study/ros2/install/mid360_driver/lib/libmid360_driver__rosidl_typesupport_fastrtps_cpp.so
-- Set non-toolchain portion of runtime path of "/home/yoshida/study/ros2/install/mid360_driver/lib/libmid360_driver__rosidl_typesupport_fastrtps_cpp.so" to ""
-- Up-to-date: /home/yoshida/study/ros2/install/mid360_driver/include/mid360_driver/mid360_driver
-- Up-to-date: /home/yoshida/study/ros2/install/mid360_driver/include/mid360_driver/mid360_driver/msg
-- Up-to-date: /home/yoshida/study/ros2/install/mid360_driver/include/mid360_driver/mid360_driver/msg/detail
-- Installing: /home/yoshida/study/ros2/install/mid360_driver/include/mid360_driver/mid360_driver/msg/detail/custom_point__rosidl_typesupport_introspection_c.h
-- Installing: /home/yoshida/study/ros2/install/mid360_driver/include/mid360_driver/mid360_driver/msg/detail/custom_point__type_support.c
-- Installing: /home/yoshida/study/ros2/install/mid360_driver/include/mid360_driver/mid360_driver/msg/detail/custom_msg__type_support.c
-- Installing: /home/yoshida/study/ros2/install/mid360_driver/include/mid360_driver/mid360_driver/msg/detail/custom_msg__rosidl_typesupport_introspection_c.h
-- Installing: /home/yoshida/study/ros2/install/mid360_driver/include/mid360_driver/mid360_driver/msg/rosidl_typesupport_introspection_c__visibility_control.h
-- Installing: /home/yoshida/study/ros2/install/mid360_driver/lib/libmid360_driver__rosidl_typesupport_introspection_c.so
-- Set non-toolchain portion of runtime path of "/home/yoshida/study/ros2/install/mid360_driver/lib/libmid360_driver__rosidl_typesupport_introspection_c.so" to ""
-- Installing: /home/yoshida/study/ros2/install/mid360_driver/lib/libmid360_driver__rosidl_typesupport_c.so
-- Set non-toolchain portion of runtime path of "/home/yoshida/study/ros2/install/mid360_driver/lib/libmid360_driver__rosidl_typesupport_c.so" to ""
-- Up-to-date: /home/yoshida/study/ros2/install/mid360_driver/include/mid360_driver/mid360_driver
-- Up-to-date: /home/yoshida/study/ros2/install/mid360_driver/include/mid360_driver/mid360_driver/msg
-- Up-to-date: /home/yoshida/study/ros2/install/mid360_driver/include/mid360_driver/mid360_driver/msg/detail
-- Installing: /home/yoshida/study/ros2/install/mid360_driver/include/mid360_driver/mid360_driver/msg/detail/custom_msg__rosidl_typesupport_introspection_cpp.hpp
-- Installing: /home/yoshida/study/ros2/install/mid360_driver/include/mid360_driver/mid360_driver/msg/detail/custom_point__type_support.cpp
-- Installing: /home/yoshida/study/ros2/install/mid360_driver/include/mid360_driver/mid360_driver/msg/detail/custom_msg__type_support.cpp
-- Installing: /home/yoshida/study/ros2/install/mid360_driver/include/mid360_driver/mid360_driver/msg/detail/custom_point__rosidl_typesupport_introspection_cpp.hpp
-- Installing: /home/yoshida/study/ros2/install/mid360_driver/lib/libmid360_driver__rosidl_typesupport_introspection_cpp.so
-- Set non-toolchain portion of runtime path of "/home/yoshida/study/ros2/install/mid360_driver/lib/libmid360_driver__rosidl_typesupport_introspection_cpp.so" to ""
-- Installing: /home/yoshida/study/ros2/install/mid360_driver/lib/libmid360_driver__rosidl_typesupport_cpp.so
-- Set non-toolchain portion of runtime path of "/home/yoshida/study/ros2/install/mid360_driver/lib/libmid360_driver__rosidl_typesupport_cpp.so" to ""
-- Installing: /home/yoshida/study/ros2/install/mid360_driver/share/mid360_driver/environment/pythonpath.sh
-- Installing: /home/yoshida/study/ros2/install/mid360_driver/share/mid360_driver/environment/pythonpath.dsv
-- Installing: /home/yoshida/study/ros2/install/mid360_driver/lib/python3.12/site-packages/mid360_driver-0.1.0-py3.12.egg-info
-- Installing: /home/yoshida/study/ros2/install/mid360_driver/lib/python3.12/site-packages/mid360_driver-0.1.0-py3.12.egg-info/PKG-INFO
-- Installing: /home/yoshida/study/ros2/install/mid360_driver/lib/python3.12/site-packages/mid360_driver-0.1.0-py3.12.egg-info/dependency_links.txt
-- Installing: /home/yoshida/study/ros2/install/mid360_driver/lib/python3.12/site-packages/mid360_driver-0.1.0-py3.12.egg-info/top_level.txt
-- Installing: /home/yoshida/study/ros2/install/mid360_driver/lib/python3.12/site-packages/mid360_driver-0.1.0-py3.12.egg-info/SOURCES.txt
-- Installing: /home/yoshida/study/ros2/install/mid360_driver/lib/python3.12/site-packages/mid360_driver
-- Installing: /home/yoshida/study/ros2/install/mid360_driver/lib/python3.12/site-packages/mid360_driver/mid360_driver_s__rosidl_typesupport_introspection_c.so
-- Installing: /home/yoshida/study/ros2/install/mid360_driver/lib/python3.12/site-packages/mid360_driver/__init__.py
-- Installing: /home/yoshida/study/ros2/install/mid360_driver/lib/python3.12/site-packages/mid360_driver/mid360_driver_s__rosidl_typesupport_c.so
-- Installing: /home/yoshida/study/ros2/install/mid360_driver/lib/python3.12/site-packages/mid360_driver/_mid360_driver_s.ep.rosidl_typesupport_c.c
-- Installing: /home/yoshida/study/ros2/install/mid360_driver/lib/python3.12/site-packages/mid360_driver/mid360_driver_s__rosidl_typesupport_fastrtps_c.so
-- Installing: /home/yoshida/study/ros2/install/mid360_driver/lib/python3.12/site-packages/mid360_driver/_mid360_driver_s.ep.rosidl_typesupport_introspection_c.c
-- Installing: /home/yoshida/study/ros2/install/mid360_driver/lib/python3.12/site-packages/mid360_driver/_mid360_driver_s.ep.rosidl_typesupport_fastrtps_c.c
-- Installing: /home/yoshida/study/ros2/install/mid360_driver/lib/python3.12/site-packages/mid360_driver/msg
-- Installing: /home/yoshida/study/ros2/install/mid360_driver/lib/python3.12/site-packages/mid360_driver/msg/__init__.py
-- Installing: /home/yoshida/study/ros2/install/mid360_driver/lib/python3.12/site-packages/mid360_driver/msg/_custom_point_s.c
-- Installing: /home/yoshida/study/ros2/install/mid360_driver/lib/python3.12/site-packages/mid360_driver/msg/_custom_msg_s.c
-- Installing: /home/yoshida/study/ros2/install/mid360_driver/lib/python3.12/site-packages/mid360_driver/msg/_custom_point.py
-- Installing: /home/yoshida/study/ros2/install/mid360_driver/lib/python3.12/site-packages/mid360_driver/msg/_custom_msg.py
Listing '/home/yoshida/study/ros2/install/mid360_driver/lib/python3.12/site-packages/mid360_driver'...
Compiling '/home/yoshida/study/ros2/install/mid360_driver/lib/python3.12/site-packages/mid360_driver/__init__.py'...
Listing '/home/yoshida/study/ros2/install/mid360_driver/lib/python3.12/site-packages/mid360_driver/msg'...
Compiling '/home/yoshida/study/ros2/install/mid360_driver/lib/python3.12/site-packages/mid360_driver/msg/__init__.py'...
Compiling '/home/yoshida/study/ros2/install/mid360_driver/lib/python3.12/site-packages/mid360_driver/msg/_custom_msg.py'...
Compiling '/home/yoshida/study/ros2/install/mid360_driver/lib/python3.12/site-packages/mid360_driver/msg/_custom_point.py'...
-- Installing: /home/yoshida/study/ros2/install/mid360_driver/lib/python3.12/site-packages/mid360_driver/mid360_driver_s__rosidl_typesupport_fastrtps_c.so
-- Set non-toolchain portion of runtime path of "/home/yoshida/study/ros2/install/mid360_driver/lib/python3.12/site-packages/mid360_driver/mid360_driver_s__rosidl_typesupport_fastrtps_c.so" to ""
-- Installing: /home/yoshida/study/ros2/install/mid360_driver/lib/python3.12/site-packages/mid360_driver/mid360_driver_s__rosidl_typesupport_introspection_c.so
-- Set non-toolchain portion of runtime path of "/home/yoshida/study/ros2/install/mid360_driver/lib/python3.12/site-packages/mid360_driver/mid360_driver_s__rosidl_typesupport_introspection_c.so" to ""
-- Installing: /home/yoshida/study/ros2/install/mid360_driver/lib/python3.12/site-packages/mid360_driver/mid360_driver_s__rosidl_typesupport_c.so
-- Set non-toolchain portion of runtime path of "/home/yoshida/study/ros2/install/mid360_driver/lib/python3.12/site-packages/mid360_driver/mid360_driver_s__rosidl_typesupport_c.so" to ""
-- Installing: /home/yoshida/study/ros2/install/mid360_driver/lib/libmid360_driver__rosidl_generator_py.so
-- Set non-toolchain portion of runtime path of "/home/yoshida/study/ros2/install/mid360_driver/lib/libmid360_driver__rosidl_generator_py.so" to ""
-- Installing: /home/yoshida/study/ros2/install/mid360_driver/share/mid360_driver/msg/CustomPoint.idl
-- Installing: /home/yoshida/study/ros2/install/mid360_driver/share/mid360_driver/msg/CustomMsg.idl
-- Installing: /home/yoshida/study/ros2/install/mid360_driver/share/mid360_driver/msg/CustomPoint.msg
-- Installing: /home/yoshida/study/ros2/install/mid360_driver/share/mid360_driver/msg/CustomMsg.msg
-- Installing: /home/yoshida/study/ros2/install/mid360_driver/lib/mid360_driver/mid360_driver_node
-- Set non-toolchain portion of runtime path of "/home/yoshida/study/ros2/install/mid360_driver/lib/mid360_driver/mid360_driver_node" to ""
-- Installing: /home/yoshida/study/ros2/install/mid360_driver/share/mid360_driver/launch
-- Installing: /home/yoshida/study/ros2/install/mid360_driver/share/mid360_driver/launch/mid360.launch.py
-- Installing: /home/yoshida/study/ros2/install/mid360_driver/share/mid360_driver/config
-- Installing: /home/yoshida/study/ros2/install/mid360_driver/share/mid360_driver/config/mid360_config.yaml
-- Installing: /home/yoshida/study/ros2/install/mid360_driver/share/ament_index/resource_index/package_run_dependencies/mid360_driver
-- Installing: /home/yoshida/study/ros2/install/mid360_driver/share/ament_index/resource_index/parent_prefix_path/mid360_driver
-- Installing: /home/yoshida/study/ros2/install/mid360_driver/share/mid360_driver/environment/ament_prefix_path.sh
-- Installing: /home/yoshida/study/ros2/install/mid360_driver/share/mid360_driver/environment/ament_prefix_path.dsv
-- Installing: /home/yoshida/study/ros2/install/mid360_driver/share/mid360_driver/environment/path.sh
-- Installing: /home/yoshida/study/ros2/install/mid360_driver/share/mid360_driver/environment/path.dsv
-- Installing: /home/yoshida/study/ros2/install/mid360_driver/share/mid360_driver/local_setup.bash
-- Installing: /home/yoshida/study/ros2/install/mid360_driver/share/mid360_driver/local_setup.sh
-- Installing: /home/yoshida/study/ros2/install/mid360_driver/share/mid360_driver/local_setup.zsh
-- Installing: /home/yoshida/study/ros2/install/mid360_driver/share/mid360_driver/local_setup.dsv
-- Installing: /home/yoshida/study/ros2/install/mid360_driver/share/mid360_driver/package.dsv
-- Installing: /home/yoshida/study/ros2/install/mid360_driver/share/ament_index/resource_index/packages/mid360_driver
-- Installing: /home/yoshida/study/ros2/install/mid360_driver/share/mid360_driver/cmake/export_mid360_driver__rosidl_generator_cExport.cmake
-- Installing: /home/yoshida/study/ros2/install/mid360_driver/share/mid360_driver/cmake/export_mid360_driver__rosidl_generator_cExport-noconfig.cmake
-- Installing: /home/yoshida/study/ros2/install/mid360_driver/share/mid360_driver/cmake/export_mid360_driver__rosidl_typesupport_fastrtps_cExport.cmake
-- Installing: /home/yoshida/study/ros2/install/mid360_driver/share/mid360_driver/cmake/export_mid360_driver__rosidl_typesupport_fastrtps_cExport-noconfig.cmake
-- Installing: /home/yoshida/study/ros2/install/mid360_driver/share/mid360_driver/cmake/export_mid360_driver__rosidl_generator_cppExport.cmake
-- Installing: /home/yoshida/study/ros2/install/mid360_driver/share/mid360_driver/cmake/export_mid360_driver__rosidl_typesupport_fastrtps_cppExport.cmake
-- Installing: /home/yoshida/study/ros2/install/mid360_driver/share/mid360_driver/cmake/export_mid360_driver__rosidl_typesupport_fastrtps_cppExport-noconfig.cmake
-- Installing: /home/yoshida/study/ros2/install/mid360_driver/share/mid360_driver/cmake/mid360_driver__rosidl_typesupport_introspection_cExport.cmake
-- Installing: /home/yoshida/study/ros2/install/mid360_driver/share/mid360_driver/cmake/mid360_driver__rosidl_typesupport_introspection_cExport-noconfig.cmake
-- Installing: /home/yoshida/study/ros2/install/mid360_driver/share/mid360_driver/cmake/mid360_driver__rosidl_typesupport_cExport.cmake
-- Installing: /home/yoshida/study/ros2/install/mid360_driver/share/mid360_driver/cmake/mid360_driver__rosidl_typesupport_cExport-noconfig.cmake
-- Installing: /home/yoshida/study/ros2/install/mid360_driver/share/mid360_driver/cmake/mid360_driver__rosidl_typesupport_introspection_cppExport.cmake
-- Installing: /home/yoshida/study/ros2/install/mid360_driver/share/mid360_driver/cmake/mid360_driver__rosidl_typesupport_introspection_cppExport-noconfig.cmake
-- Installing: /home/yoshida/study/ros2/install/mid360_driver/share/mid360_driver/cmake/mid360_driver__rosidl_typesupport_cppExport.cmake
-- Installing: /home/yoshida/study/ros2/install/mid360_driver/share/mid360_driver/cmake/mid360_driver__rosidl_typesupport_cppExport-noconfig.cmake
-- Installing: /home/yoshida/study/ros2/install/mid360_driver/share/mid360_driver/cmake/export_mid360_driver__rosidl_generator_pyExport.cmake
-- Installing: /home/yoshida/study/ros2/install/mid360_driver/share/mid360_driver/cmake/export_mid360_driver__rosidl_generator_pyExport-noconfig.cmake
-- Installing: /home/yoshida/study/ros2/install/mid360_driver/share/mid360_driver/cmake/rosidl_cmake-extras.cmake
-- Installing: /home/yoshida/study/ros2/install/mid360_driver/share/mid360_driver/cmake/ament_cmake_export_dependencies-extras.cmake
-- Installing: /home/yoshida/study/ros2/install/mid360_driver/share/mid360_driver/cmake/ament_cmake_export_include_directories-extras.cmake
-- Installing: /home/yoshida/study/ros2/install/mid360_driver/share/mid360_driver/cmake/ament_cmake_export_libraries-extras.cmake
-- Installing: /home/yoshida/study/ros2/install/mid360_driver/share/mid360_driver/cmake/ament_cmake_export_targets-extras.cmake
-- Installing: /home/yoshida/study/ros2/install/mid360_driver/share/mid360_driver/cmake/rosidl_cmake_export_typesupport_targets-extras.cmake
-- Installing: /home/yoshida/study/ros2/install/mid360_driver/share/mid360_driver/cmake/rosidl_cmake_export_typesupport_libraries-extras.cmake
-- Installing: /home/yoshida/study/ros2/install/mid360_driver/share/mid360_driver/cmake/mid360_driverConfig.cmake
-- Installing: /home/yoshida/study/ros2/install/mid360_driver/share/mid360_driver/cmake/mid360_driverConfig-version.cmake
-- Installing: /home/yoshida/study/ros2/install/mid360_driver/share/mid360_driver/package.xml
