[0.010s] Invoking command in '/home/yoshida/study/ros2/build/mid360_driver': CMAKE_PREFIX_PATH=${CMAKE_PREFIX_PATH}:/opt/ros/jazzy DEBUGINFOD_URLS=https://debuginfod.ubuntu.com /usr/bin/cmake /home/yoshida/study/ros2/src/mid360_driver -DPython3_EXECUTABLE=/usr/bin/python3.12 -DCMAKE_INSTALL_PREFIX=/home/yoshida/study/ros2/install/mid360_driver
[0.033s] -- Found ament_cmake: 2.5.5 (/opt/ros/jazzy/share/ament_cmake/cmake)
[0.393s] -- Found Python3: /usr/bin/python3.12 (found version "3.12.3") found components: Interpreter 
[0.532s] -- Found rclcpp: 28.1.16 (/opt/ros/jazzy/share/rclcpp/cmake)
[0.570s] -- Found rosidl_generator_c: 4.6.7 (/opt/ros/jazzy/share/rosidl_generator_c/cmake)
[0.583s] -- Found rosidl_generator_cpp: 4.6.7 (/opt/ros/jazzy/share/rosidl_generator_cpp/cmake)
[0.603s] -- Using all available rosidl_typesupport_c: rosidl_typesupport_fastrtps_c;rosidl_typesupport_introspection_c
[0.622s] -- Using all available rosidl_typesupport_cpp: rosidl_typesupport_fastrtps_cpp;rosidl_typesupport_introspection_cpp
[0.743s] -- Found rmw_implementation_cmake: 7.3.3 (/opt/ros/jazzy/share/rmw_implementation_cmake/cmake)
[0.745s] -- Found rmw_fastrtps_cpp: 8.4.3 (/opt/ros/jazzy/share/rmw_fastrtps_cpp/cmake)
[0.858s] -- Using RMW implementation 'rmw_fastrtps_cpp' as default
[0.971s] -- Found std_msgs: 5.3.6 (/opt/ros/jazzy/share/std_msgs/cmake)
[0.997s] -- Found sensor_msgs: 5.3.6 (/opt/ros/jazzy/share/sensor_msgs/cmake)
[1.053s] -- Found rosidl_default_generators: 1.6.0 (/opt/ros/jazzy/share/rosidl_default_generators/cmake)
[1.069s] -- Found rosidl_adapter: 4.6.7 (/opt/ros/jazzy/share/rosidl_adapter/cmake)
[2.637s] -- Found ament_cmake_ros: 0.12.0 (/opt/ros/jazzy/share/ament_cmake_ros/cmake)
[4.477s] -- Using all available rosidl_typesupport_c: rosidl_typesupport_fastrtps_c;rosidl_typesupport_introspection_c
[5.211s] -- Using all available rosidl_typesupport_cpp: rosidl_typesupport_fastrtps_cpp;rosidl_typesupport_introspection_cpp
[5.225s] -- Found python_cmake_module: 0.11.1 (/opt/ros/jazzy/share/python_cmake_module/cmake)
[5.524s] -- Found PythonExtra: /usr/bin/python3.12  
[6.423s] -- Found Python3: /usr/bin/python3.12 (found version "3.12.3") found components: Interpreter Development NumPy Development.Module Development.Embed 
[6.519s] -- Found ament_lint_auto: 0.17.4 (/opt/ros/jazzy/share/ament_lint_auto/cmake)
[6.590s] -- Added test 'cppcheck' to perform static code analysis on C / C++ code
[6.593s] -- Configured cppcheck include dirs: /home/yoshida/study/ros2/src/mid360_driver/include
[6.593s] -- Configured cppcheck exclude dirs and/or files: 
[6.594s] -- Added test 'flake8' to check Python code syntax and style conventions
[6.595s] -- Configured 'flake8' exclude dirs and/or files: 
[6.596s] -- Added test 'lint_cmake' to check CMake code style
[6.598s] -- Added test 'pep257' to check Python code against some of the docstring style conventions in PEP 257
[6.602s] -- Added test 'uncrustify' to check C / C++ code style
[6.602s] -- Configured uncrustify additional arguments: 
[6.603s] -- Added test 'xmllint' to check XML markup files
[6.608s] -- Configuring done (6.6s)
[6.692s] -- Generating done (0.1s)
[6.712s] -- Build files have been written to: /home/yoshida/study/ros2/build/mid360_driver
[6.724s] Invoked command in '/home/yoshida/study/ros2/build/mid360_driver' returned '0': CMAKE_PREFIX_PATH=${CMAKE_PREFIX_PATH}:/opt/ros/jazzy DEBUGINFOD_URLS=https://debuginfod.ubuntu.com /usr/bin/cmake /home/yoshida/study/ros2/src/mid360_driver -DPython3_EXECUTABLE=/usr/bin/python3.12 -DCMAKE_INSTALL_PREFIX=/home/yoshida/study/ros2/install/mid360_driver
[6.726s] Invoking command in '/home/yoshida/study/ros2/build/mid360_driver': CMAKE_PREFIX_PATH=${CMAKE_PREFIX_PATH}:/opt/ros/jazzy DEBUGINFOD_URLS=https://debuginfod.ubuntu.com /usr/bin/cmake --build /home/yoshida/study/ros2/build/mid360_driver -- -j16 -l16
[6.841s] [  1%] Generating type hashes for ROS interfaces
[6.860s] [  1%] Built target ament_cmake_python_copy_mid360_driver
[7.213s] running egg_info
[7.214s] creating mid360_driver.egg-info
[7.242s] writing mid360_driver.egg-info/PKG-INFO
[7.242s] writing dependency_links to mid360_driver.egg-info/dependency_links.txt
[7.242s] writing top-level names to mid360_driver.egg-info/top_level.txt
[7.242s] writing manifest file 'mid360_driver.egg-info/SOURCES.txt'
[7.304s] [  1%] Built target mid360_driver__rosidl_generator_type_description
[7.322s] [  3%] Generating C code for ROS interfaces
[7.328s] reading manifest file 'mid360_driver.egg-info/SOURCES.txt'
[7.329s] writing manifest file 'mid360_driver.egg-info/SOURCES.txt'
[7.335s] [  5%] Generating C++ code for ROS interfaces
[7.371s] [  5%] Built target ament_cmake_python_build_mid360_driver_egg
[7.809s] [  5%] Built target mid360_driver__cpp
[7.882s] [  7%] Building C object CMakeFiles/mid360_driver__rosidl_generator_c.dir/rosidl_generator_c/mid360_driver/msg/detail/custom_point__description.c.o
[7.883s] [  9%] Building C object CMakeFiles/mid360_driver__rosidl_generator_c.dir/rosidl_generator_c/mid360_driver/msg/detail/custom_msg__description.c.o
[7.884s] [ 13%] Building C object CMakeFiles/mid360_driver__rosidl_generator_c.dir/rosidl_generator_c/mid360_driver/msg/detail/custom_msg__functions.c.o
[7.885s] [ 11%] Building C object CMakeFiles/mid360_driver__rosidl_generator_c.dir/rosidl_generator_c/mid360_driver/msg/detail/custom_point__type_support.c.o
[7.889s] [ 15%] Building C object CMakeFiles/mid360_driver__rosidl_generator_c.dir/rosidl_generator_c/mid360_driver/msg/detail/custom_point__functions.c.o
[7.891s] [ 17%] Building C object CMakeFiles/mid360_driver__rosidl_generator_c.dir/rosidl_generator_c/mid360_driver/msg/detail/custom_msg__type_support.c.o
[8.007s] [ 19%] Linking C shared library libmid360_driver__rosidl_generator_c.so
[8.106s] [ 19%] Built target mid360_driver__rosidl_generator_c
[8.129s] [ 21%] Generating C type support for eProsima Fast-RTPS
[8.132s] [ 23%] Generating C++ type support for eProsima Fast-RTPS
[8.137s] [ 25%] Generating C++ type support dispatch for ROS interfaces
[8.138s] [ 26%] Generating C type support dispatch for ROS interfaces
[8.139s] [ 28%] Generating C introspection for ROS interfaces
[8.142s] [ 30%] Generating C++ introspection for ROS interfaces
[8.636s] [ 32%] Building CXX object CMakeFiles/mid360_driver__rosidl_typesupport_cpp.dir/rosidl_typesupport_cpp/mid360_driver/msg/custom_point__type_support.cpp.o
[8.636s] [ 34%] Building CXX object CMakeFiles/mid360_driver__rosidl_typesupport_cpp.dir/rosidl_typesupport_cpp/mid360_driver/msg/custom_msg__type_support.cpp.o
[8.718s] [ 36%] Building C object CMakeFiles/mid360_driver__rosidl_typesupport_introspection_c.dir/rosidl_typesupport_introspection_c/mid360_driver/msg/detail/custom_msg__type_support.c.o
[8.719s] [ 38%] Building C object CMakeFiles/mid360_driver__rosidl_typesupport_introspection_c.dir/rosidl_typesupport_introspection_c/mid360_driver/msg/detail/custom_point__type_support.c.o
[8.730s] [ 42%] Building CXX object CMakeFiles/mid360_driver__rosidl_typesupport_fastrtps_cpp.dir/rosidl_typesupport_fastrtps_cpp/mid360_driver/msg/detail/dds_fastrtps/custom_msg__type_support.cpp.o
[8.730s] [ 42%] Building CXX object CMakeFiles/mid360_driver__rosidl_typesupport_fastrtps_cpp.dir/rosidl_typesupport_fastrtps_cpp/mid360_driver/msg/detail/dds_fastrtps/custom_point__type_support.cpp.o
[8.756s] [ 44%] Building CXX object CMakeFiles/mid360_driver__rosidl_typesupport_introspection_cpp.dir/rosidl_typesupport_introspection_cpp/mid360_driver/msg/detail/custom_point__type_support.cpp.o
[8.759s] [ 46%] Building CXX object CMakeFiles/mid360_driver__rosidl_typesupport_introspection_cpp.dir/rosidl_typesupport_introspection_cpp/mid360_driver/msg/detail/custom_msg__type_support.cpp.o
[8.801s] [ 48%] Linking C shared library libmid360_driver__rosidl_typesupport_introspection_c.so
[8.850s] [ 50%] Building CXX object CMakeFiles/mid360_driver__rosidl_typesupport_c.dir/rosidl_typesupport_c/mid360_driver/msg/custom_msg__type_support.cpp.o
[8.858s] [ 51%] Building CXX object CMakeFiles/mid360_driver__rosidl_typesupport_c.dir/rosidl_typesupport_c/mid360_driver/msg/custom_point__type_support.cpp.o
[8.858s] [ 51%] Built target mid360_driver__rosidl_typesupport_introspection_c
[8.932s] [ 53%] Linking CXX shared library libmid360_driver__rosidl_typesupport_c.so
[9.023s] [ 53%] Built target mid360_driver__rosidl_typesupport_c
[9.097s] [ 57%] Building CXX object CMakeFiles/mid360_driver__rosidl_typesupport_fastrtps_c.dir/rosidl_typesupport_fastrtps_c/mid360_driver/msg/detail/custom_msg__type_support_c.cpp.o
[9.097s] [ 57%] Building CXX object CMakeFiles/mid360_driver__rosidl_typesupport_fastrtps_c.dir/rosidl_typesupport_fastrtps_c/mid360_driver/msg/detail/custom_point__type_support_c.cpp.o
[9.174s] [ 59%] Linking CXX shared library libmid360_driver__rosidl_typesupport_introspection_cpp.so
[9.285s] [ 59%] Built target mid360_driver__rosidl_typesupport_introspection_cpp
[9.300s] [ 61%] Linking CXX shared library libmid360_driver__rosidl_typesupport_cpp.so
[9.363s] [ 61%] Built target mid360_driver__rosidl_typesupport_cpp
[9.396s] [ 63%] Building CXX object CMakeFiles/mid360_driver_node.dir/src/livox_crc.cpp.o
[9.399s] [ 65%] Building CXX object CMakeFiles/mid360_driver_node.dir/src/mid360_driver_node.cpp.o
[9.401s] [ 67%] Building CXX object CMakeFiles/mid360_driver_node.dir/src/livox_cmd_protocol.cpp.o
[9.401s] [ 69%] Building CXX object CMakeFiles/mid360_driver_node.dir/src/udp_receiver.cpp.o
[9.401s] [ 71%] Building CXX object CMakeFiles/mid360_driver_node.dir/src/livox_point_types.cpp.o
[9.401s] [ 73%] Building CXX object CMakeFiles/mid360_driver_node.dir/src/livox_protocol.cpp.o
[9.413s] [ 75%] Building CXX object CMakeFiles/mid360_driver_node.dir/src/lidar_command_client.cpp.o
[9.783s] [ 76%] Linking CXX shared library libmid360_driver__rosidl_typesupport_fastrtps_c.so
[9.799s] [ 78%] Linking CXX shared library libmid360_driver__rosidl_typesupport_fastrtps_cpp.so
[9.891s] [ 78%] Built target mid360_driver__rosidl_typesupport_fastrtps_c
[9.945s] [ 78%] Built target mid360_driver__rosidl_typesupport_fastrtps_cpp
[9.981s] [ 78%] Built target mid360_driver
[10.025s] [ 80%] Generating Python code for ROS interfaces
[11.104s] [ 80%] Built target mid360_driver__py
[11.132s] [ 82%] Building C object CMakeFiles/mid360_driver__rosidl_generator_py.dir/rosidl_generator_py/mid360_driver/msg/_custom_point_s.c.o
[11.138s] [ 84%] Building C object CMakeFiles/mid360_driver__rosidl_generator_py.dir/rosidl_generator_py/mid360_driver/msg/_custom_msg_s.c.o
[11.457s] [ 86%] Linking C shared library libmid360_driver__rosidl_generator_py.so
[11.537s] [ 86%] Built target mid360_driver__rosidl_generator_py
[11.561s] [ 88%] Building C object CMakeFiles/mid360_driver_s__rosidl_typesupport_introspection_c.dir/rosidl_generator_py/mid360_driver/_mid360_driver_s.ep.rosidl_typesupport_introspection_c.c.o
[11.571s] [ 90%] Building C object CMakeFiles/mid360_driver_s__rosidl_typesupport_c.dir/rosidl_generator_py/mid360_driver/_mid360_driver_s.ep.rosidl_typesupport_c.c.o
[11.572s] [ 92%] Building C object CMakeFiles/mid360_driver_s__rosidl_typesupport_fastrtps_c.dir/rosidl_generator_py/mid360_driver/_mid360_driver_s.ep.rosidl_typesupport_fastrtps_c.c.o
[11.696s] [ 94%] Linking C shared module rosidl_generator_py/mid360_driver/mid360_driver_s__rosidl_typesupport_introspection_c.so
[11.737s] [ 94%] Built target mid360_driver_s__rosidl_typesupport_introspection_c
[11.800s] [ 96%] Linking C shared module rosidl_generator_py/mid360_driver/mid360_driver_s__rosidl_typesupport_c.so
[11.812s] [ 98%] Linking C shared module rosidl_generator_py/mid360_driver/mid360_driver_s__rosidl_typesupport_fastrtps_c.so
[11.844s] [ 98%] Built target mid360_driver_s__rosidl_typesupport_c
[11.870s] [ 98%] Built target mid360_driver_s__rosidl_typesupport_fastrtps_c
[18.152s] [100%] Linking CXX executable mid360_driver_node
[18.622s] [100%] Built target mid360_driver_node
[18.645s] Invoked command in '/home/yoshida/study/ros2/build/mid360_driver' returned '0': CMAKE_PREFIX_PATH=${CMAKE_PREFIX_PATH}:/opt/ros/jazzy DEBUGINFOD_URLS=https://debuginfod.ubuntu.com /usr/bin/cmake --build /home/yoshida/study/ros2/build/mid360_driver -- -j16 -l16
[18.670s] Invoking command in '/home/yoshida/study/ros2/build/mid360_driver': CMAKE_PREFIX_PATH=${CMAKE_PREFIX_PATH}:/opt/ros/jazzy DEBUGINFOD_URLS=https://debuginfod.ubuntu.com /usr/bin/cmake --install /home/yoshida/study/ros2/build/mid360_driver
[18.692s] -- Install configuration: ""
[18.692s] -- Installing: /home/yoshida/study/ros2/install/mid360_driver/share/ament_index/resource_index/rosidl_interfaces/mid360_driver
[18.693s] -- Installing: /home/yoshida/study/ros2/install/mid360_driver/share/mid360_driver/msg/CustomPoint.json
[18.694s] -- Installing: /home/yoshida/study/ros2/install/mid360_driver/share/mid360_driver/msg/CustomMsg.json
[18.694s] -- Installing: /home/yoshida/study/ros2/install/mid360_driver/include/mid360_driver/mid360_driver
[18.694s] -- Installing: /home/yoshida/study/ros2/install/mid360_driver/include/mid360_driver/mid360_driver/msg
[18.695s] -- Installing: /home/yoshida/study/ros2/install/mid360_driver/include/mid360_driver/mid360_driver/msg/detail
[18.695s] -- Installing: /home/yoshida/study/ros2/install/mid360_driver/include/mid360_driver/mid360_driver/msg/detail/custom_point__type_support.h
[18.695s] -- Installing: /home/yoshida/study/ros2/install/mid360_driver/include/mid360_driver/mid360_driver/msg/detail/custom_msg__description.c
[18.696s] -- Installing: /home/yoshida/study/ros2/install/mid360_driver/include/mid360_driver/mid360_driver/msg/detail/custom_point__type_support.c
[18.696s] -- Installing: /home/yoshida/study/ros2/install/mid360_driver/include/mid360_driver/mid360_driver/msg/detail/custom_msg__functions.c
[18.696s] -- Installing: /home/yoshida/study/ros2/install/mid360_driver/include/mid360_driver/mid360_driver/msg/detail/custom_point__functions.c
[18.697s] -- Installing: /home/yoshida/study/ros2/install/mid360_driver/include/mid360_driver/mid360_driver/msg/detail/custom_msg__type_support.c
[18.697s] -- Installing: /home/yoshida/study/ros2/install/mid360_driver/include/mid360_driver/mid360_driver/msg/detail/custom_msg__type_support.h
[18.697s] -- Installing: /home/yoshida/study/ros2/install/mid360_driver/include/mid360_driver/mid360_driver/msg/detail/custom_msg__functions.h
[18.698s] -- Installing: /home/yoshida/study/ros2/install/mid360_driver/include/mid360_driver/mid360_driver/msg/detail/custom_msg__struct.h
[18.698s] -- Installing: /home/yoshida/study/ros2/install/mid360_driver/include/mid360_driver/mid360_driver/msg/detail/custom_point__struct.h
[18.699s] -- Installing: /home/yoshida/study/ros2/install/mid360_driver/include/mid360_driver/mid360_driver/msg/detail/custom_point__description.c
[18.700s] -- Installing: /home/yoshida/study/ros2/install/mid360_driver/include/mid360_driver/mid360_driver/msg/detail/custom_point__functions.h
[18.700s] -- Installing: /home/yoshida/study/ros2/install/mid360_driver/include/mid360_driver/mid360_driver/msg/rosidl_generator_c__visibility_control.h
[18.701s] -- Installing: /home/yoshida/study/ros2/install/mid360_driver/include/mid360_driver/mid360_driver/msg/custom_point.h
[18.701s] -- Installing: /home/yoshida/study/ros2/install/mid360_driver/include/mid360_driver/mid360_driver/msg/custom_msg.h
[18.702s] -- Installing: /home/yoshida/study/ros2/install/mid360_driver/share/mid360_driver/environment/library_path.sh
[18.702s] -- Installing: /home/yoshida/study/ros2/install/mid360_driver/share/mid360_driver/environment/library_path.dsv
[18.702s] -- Installing: /home/yoshida/study/ros2/install/mid360_driver/lib/libmid360_driver__rosidl_generator_c.so
[18.703s] -- Set non-toolchain portion of runtime path of "/home/yoshida/study/ros2/install/mid360_driver/lib/libmid360_driver__rosidl_generator_c.so" to ""
[18.704s] -- Up-to-date: /home/yoshida/study/ros2/install/mid360_driver/include/mid360_driver/mid360_driver
[18.704s] -- Up-to-date: /home/yoshida/study/ros2/install/mid360_driver/include/mid360_driver/mid360_driver/msg
[18.705s] -- Up-to-date: /home/yoshida/study/ros2/install/mid360_driver/include/mid360_driver/mid360_driver/msg/detail
[18.705s] -- Installing: /home/yoshida/study/ros2/install/mid360_driver/include/mid360_driver/mid360_driver/msg/detail/custom_msg__rosidl_typesupport_fastrtps_c.h
[18.705s] -- Installing: /home/yoshida/study/ros2/install/mid360_driver/include/mid360_driver/mid360_driver/msg/detail/custom_point__rosidl_typesupport_fastrtps_c.h
[18.705s] -- Installing: /home/yoshida/study/ros2/install/mid360_driver/include/mid360_driver/mid360_driver/msg/rosidl_typesupport_fastrtps_c__visibility_control.h
[18.705s] -- Installing: /home/yoshida/study/ros2/install/mid360_driver/lib/libmid360_driver__rosidl_typesupport_fastrtps_c.so
[18.706s] -- Set non-toolchain portion of runtime path of "/home/yoshida/study/ros2/install/mid360_driver/lib/libmid360_driver__rosidl_typesupport_fastrtps_c.so" to ""
[18.706s] -- Up-to-date: /home/yoshida/study/ros2/install/mid360_driver/include/mid360_driver/mid360_driver
[18.706s] -- Up-to-date: /home/yoshida/study/ros2/install/mid360_driver/include/mid360_driver/mid360_driver/msg
[18.706s] -- Installing: /home/yoshida/study/ros2/install/mid360_driver/include/mid360_driver/mid360_driver/msg/custom_point.hpp
[18.706s] -- Up-to-date: /home/yoshida/study/ros2/install/mid360_driver/include/mid360_driver/mid360_driver/msg/detail
[18.706s] -- Installing: /home/yoshida/study/ros2/install/mid360_driver/include/mid360_driver/mid360_driver/msg/detail/custom_point__struct.hpp
[18.707s] -- Installing: /home/yoshida/study/ros2/install/mid360_driver/include/mid360_driver/mid360_driver/msg/detail/custom_msg__type_support.hpp
[18.707s] -- Installing: /home/yoshida/study/ros2/install/mid360_driver/include/mid360_driver/mid360_driver/msg/detail/custom_point__type_support.hpp
[18.707s] -- Installing: /home/yoshida/study/ros2/install/mid360_driver/include/mid360_driver/mid360_driver/msg/detail/custom_point__traits.hpp
[18.707s] -- Installing: /home/yoshida/study/ros2/install/mid360_driver/include/mid360_driver/mid360_driver/msg/detail/custom_msg__traits.hpp
[18.707s] -- Installing: /home/yoshida/study/ros2/install/mid360_driver/include/mid360_driver/mid360_driver/msg/detail/custom_msg__struct.hpp
[18.707s] -- Installing: /home/yoshida/study/ros2/install/mid360_driver/include/mid360_driver/mid360_driver/msg/detail/custom_msg__builder.hpp
[18.708s] -- Installing: /home/yoshida/study/ros2/install/mid360_driver/include/mid360_driver/mid360_driver/msg/detail/custom_point__builder.hpp
[18.708s] -- Installing: /home/yoshida/study/ros2/install/mid360_driver/include/mid360_driver/mid360_driver/msg/rosidl_generator_cpp__visibility_control.hpp
[18.708s] -- Installing: /home/yoshida/study/ros2/install/mid360_driver/include/mid360_driver/mid360_driver/msg/custom_msg.hpp
[18.708s] -- Up-to-date: /home/yoshida/study/ros2/install/mid360_driver/include/mid360_driver/mid360_driver
[18.708s] -- Up-to-date: /home/yoshida/study/ros2/install/mid360_driver/include/mid360_driver/mid360_driver/msg
[18.709s] -- Up-to-date: /home/yoshida/study/ros2/install/mid360_driver/include/mid360_driver/mid360_driver/msg/detail
[18.709s] -- Installing: /home/yoshida/study/ros2/install/mid360_driver/include/mid360_driver/mid360_driver/msg/detail/custom_msg__rosidl_typesupport_fastrtps_cpp.hpp
[18.709s] -- Installing: /home/yoshida/study/ros2/install/mid360_driver/include/mid360_driver/mid360_driver/msg/detail/dds_fastrtps
[18.709s] -- Installing: /home/yoshida/study/ros2/install/mid360_driver/include/mid360_driver/mid360_driver/msg/detail/custom_point__rosidl_typesupport_fastrtps_cpp.hpp
[18.710s] -- Installing: /home/yoshida/study/ros2/install/mid360_driver/include/mid360_driver/mid360_driver/msg/rosidl_typesupport_fastrtps_cpp__visibility_control.h
[18.711s] -- Installing: /home/yoshida/study/ros2/install/mid360_driver/lib/libmid360_driver__rosidl_typesupport_fastrtps_cpp.so
[18.711s] -- Set non-toolchain portion of runtime path of "/home/yoshida/study/ros2/install/mid360_driver/lib/libmid360_driver__rosidl_typesupport_fastrtps_cpp.so" to ""
[18.711s] -- Up-to-date: /home/yoshida/study/ros2/install/mid360_driver/include/mid360_driver/mid360_driver
[18.712s] -- Up-to-date: /home/yoshida/study/ros2/install/mid360_driver/include/mid360_driver/mid360_driver/msg
[18.712s] -- Up-to-date: /home/yoshida/study/ros2/install/mid360_driver/include/mid360_driver/mid360_driver/msg/detail
[18.712s] -- Installing: /home/yoshida/study/ros2/install/mid360_driver/include/mid360_driver/mid360_driver/msg/detail/custom_point__rosidl_typesupport_introspection_c.h
[18.713s] -- Installing: /home/yoshida/study/ros2/install/mid360_driver/include/mid360_driver/mid360_driver/msg/detail/custom_point__type_support.c
[18.714s] -- Installing: /home/yoshida/study/ros2/install/mid360_driver/include/mid360_driver/mid360_driver/msg/detail/custom_msg__type_support.c
[18.715s] -- Installing: /home/yoshida/study/ros2/install/mid360_driver/include/mid360_driver/mid360_driver/msg/detail/custom_msg__rosidl_typesupport_introspection_c.h
[18.717s] -- Installing: /home/yoshida/study/ros2/install/mid360_driver/include/mid360_driver/mid360_driver/msg/rosidl_typesupport_introspection_c__visibility_control.h
[18.718s] -- Installing: /home/yoshida/study/ros2/install/mid360_driver/lib/libmid360_driver__rosidl_typesupport_introspection_c.so
[18.718s] -- Set non-toolchain portion of runtime path of "/home/yoshida/study/ros2/install/mid360_driver/lib/libmid360_driver__rosidl_typesupport_introspection_c.so" to ""
[18.719s] -- Installing: /home/yoshida/study/ros2/install/mid360_driver/lib/libmid360_driver__rosidl_typesupport_c.so
[18.719s] -- Set non-toolchain portion of runtime path of "/home/yoshida/study/ros2/install/mid360_driver/lib/libmid360_driver__rosidl_typesupport_c.so" to ""
[18.719s] -- Up-to-date: /home/yoshida/study/ros2/install/mid360_driver/include/mid360_driver/mid360_driver
[18.720s] -- Up-to-date: /home/yoshida/study/ros2/install/mid360_driver/include/mid360_driver/mid360_driver/msg
[18.720s] -- Up-to-date: /home/yoshida/study/ros2/install/mid360_driver/include/mid360_driver/mid360_driver/msg/detail
[18.720s] -- Installing: /home/yoshida/study/ros2/install/mid360_driver/include/mid360_driver/mid360_driver/msg/detail/custom_msg__rosidl_typesupport_introspection_cpp.hpp
[18.720s] -- Installing: /home/yoshida/study/ros2/install/mid360_driver/include/mid360_driver/mid360_driver/msg/detail/custom_point__type_support.cpp
[18.721s] -- Installing: /home/yoshida/study/ros2/install/mid360_driver/include/mid360_driver/mid360_driver/msg/detail/custom_msg__type_support.cpp
[18.721s] -- Installing: /home/yoshida/study/ros2/install/mid360_driver/include/mid360_driver/mid360_driver/msg/detail/custom_point__rosidl_typesupport_introspection_cpp.hpp
[18.721s] -- Installing: /home/yoshida/study/ros2/install/mid360_driver/lib/libmid360_driver__rosidl_typesupport_introspection_cpp.so
[18.721s] -- Set non-toolchain portion of runtime path of "/home/yoshida/study/ros2/install/mid360_driver/lib/libmid360_driver__rosidl_typesupport_introspection_cpp.so" to ""
[18.722s] -- Installing: /home/yoshida/study/ros2/install/mid360_driver/lib/libmid360_driver__rosidl_typesupport_cpp.so
[18.722s] -- Set non-toolchain portion of runtime path of "/home/yoshida/study/ros2/install/mid360_driver/lib/libmid360_driver__rosidl_typesupport_cpp.so" to ""
[18.722s] -- Installing: /home/yoshida/study/ros2/install/mid360_driver/share/mid360_driver/environment/pythonpath.sh
[18.722s] -- Installing: /home/yoshida/study/ros2/install/mid360_driver/share/mid360_driver/environment/pythonpath.dsv
[18.722s] -- Installing: /home/yoshida/study/ros2/install/mid360_driver/lib/python3.12/site-packages/mid360_driver-0.1.0-py3.12.egg-info
[18.723s] -- Installing: /home/yoshida/study/ros2/install/mid360_driver/lib/python3.12/site-packages/mid360_driver-0.1.0-py3.12.egg-info/PKG-INFO
[18.723s] -- Installing: /home/yoshida/study/ros2/install/mid360_driver/lib/python3.12/site-packages/mid360_driver-0.1.0-py3.12.egg-info/dependency_links.txt
[18.723s] -- Installing: /home/yoshida/study/ros2/install/mid360_driver/lib/python3.12/site-packages/mid360_driver-0.1.0-py3.12.egg-info/top_level.txt
[18.723s] -- Installing: /home/yoshida/study/ros2/install/mid360_driver/lib/python3.12/site-packages/mid360_driver-0.1.0-py3.12.egg-info/SOURCES.txt
[18.723s] -- Installing: /home/yoshida/study/ros2/install/mid360_driver/lib/python3.12/site-packages/mid360_driver
[18.723s] -- Installing: /home/yoshida/study/ros2/install/mid360_driver/lib/python3.12/site-packages/mid360_driver/mid360_driver_s__rosidl_typesupport_introspection_c.so
[18.723s] -- Installing: /home/yoshida/study/ros2/install/mid360_driver/lib/python3.12/site-packages/mid360_driver/__init__.py
[18.723s] -- Installing: /home/yoshida/study/ros2/install/mid360_driver/lib/python3.12/site-packages/mid360_driver/mid360_driver_s__rosidl_typesupport_c.so
[18.723s] -- Installing: /home/yoshida/study/ros2/install/mid360_driver/lib/python3.12/site-packages/mid360_driver/_mid360_driver_s.ep.rosidl_typesupport_c.c
[18.724s] -- Installing: /home/yoshida/study/ros2/install/mid360_driver/lib/python3.12/site-packages/mid360_driver/mid360_driver_s__rosidl_typesupport_fastrtps_c.so
[18.724s] -- Installing: /home/yoshida/study/ros2/install/mid360_driver/lib/python3.12/site-packages/mid360_driver/_mid360_driver_s.ep.rosidl_typesupport_introspection_c.c
[18.724s] -- Installing: /home/yoshida/study/ros2/install/mid360_driver/lib/python3.12/site-packages/mid360_driver/_mid360_driver_s.ep.rosidl_typesupport_fastrtps_c.c
[18.724s] -- Installing: /home/yoshida/study/ros2/install/mid360_driver/lib/python3.12/site-packages/mid360_driver/msg
[18.724s] -- Installing: /home/yoshida/study/ros2/install/mid360_driver/lib/python3.12/site-packages/mid360_driver/msg/__init__.py
[18.724s] -- Installing: /home/yoshida/study/ros2/install/mid360_driver/lib/python3.12/site-packages/mid360_driver/msg/_custom_point_s.c
[18.724s] -- Installing: /home/yoshida/study/ros2/install/mid360_driver/lib/python3.12/site-packages/mid360_driver/msg/_custom_msg_s.c
[18.724s] -- Installing: /home/yoshida/study/ros2/install/mid360_driver/lib/python3.12/site-packages/mid360_driver/msg/_custom_point.py
[18.724s] -- Installing: /home/yoshida/study/ros2/install/mid360_driver/lib/python3.12/site-packages/mid360_driver/msg/_custom_msg.py
[18.816s] Listing '/home/yoshida/study/ros2/install/mid360_driver/lib/python3.12/site-packages/mid360_driver'...
[18.816s] Compiling '/home/yoshida/study/ros2/install/mid360_driver/lib/python3.12/site-packages/mid360_driver/__init__.py'...
[18.816s] Listing '/home/yoshida/study/ros2/install/mid360_driver/lib/python3.12/site-packages/mid360_driver/msg'...
[18.816s] Compiling '/home/yoshida/study/ros2/install/mid360_driver/lib/python3.12/site-packages/mid360_driver/msg/__init__.py'...
[18.817s] Compiling '/home/yoshida/study/ros2/install/mid360_driver/lib/python3.12/site-packages/mid360_driver/msg/_custom_msg.py'...
[18.817s] Compiling '/home/yoshida/study/ros2/install/mid360_driver/lib/python3.12/site-packages/mid360_driver/msg/_custom_point.py'...
[18.826s] -- Installing: /home/yoshida/study/ros2/install/mid360_driver/lib/python3.12/site-packages/mid360_driver/mid360_driver_s__rosidl_typesupport_fastrtps_c.so
[18.826s] -- Set non-toolchain portion of runtime path of "/home/yoshida/study/ros2/install/mid360_driver/lib/python3.12/site-packages/mid360_driver/mid360_driver_s__rosidl_typesupport_fastrtps_c.so" to ""
[18.827s] -- Installing: /home/yoshida/study/ros2/install/mid360_driver/lib/python3.12/site-packages/mid360_driver/mid360_driver_s__rosidl_typesupport_introspection_c.so
[18.827s] -- Set non-toolchain portion of runtime path of "/home/yoshida/study/ros2/install/mid360_driver/lib/python3.12/site-packages/mid360_driver/mid360_driver_s__rosidl_typesupport_introspection_c.so" to ""
[18.827s] -- Installing: /home/yoshida/study/ros2/install/mid360_driver/lib/python3.12/site-packages/mid360_driver/mid360_driver_s__rosidl_typesupport_c.so
[18.828s] -- Set non-toolchain portion of runtime path of "/home/yoshida/study/ros2/install/mid360_driver/lib/python3.12/site-packages/mid360_driver/mid360_driver_s__rosidl_typesupport_c.so" to ""
[18.828s] -- Installing: /home/yoshida/study/ros2/install/mid360_driver/lib/libmid360_driver__rosidl_generator_py.so
[18.828s] -- Set non-toolchain portion of runtime path of "/home/yoshida/study/ros2/install/mid360_driver/lib/libmid360_driver__rosidl_generator_py.so" to ""
[18.828s] -- Installing: /home/yoshida/study/ros2/install/mid360_driver/share/mid360_driver/msg/CustomPoint.idl
[18.829s] -- Installing: /home/yoshida/study/ros2/install/mid360_driver/share/mid360_driver/msg/CustomMsg.idl
[18.829s] -- Installing: /home/yoshida/study/ros2/install/mid360_driver/share/mid360_driver/msg/CustomPoint.msg
[18.829s] -- Installing: /home/yoshida/study/ros2/install/mid360_driver/share/mid360_driver/msg/CustomMsg.msg
[18.829s] -- Installing: /home/yoshida/study/ros2/install/mid360_driver/lib/mid360_driver/mid360_driver_node
[18.832s] -- Set non-toolchain portion of runtime path of "/home/yoshida/study/ros2/install/mid360_driver/lib/mid360_driver/mid360_driver_node" to ""
[18.833s] -- Installing: /home/yoshida/study/ros2/install/mid360_driver/share/mid360_driver/launch
[18.834s] -- Installing: /home/yoshida/study/ros2/install/mid360_driver/share/mid360_driver/launch/mid360.launch.py
[18.834s] -- Installing: /home/yoshida/study/ros2/install/mid360_driver/share/mid360_driver/config
[18.835s] -- Installing: /home/yoshida/study/ros2/install/mid360_driver/share/mid360_driver/config/mid360_config.yaml
[18.835s] -- Installing: /home/yoshida/study/ros2/install/mid360_driver/share/ament_index/resource_index/package_run_dependencies/mid360_driver
[18.836s] -- Installing: /home/yoshida/study/ros2/install/mid360_driver/share/ament_index/resource_index/parent_prefix_path/mid360_driver
[18.837s] -- Installing: /home/yoshida/study/ros2/install/mid360_driver/share/mid360_driver/environment/ament_prefix_path.sh
[18.837s] -- Installing: /home/yoshida/study/ros2/install/mid360_driver/share/mid360_driver/environment/ament_prefix_path.dsv
[18.838s] -- Installing: /home/yoshida/study/ros2/install/mid360_driver/share/mid360_driver/environment/path.sh
[18.838s] -- Installing: /home/yoshida/study/ros2/install/mid360_driver/share/mid360_driver/environment/path.dsv
[18.838s] -- Installing: /home/yoshida/study/ros2/install/mid360_driver/share/mid360_driver/local_setup.bash
[18.838s] -- Installing: /home/yoshida/study/ros2/install/mid360_driver/share/mid360_driver/local_setup.sh
[18.838s] -- Installing: /home/yoshida/study/ros2/install/mid360_driver/share/mid360_driver/local_setup.zsh
[18.839s] -- Installing: /home/yoshida/study/ros2/install/mid360_driver/share/mid360_driver/local_setup.dsv
[18.839s] -- Installing: /home/yoshida/study/ros2/install/mid360_driver/share/mid360_driver/package.dsv
[18.839s] -- Installing: /home/yoshida/study/ros2/install/mid360_driver/share/ament_index/resource_index/packages/mid360_driver
[18.839s] -- Installing: /home/yoshida/study/ros2/install/mid360_driver/share/mid360_driver/cmake/export_mid360_driver__rosidl_generator_cExport.cmake
[18.840s] -- Installing: /home/yoshida/study/ros2/install/mid360_driver/share/mid360_driver/cmake/export_mid360_driver__rosidl_generator_cExport-noconfig.cmake
[18.840s] -- Installing: /home/yoshida/study/ros2/install/mid360_driver/share/mid360_driver/cmake/export_mid360_driver__rosidl_typesupport_fastrtps_cExport.cmake
[18.840s] -- Installing: /home/yoshida/study/ros2/install/mid360_driver/share/mid360_driver/cmake/export_mid360_driver__rosidl_typesupport_fastrtps_cExport-noconfig.cmake
[18.842s] -- Installing: /home/yoshida/study/ros2/install/mid360_driver/share/mid360_driver/cmake/export_mid360_driver__rosidl_generator_cppExport.cmake
[18.842s] -- Installing: /home/yoshida/study/ros2/install/mid360_driver/share/mid360_driver/cmake/export_mid360_driver__rosidl_typesupport_fastrtps_cppExport.cmake
[18.843s] -- Installing: /home/yoshida/study/ros2/install/mid360_driver/share/mid360_driver/cmake/export_mid360_driver__rosidl_typesupport_fastrtps_cppExport-noconfig.cmake
[18.843s] -- Installing: /home/yoshida/study/ros2/install/mid360_driver/share/mid360_driver/cmake/mid360_driver__rosidl_typesupport_introspection_cExport.cmake
[18.844s] -- Installing: /home/yoshida/study/ros2/install/mid360_driver/share/mid360_driver/cmake/mid360_driver__rosidl_typesupport_introspection_cExport-noconfig.cmake
[18.844s] -- Installing: /home/yoshida/study/ros2/install/mid360_driver/share/mid360_driver/cmake/mid360_driver__rosidl_typesupport_cExport.cmake
[18.845s] -- Installing: /home/yoshida/study/ros2/install/mid360_driver/share/mid360_driver/cmake/mid360_driver__rosidl_typesupport_cExport-noconfig.cmake
[18.845s] -- Installing: /home/yoshida/study/ros2/install/mid360_driver/share/mid360_driver/cmake/mid360_driver__rosidl_typesupport_introspection_cppExport.cmake
[18.846s] -- Installing: /home/yoshida/study/ros2/install/mid360_driver/share/mid360_driver/cmake/mid360_driver__rosidl_typesupport_introspection_cppExport-noconfig.cmake
[18.847s] -- Installing: /home/yoshida/study/ros2/install/mid360_driver/share/mid360_driver/cmake/mid360_driver__rosidl_typesupport_cppExport.cmake
[18.847s] -- Installing: /home/yoshida/study/ros2/install/mid360_driver/share/mid360_driver/cmake/mid360_driver__rosidl_typesupport_cppExport-noconfig.cmake
[18.847s] -- Installing: /home/yoshida/study/ros2/install/mid360_driver/share/mid360_driver/cmake/export_mid360_driver__rosidl_generator_pyExport.cmake
[18.848s] -- Installing: /home/yoshida/study/ros2/install/mid360_driver/share/mid360_driver/cmake/export_mid360_driver__rosidl_generator_pyExport-noconfig.cmake
[18.848s] -- Installing: /home/yoshida/study/ros2/install/mid360_driver/share/mid360_driver/cmake/rosidl_cmake-extras.cmake
[18.848s] -- Installing: /home/yoshida/study/ros2/install/mid360_driver/share/mid360_driver/cmake/ament_cmake_export_dependencies-extras.cmake
[18.849s] -- Installing: /home/yoshida/study/ros2/install/mid360_driver/share/mid360_driver/cmake/ament_cmake_export_include_directories-extras.cmake
[18.849s] -- Installing: /home/yoshida/study/ros2/install/mid360_driver/share/mid360_driver/cmake/ament_cmake_export_libraries-extras.cmake
[18.850s] -- Installing: /home/yoshida/study/ros2/install/mid360_driver/share/mid360_driver/cmake/ament_cmake_export_targets-extras.cmake
[18.850s] -- Installing: /home/yoshida/study/ros2/install/mid360_driver/share/mid360_driver/cmake/rosidl_cmake_export_typesupport_targets-extras.cmake
[18.850s] -- Installing: /home/yoshida/study/ros2/install/mid360_driver/share/mid360_driver/cmake/rosidl_cmake_export_typesupport_libraries-extras.cmake
[18.851s] -- Installing: /home/yoshida/study/ros2/install/mid360_driver/share/mid360_driver/cmake/mid360_driverConfig.cmake
[18.851s] -- Installing: /home/yoshida/study/ros2/install/mid360_driver/share/mid360_driver/cmake/mid360_driverConfig-version.cmake
[18.851s] -- Installing: /home/yoshida/study/ros2/install/mid360_driver/share/mid360_driver/package.xml
[18.852s] Invoked command in '/home/yoshida/study/ros2/build/mid360_driver' returned '0': CMAKE_PREFIX_PATH=${CMAKE_PREFIX_PATH}:/opt/ros/jazzy DEBUGINFOD_URLS=https://debuginfod.ubuntu.com /usr/bin/cmake --install /home/yoshida/study/ros2/build/mid360_driver
