[0.135s] DEBUG:colcon:Command line arguments: ['/usr/bin/colcon', 'build', '--packages-select', 'mid360_driver', '--cmake-args', '-DPython3_EXECUTABLE=/usr/bin/python3.12']
[0.135s] DEBUG:colcon:Parsed command line arguments: Namespace(log_base=None, log_level=None, verb_name='build', build_base='build', install_base='install', merge_install=False, symlink_install=False, test_result_base=None, continue_on_error=False, executor='parallel', parallel_workers=16, event_handlers=None, ignore_user_meta=False, metas=['./colcon.meta'], base_paths=['.'], packages_ignore=None, packages_ignore_regex=None, paths=None, packages_up_to=None, packages_up_to_regex=None, packages_above=None, packages_above_and_dependencies=None, packages_above_depth=None, packages_select_by_dep=None, packages_skip_by_dep=None, packages_skip_up_to=None, packages_select_build_failed=False, packages_skip_build_finished=False, packages_select_test_failures=False, packages_skip_test_passed=False, packages_select=['mid360_driver'], packages_skip=None, packages_select_regex=None, packages_skip_regex=None, packages_start=None, packages_end=None, allow_overriding=[], cmake_args=['-DPython3_EXECUTABLE=/usr/bin/python3.12'], cmake_target=None, cmake_target_skip_unavailable=False, cmake_clean_cache=False, cmake_clean_first=False, cmake_force_configure=False, ament_cmake_args=None, catkin_cmake_args=None, catkin_skip_building_tests=False, verb_parser=<colcon_defaults.argument_parser.defaults.DefaultArgumentsDecorator object at 0x7136afc9bd40>, verb_extension=<colcon_core.verb.build.BuildVerb object at 0x7136afc9ba70>, main=<bound method BuildVerb.main of <colcon_core.verb.build.BuildVerb object at 0x7136afc9ba70>>)
[0.183s] Level 1:colcon.colcon_core.package_discovery:discover_packages(colcon_meta) check parameters
[0.183s] Level 1:colcon.colcon_core.package_discovery:discover_packages(recursive) check parameters
[0.183s] Level 1:colcon.colcon_core.package_discovery:discover_packages(ignore) check parameters
[0.183s] Level 1:colcon.colcon_core.package_discovery:discover_packages(path) check parameters
[0.183s] Level 1:colcon.colcon_core.package_discovery:discover_packages(colcon_meta) discover
[0.183s] Level 1:colcon.colcon_core.package_discovery:discover_packages(recursive) discover
[0.183s] INFO:colcon.colcon_core.package_discovery:Crawling recursively for packages in '/home/yoshida/study/ros2'
[0.183s] Level 1:colcon.colcon_core.package_identification:_identify(.) by extensions ['ignore', 'ignore_ament_install']
[0.184s] Level 1:colcon.colcon_core.package_identification:_identify(.) by extension 'ignore'
[0.184s] Level 1:colcon.colcon_core.package_identification:_identify(.) by extension 'ignore_ament_install'
[0.184s] Level 1:colcon.colcon_core.package_identification:_identify(.) by extensions ['colcon_pkg']
[0.184s] Level 1:colcon.colcon_core.package_identification:_identify(.) by extension 'colcon_pkg'
[0.184s] Level 1:colcon.colcon_core.package_identification:_identify(.) by extensions ['colcon_meta']
[0.184s] Level 1:colcon.colcon_core.package_identification:_identify(.) by extension 'colcon_meta'
[0.184s] Level 1:colcon.colcon_core.package_identification:_identify(.) by extensions ['ros']
[0.184s] Level 1:colcon.colcon_core.package_identification:_identify(.) by extension 'ros'
[0.218s] Level 1:colcon.colcon_core.package_identification:_identify(.) by extensions ['cmake', 'python']
[0.219s] Level 1:colcon.colcon_core.package_identification:_identify(.) by extension 'cmake'
[0.219s] Level 1:colcon.colcon_core.package_identification:_identify(.) by extension 'python'
[0.219s] Level 1:colcon.colcon_core.package_identification:_identify(.) by extensions ['python_setup_py']
[0.219s] Level 1:colcon.colcon_core.package_identification:_identify(.) by extension 'python_setup_py'
[0.219s] Level 1:colcon.colcon_core.package_identification:_identify(build) by extensions ['ignore', 'ignore_ament_install']
[0.219s] Level 1:colcon.colcon_core.package_identification:_identify(build) by extension 'ignore'
[0.219s] Level 1:colcon.colcon_core.package_identification:_identify(build) ignored
[0.219s] Level 1:colcon.colcon_core.package_identification:_identify(install) by extensions ['ignore', 'ignore_ament_install']
[0.219s] Level 1:colcon.colcon_core.package_identification:_identify(install) by extension 'ignore'
[0.219s] Level 1:colcon.colcon_core.package_identification:_identify(install) ignored
[0.219s] Level 1:colcon.colcon_core.package_identification:_identify(log) by extensions ['ignore', 'ignore_ament_install']
[0.220s] Level 1:colcon.colcon_core.package_identification:_identify(log) by extension 'ignore'
[0.220s] Level 1:colcon.colcon_core.package_identification:_identify(log) ignored
[0.220s] Level 1:colcon.colcon_core.package_identification:_identify(src) by extensions ['ignore', 'ignore_ament_install']
[0.220s] Level 1:colcon.colcon_core.package_identification:_identify(src) by extension 'ignore'
[0.220s] Level 1:colcon.colcon_core.package_identification:_identify(src) by extension 'ignore_ament_install'
[0.220s] Level 1:colcon.colcon_core.package_identification:_identify(src) by extensions ['colcon_pkg']
[0.220s] Level 1:colcon.colcon_core.package_identification:_identify(src) by extension 'colcon_pkg'
[0.220s] Level 1:colcon.colcon_core.package_identification:_identify(src) by extensions ['colcon_meta']
[0.220s] Level 1:colcon.colcon_core.package_identification:_identify(src) by extension 'colcon_meta'
[0.220s] Level 1:colcon.colcon_core.package_identification:_identify(src) by extensions ['ros']
[0.220s] Level 1:colcon.colcon_core.package_identification:_identify(src) by extension 'ros'
[0.220s] Level 1:colcon.colcon_core.package_identification:_identify(src) by extensions ['cmake', 'python']
[0.220s] Level 1:colcon.colcon_core.package_identification:_identify(src) by extension 'cmake'
[0.220s] Level 1:colcon.colcon_core.package_identification:_identify(src) by extension 'python'
[0.220s] Level 1:colcon.colcon_core.package_identification:_identify(src) by extensions ['python_setup_py']
[0.220s] Level 1:colcon.colcon_core.package_identification:_identify(src) by extension 'python_setup_py'
[0.220s] Level 1:colcon.colcon_core.package_identification:_identify(src/mcl_3d) by extensions ['ignore', 'ignore_ament_install']
[0.220s] Level 1:colcon.colcon_core.package_identification:_identify(src/mcl_3d) by extension 'ignore'
[0.221s] Level 1:colcon.colcon_core.package_identification:_identify(src/mcl_3d) by extension 'ignore_ament_install'
[0.221s] Level 1:colcon.colcon_core.package_identification:_identify(src/mcl_3d) by extensions ['colcon_pkg']
[0.221s] Level 1:colcon.colcon_core.package_identification:_identify(src/mcl_3d) by extension 'colcon_pkg'
[0.221s] Level 1:colcon.colcon_core.package_identification:_identify(src/mcl_3d) by extensions ['colcon_meta']
[0.221s] Level 1:colcon.colcon_core.package_identification:_identify(src/mcl_3d) by extension 'colcon_meta'
[0.221s] Level 1:colcon.colcon_core.package_identification:_identify(src/mcl_3d) by extensions ['ros']
[0.221s] Level 1:colcon.colcon_core.package_identification:_identify(src/mcl_3d) by extension 'ros'
[0.224s] DEBUG:colcon.colcon_core.package_identification:Package 'src/mcl_3d' with type 'ros.ament_cmake' and name 'mcl_3d'
[0.224s] Level 1:colcon.colcon_core.package_identification:_identify(src/mid360_driver) by extensions ['ignore', 'ignore_ament_install']
[0.224s] Level 1:colcon.colcon_core.package_identification:_identify(src/mid360_driver) by extension 'ignore'
[0.224s] Level 1:colcon.colcon_core.package_identification:_identify(src/mid360_driver) by extension 'ignore_ament_install'
[0.224s] Level 1:colcon.colcon_core.package_identification:_identify(src/mid360_driver) by extensions ['colcon_pkg']
[0.224s] Level 1:colcon.colcon_core.package_identification:_identify(src/mid360_driver) by extension 'colcon_pkg'
[0.224s] Level 1:colcon.colcon_core.package_identification:_identify(src/mid360_driver) by extensions ['colcon_meta']
[0.224s] Level 1:colcon.colcon_core.package_identification:_identify(src/mid360_driver) by extension 'colcon_meta'
[0.224s] Level 1:colcon.colcon_core.package_identification:_identify(src/mid360_driver) by extensions ['ros']
[0.225s] Level 1:colcon.colcon_core.package_identification:_identify(src/mid360_driver) by extension 'ros'
[0.225s] DEBUG:colcon.colcon_core.package_identification:Package 'src/mid360_driver' with type 'ros.ament_cmake' and name 'mid360_driver'
[0.225s] Level 1:colcon.colcon_core.package_discovery:discover_packages(recursive) using defaults
[0.225s] Level 1:colcon.colcon_core.package_discovery:discover_packages(ignore) discover
[0.226s] Level 1:colcon.colcon_core.package_discovery:discover_packages(ignore) using defaults
[0.226s] Level 1:colcon.colcon_core.package_discovery:discover_packages(path) discover
[0.226s] Level 1:colcon.colcon_core.package_discovery:discover_packages(path) using defaults
[0.247s] INFO:colcon.colcon_core.package_selection:Skipping not selected package 'mcl_3d' in 'src/mcl_3d'
[0.248s] Level 1:colcon.colcon_core.package_discovery:discover_packages(prefix_path) check parameters
[0.248s] Level 1:colcon.colcon_core.package_discovery:discover_packages(prefix_path) discover
[0.249s] WARNING:colcon.colcon_ros.prefix_path.catkin:The path '/home/yoshida/local/' in the environment variable CMAKE_PREFIX_PATH doesn't exist
[0.251s] DEBUG:colcon.colcon_installed_package_information.package_discovery:Found 309 installed packages in /opt/ros/jazzy
[0.253s] Level 1:colcon.colcon_core.package_discovery:discover_packages(prefix_path) using defaults
[0.298s] Level 5:colcon.colcon_core.verb:set package 'mid360_driver' build argument 'cmake_args' from command line to '['-DPython3_EXECUTABLE=/usr/bin/python3.12']'
[0.298s] Level 5:colcon.colcon_core.verb:set package 'mid360_driver' build argument 'cmake_target' from command line to 'None'
[0.298s] Level 5:colcon.colcon_core.verb:set package 'mid360_driver' build argument 'cmake_target_skip_unavailable' from command line to 'False'
[0.298s] Level 5:colcon.colcon_core.verb:set package 'mid360_driver' build argument 'cmake_clean_cache' from command line to 'False'
[0.298s] Level 5:colcon.colcon_core.verb:set package 'mid360_driver' build argument 'cmake_clean_first' from command line to 'False'
[0.298s] Level 5:colcon.colcon_core.verb:set package 'mid360_driver' build argument 'cmake_force_configure' from command line to 'False'
[0.298s] Level 5:colcon.colcon_core.verb:set package 'mid360_driver' build argument 'ament_cmake_args' from command line to 'None'
[0.298s] Level 5:colcon.colcon_core.verb:set package 'mid360_driver' build argument 'catkin_cmake_args' from command line to 'None'
[0.298s] Level 5:colcon.colcon_core.verb:set package 'mid360_driver' build argument 'catkin_skip_building_tests' from command line to 'False'
[0.298s] DEBUG:colcon.colcon_core.verb:Building package 'mid360_driver' with the following arguments: {'ament_cmake_args': None, 'build_base': '/home/yoshida/study/ros2/build/mid360_driver', 'catkin_cmake_args': None, 'catkin_skip_building_tests': False, 'cmake_args': ['-DPython3_EXECUTABLE=/usr/bin/python3.12'], 'cmake_clean_cache': False, 'cmake_clean_first': False, 'cmake_force_configure': False, 'cmake_target': None, 'cmake_target_skip_unavailable': False, 'install_base': '/home/yoshida/study/ros2/install/mid360_driver', 'merge_install': False, 'path': '/home/yoshida/study/ros2/src/mid360_driver', 'symlink_install': False, 'test_result_base': None}
[0.298s] INFO:colcon.colcon_core.executor:Executing jobs using 'parallel' executor
[0.299s] DEBUG:colcon.colcon_parallel_executor.executor.parallel:run_until_complete
[0.300s] INFO:colcon.colcon_ros.task.ament_cmake.build:Building ROS package in '/home/yoshida/study/ros2/src/mid360_driver' with build type 'ament_cmake'
[0.300s] INFO:colcon.colcon_cmake.task.cmake.build:Building CMake package in '/home/yoshida/study/ros2/src/mid360_driver'
[0.302s] INFO:colcon.colcon_core.plugin_system:Skipping extension 'colcon_core.shell.bat': Not used on non-Windows systems
[0.302s] INFO:colcon.colcon_core.shell:Skip shell extension 'powershell' for command environment: Not usable outside of PowerShell
[0.302s] DEBUG:colcon.colcon_core.shell:Skip shell extension 'dsv' for command environment
[0.311s] DEBUG:colcon.colcon_core.event_handler.log_command:Invoking command in '/home/yoshida/study/ros2/build/mid360_driver': CMAKE_PREFIX_PATH=${CMAKE_PREFIX_PATH}:/opt/ros/jazzy DEBUGINFOD_URLS=https://debuginfod.ubuntu.com /usr/bin/cmake /home/yoshida/study/ros2/src/mid360_driver -DPython3_EXECUTABLE=/usr/bin/python3.12 -DCMAKE_INSTALL_PREFIX=/home/yoshida/study/ros2/install/mid360_driver
[7.025s] DEBUG:colcon.colcon_core.event_handler.log_command:Invoked command in '/home/yoshida/study/ros2/build/mid360_driver' returned '0': CMAKE_PREFIX_PATH=${CMAKE_PREFIX_PATH}:/opt/ros/jazzy DEBUGINFOD_URLS=https://debuginfod.ubuntu.com /usr/bin/cmake /home/yoshida/study/ros2/src/mid360_driver -DPython3_EXECUTABLE=/usr/bin/python3.12 -DCMAKE_INSTALL_PREFIX=/home/yoshida/study/ros2/install/mid360_driver
[7.027s] DEBUG:colcon.colcon_core.event_handler.log_command:Invoking command in '/home/yoshida/study/ros2/build/mid360_driver': CMAKE_PREFIX_PATH=${CMAKE_PREFIX_PATH}:/opt/ros/jazzy DEBUGINFOD_URLS=https://debuginfod.ubuntu.com /usr/bin/cmake --build /home/yoshida/study/ros2/build/mid360_driver -- -j16 -l16
[18.946s] DEBUG:colcon.colcon_core.event_handler.log_command:Invoked command in '/home/yoshida/study/ros2/build/mid360_driver' returned '0': CMAKE_PREFIX_PATH=${CMAKE_PREFIX_PATH}:/opt/ros/jazzy DEBUGINFOD_URLS=https://debuginfod.ubuntu.com /usr/bin/cmake --build /home/yoshida/study/ros2/build/mid360_driver -- -j16 -l16
[18.971s] DEBUG:colcon.colcon_core.event_handler.log_command:Invoking command in '/home/yoshida/study/ros2/build/mid360_driver': CMAKE_PREFIX_PATH=${CMAKE_PREFIX_PATH}:/opt/ros/jazzy DEBUGINFOD_URLS=https://debuginfod.ubuntu.com /usr/bin/cmake --install /home/yoshida/study/ros2/build/mid360_driver
[19.141s] Level 1:colcon.colcon_core.environment:create_environment_scripts_only(mid360_driver)
[19.152s] DEBUG:colcon.colcon_core.event_handler.log_command:Invoked command in '/home/yoshida/study/ros2/build/mid360_driver' returned '0': CMAKE_PREFIX_PATH=${CMAKE_PREFIX_PATH}:/opt/ros/jazzy DEBUGINFOD_URLS=https://debuginfod.ubuntu.com /usr/bin/cmake --install /home/yoshida/study/ros2/build/mid360_driver
[19.153s] Level 1:colcon.colcon_core.environment:checking '/home/yoshida/study/ros2/install/mid360_driver' for CMake module files
[19.155s] Level 1:colcon.colcon_core.environment:checking '/home/yoshida/study/ros2/install/mid360_driver' for CMake config files
[19.156s] Level 1:colcon.colcon_core.shell:create_environment_hook('mid360_driver', 'cmake_prefix_path')
[19.156s] INFO:colcon.colcon_core.shell:Creating environment hook '/home/yoshida/study/ros2/install/mid360_driver/share/mid360_driver/hook/cmake_prefix_path.ps1'
[19.160s] INFO:colcon.colcon_core.shell:Creating environment descriptor '/home/yoshida/study/ros2/install/mid360_driver/share/mid360_driver/hook/cmake_prefix_path.dsv'
[19.161s] INFO:colcon.colcon_core.shell:Creating environment hook '/home/yoshida/study/ros2/install/mid360_driver/share/mid360_driver/hook/cmake_prefix_path.sh'
[19.163s] Level 1:colcon.colcon_core.environment:checking '/home/yoshida/study/ros2/install/mid360_driver/lib'
[19.165s] Level 1:colcon.colcon_core.shell:create_environment_hook('mid360_driver', 'ld_library_path_lib')
[19.165s] INFO:colcon.colcon_core.shell:Creating environment hook '/home/yoshida/study/ros2/install/mid360_driver/share/mid360_driver/hook/ld_library_path_lib.ps1'
[19.166s] INFO:colcon.colcon_core.shell:Creating environment descriptor '/home/yoshida/study/ros2/install/mid360_driver/share/mid360_driver/hook/ld_library_path_lib.dsv'
[19.167s] INFO:colcon.colcon_core.shell:Creating environment hook '/home/yoshida/study/ros2/install/mid360_driver/share/mid360_driver/hook/ld_library_path_lib.sh'
[19.168s] Level 1:colcon.colcon_core.environment:checking '/home/yoshida/study/ros2/install/mid360_driver/bin'
[19.168s] Level 1:colcon.colcon_core.environment:checking '/home/yoshida/study/ros2/install/mid360_driver/lib/pkgconfig/mid360_driver.pc'
[19.168s] Level 1:colcon.colcon_core.environment:checking '/home/yoshida/study/ros2/install/mid360_driver/lib/python3.12/site-packages'
[19.168s] Level 1:colcon.colcon_core.shell:create_environment_hook('mid360_driver', 'pythonpath')
[19.169s] INFO:colcon.colcon_core.shell:Creating environment hook '/home/yoshida/study/ros2/install/mid360_driver/share/mid360_driver/hook/pythonpath.ps1'
[19.170s] INFO:colcon.colcon_core.shell:Creating environment descriptor '/home/yoshida/study/ros2/install/mid360_driver/share/mid360_driver/hook/pythonpath.dsv'
[19.170s] INFO:colcon.colcon_core.shell:Creating environment hook '/home/yoshida/study/ros2/install/mid360_driver/share/mid360_driver/hook/pythonpath.sh'
[19.171s] Level 1:colcon.colcon_core.environment:checking '/home/yoshida/study/ros2/install/mid360_driver/bin'
[19.172s] INFO:colcon.colcon_core.shell:Creating package script '/home/yoshida/study/ros2/install/mid360_driver/share/mid360_driver/package.ps1'
[19.173s] INFO:colcon.colcon_core.shell:Creating package descriptor '/home/yoshida/study/ros2/install/mid360_driver/share/mid360_driver/package.dsv'
[19.174s] INFO:colcon.colcon_core.shell:Creating package script '/home/yoshida/study/ros2/install/mid360_driver/share/mid360_driver/package.sh'
[19.176s] INFO:colcon.colcon_core.shell:Creating package script '/home/yoshida/study/ros2/install/mid360_driver/share/mid360_driver/package.bash'
[19.177s] INFO:colcon.colcon_core.shell:Creating package script '/home/yoshida/study/ros2/install/mid360_driver/share/mid360_driver/package.zsh'
[19.178s] Level 1:colcon.colcon_core.environment:create_file_with_runtime_dependencies(/home/yoshida/study/ros2/install/mid360_driver/share/colcon-core/packages/mid360_driver)
[19.179s] Level 1:colcon.colcon_core.environment:create_environment_scripts_only(mid360_driver)
[19.179s] Level 1:colcon.colcon_core.environment:checking '/home/yoshida/study/ros2/install/mid360_driver' for CMake module files
[19.181s] Level 1:colcon.colcon_core.environment:checking '/home/yoshida/study/ros2/install/mid360_driver' for CMake config files
[19.182s] Level 1:colcon.colcon_core.shell:create_environment_hook('mid360_driver', 'cmake_prefix_path')
[19.182s] INFO:colcon.colcon_core.shell:Creating environment hook '/home/yoshida/study/ros2/install/mid360_driver/share/mid360_driver/hook/cmake_prefix_path.ps1'
[19.183s] INFO:colcon.colcon_core.shell:Creating environment descriptor '/home/yoshida/study/ros2/install/mid360_driver/share/mid360_driver/hook/cmake_prefix_path.dsv'
[19.184s] INFO:colcon.colcon_core.shell:Creating environment hook '/home/yoshida/study/ros2/install/mid360_driver/share/mid360_driver/hook/cmake_prefix_path.sh'
[19.185s] Level 1:colcon.colcon_core.environment:checking '/home/yoshida/study/ros2/install/mid360_driver/lib'
[19.185s] Level 1:colcon.colcon_core.shell:create_environment_hook('mid360_driver', 'ld_library_path_lib')
[19.186s] INFO:colcon.colcon_core.shell:Creating environment hook '/home/yoshida/study/ros2/install/mid360_driver/share/mid360_driver/hook/ld_library_path_lib.ps1'
[19.186s] INFO:colcon.colcon_core.shell:Creating environment descriptor '/home/yoshida/study/ros2/install/mid360_driver/share/mid360_driver/hook/ld_library_path_lib.dsv'
[19.187s] INFO:colcon.colcon_core.shell:Creating environment hook '/home/yoshida/study/ros2/install/mid360_driver/share/mid360_driver/hook/ld_library_path_lib.sh'
[19.188s] Level 1:colcon.colcon_core.environment:checking '/home/yoshida/study/ros2/install/mid360_driver/bin'
[19.188s] Level 1:colcon.colcon_core.environment:checking '/home/yoshida/study/ros2/install/mid360_driver/lib/pkgconfig/mid360_driver.pc'
[19.188s] Level 1:colcon.colcon_core.environment:checking '/home/yoshida/study/ros2/install/mid360_driver/lib/python3.12/site-packages'
[19.189s] Level 1:colcon.colcon_core.shell:create_environment_hook('mid360_driver', 'pythonpath')
[19.189s] INFO:colcon.colcon_core.shell:Creating environment hook '/home/yoshida/study/ros2/install/mid360_driver/share/mid360_driver/hook/pythonpath.ps1'
[19.190s] INFO:colcon.colcon_core.shell:Creating environment descriptor '/home/yoshida/study/ros2/install/mid360_driver/share/mid360_driver/hook/pythonpath.dsv'
[19.190s] INFO:colcon.colcon_core.shell:Creating environment hook '/home/yoshida/study/ros2/install/mid360_driver/share/mid360_driver/hook/pythonpath.sh'
[19.191s] Level 1:colcon.colcon_core.environment:checking '/home/yoshida/study/ros2/install/mid360_driver/bin'
[19.192s] INFO:colcon.colcon_core.shell:Creating package script '/home/yoshida/study/ros2/install/mid360_driver/share/mid360_driver/package.ps1'
[19.193s] INFO:colcon.colcon_core.shell:Creating package descriptor '/home/yoshida/study/ros2/install/mid360_driver/share/mid360_driver/package.dsv'
[19.194s] INFO:colcon.colcon_core.shell:Creating package script '/home/yoshida/study/ros2/install/mid360_driver/share/mid360_driver/package.sh'
[19.194s] INFO:colcon.colcon_core.shell:Creating package script '/home/yoshida/study/ros2/install/mid360_driver/share/mid360_driver/package.bash'
[19.195s] INFO:colcon.colcon_core.shell:Creating package script '/home/yoshida/study/ros2/install/mid360_driver/share/mid360_driver/package.zsh'
[19.196s] Level 1:colcon.colcon_core.environment:create_file_with_runtime_dependencies(/home/yoshida/study/ros2/install/mid360_driver/share/colcon-core/packages/mid360_driver)
[19.196s] DEBUG:colcon.colcon_parallel_executor.executor.parallel:closing loop
[19.197s] DEBUG:colcon.colcon_parallel_executor.executor.parallel:loop closed
[19.197s] DEBUG:colcon.colcon_parallel_executor.executor.parallel:run_until_complete finished with '0'
[19.197s] DEBUG:colcon.colcon_core.event_reactor:joining thread
[19.207s] INFO:colcon.colcon_core.plugin_system:Skipping extension 'colcon_notification.desktop_notification.terminal_notifier': Not used on non-Darwin systems
[19.208s] INFO:colcon.colcon_core.plugin_system:Skipping extension 'colcon_notification.desktop_notification.win32': Not used on non-Windows systems
[19.208s] INFO:colcon.colcon_notification.desktop_notification:Sending desktop notification using 'notify2'
[19.208s] DEBUG:colcon.colcon_notification.desktop_notification.notify2:Failed to initialize notify2: org.freedesktop.DBus.Error.FileNotFound: Failed to connect to socket /run/user/1000/bus: No such file or directory
[19.208s] DEBUG:colcon.colcon_core.event_reactor:joined thread
[19.208s] INFO:colcon.colcon_core.shell:Creating prefix script '/home/yoshida/study/ros2/install/local_setup.ps1'
[19.210s] INFO:colcon.colcon_core.shell:Creating prefix util module '/home/yoshida/study/ros2/install/_local_setup_util_ps1.py'
[19.211s] INFO:colcon.colcon_core.shell:Creating prefix chain script '/home/yoshida/study/ros2/install/setup.ps1'
[19.213s] INFO:colcon.colcon_core.shell:Creating prefix script '/home/yoshida/study/ros2/install/local_setup.sh'
[19.214s] INFO:colcon.colcon_core.shell:Creating prefix util module '/home/yoshida/study/ros2/install/_local_setup_util_sh.py'
[19.214s] INFO:colcon.colcon_core.shell:Creating prefix chain script '/home/yoshida/study/ros2/install/setup.sh'
[19.216s] INFO:colcon.colcon_core.shell:Creating prefix script '/home/yoshida/study/ros2/install/local_setup.bash'
[19.216s] INFO:colcon.colcon_core.shell:Creating prefix chain script '/home/yoshida/study/ros2/install/setup.bash'
[19.217s] INFO:colcon.colcon_core.shell:Creating prefix script '/home/yoshida/study/ros2/install/local_setup.zsh'
[19.218s] INFO:colcon.colcon_core.shell:Creating prefix chain script '/home/yoshida/study/ros2/install/setup.zsh'
