[0.019s] Invoking command in '/home/yoshida/study/ros2/build/mid360_driver': CMAKE_PREFIX_PATH=${CMAKE_PREFIX_PATH}:/opt/ros/jazzy DEBUGINFOD_URLS=https://debuginfod.ubuntu.com /usr/bin/cmake /home/yoshida/study/ros2/src/mid360_driver -DCMAKE_INSTALL_PREFIX=/home/yoshida/study/ros2/install/mid360_driver
[0.270s] -- The C compiler identification is GNU 13.3.0
[0.478s] -- The CXX compiler identification is GNU 13.3.0
[0.526s] -- Detecting C compiler ABI info
[0.757s] -- Detecting C compiler ABI info - done
[0.780s] -- Check for working C compiler: /usr/bin/cc - skipped
[0.783s] -- Detecting C compile features
[0.785s] -- Detecting C compile features - done
[0.819s] -- Detecting CXX compiler ABI info
[1.050s] -- Detecting CXX compiler ABI info - done
[1.071s] -- Check for working CXX compiler: /usr/bin/c++ - skipped
[1.071s] -- Detecting CXX compile features
[1.072s] -- Detecting CXX compile features - done
[1.139s] -- Found ament_cmake: 2.5.5 (/opt/ros/jazzy/share/ament_cmake/cmake)
[1.493s] -- Found Python3: /home/yoshida/.local/bin/python3.13 (found version "3.13.9") found components: Interpreter 
[1.788s] -- Found rclcpp: 28.1.16 (/opt/ros/jazzy/share/rclcpp/cmake)
[1.915s] -- Found rosidl_generator_c: 4.6.7 (/opt/ros/jazzy/share/rosidl_generator_c/cmake)
[1.948s] -- Found rosidl_generator_cpp: 4.6.7 (/opt/ros/jazzy/share/rosidl_generator_cpp/cmake)
[2.000s] -- Using all available rosidl_typesupport_c: rosidl_typesupport_fastrtps_c;rosidl_typesupport_introspection_c
[2.036s] -- Using all available rosidl_typesupport_cpp: rosidl_typesupport_fastrtps_cpp;rosidl_typesupport_introspection_cpp
[2.202s] -- Found rmw_implementation_cmake: 7.3.3 (/opt/ros/jazzy/share/rmw_implementation_cmake/cmake)
[2.210s] -- Found rmw_fastrtps_cpp: 8.4.3 (/opt/ros/jazzy/share/rmw_fastrtps_cpp/cmake)
[2.451s] -- Found OpenSSL: /usr/lib/x86_64-linux-gnu/libcrypto.so (found version "3.0.13")  
[2.508s] -- Found FastRTPS: /opt/ros/jazzy/include (Required is at least version "2.13") 
[2.572s] -- Using RMW implementation 'rmw_fastrtps_cpp' as default
[2.785s] -- Found std_msgs: 5.3.6 (/opt/ros/jazzy/share/std_msgs/cmake)
[2.811s] -- Found sensor_msgs: 5.3.6 (/opt/ros/jazzy/share/sensor_msgs/cmake)
[2.875s] -- Found rosidl_default_generators: 1.6.0 (/opt/ros/jazzy/share/rosidl_default_generators/cmake)
[2.895s] -- Found rosidl_adapter: 4.6.7 (/opt/ros/jazzy/share/rosidl_adapter/cmake)
[3.276s] CMake Error at /opt/ros/jazzy/share/rosidl_adapter/cmake/rosidl_adapt_interfaces.cmake:57 (message):
[3.277s]   execute_process(/home/yoshida/.local/bin/python3.13 -m rosidl_adapter
[3.277s]   --package-name mid360_driver --arguments-file
[3.277s]   /home/yoshida/study/ros2/build/mid360_driver/rosidl_adapter__arguments__mid360_driver.json
[3.277s]   --output-dir
[3.278s]   /home/yoshida/study/ros2/build/mid360_driver/rosidl_adapter/mid360_driver
[3.278s]   --output-file
[3.278s]   /home/yoshida/study/ros2/build/mid360_driver/rosidl_adapter/mid360_driver.idls)
[3.278s]   returned error code 1:
[3.278s] 
[3.278s]   Traceback (most recent call last):
[3.279s] 
[3.279s]     File "<frozen runpy>", line 198, in _run_module_as_main
[3.279s]     File "<frozen runpy>", line 88, in _run_code
[3.279s]     File "/opt/ros/jazzy/lib/python3.12/site-packages/rosidl_adapter/__main__.py", line 19, in <module>
[3.280s]       sys.exit(main())
[3.280s]                ~~~~^^
[3.280s]     File "/opt/ros/jazzy/lib/python3.12/site-packages/rosidl_adapter/main.py", line 53, in main
[3.280s]       abs_idl_file = convert_to_idl(
[3.280s]           pathlib.Path(basepath), args.package_name,
[3.280s]           pathlib.Path(relative_path), output_dir)
[3.281s]     File "/opt/ros/jazzy/lib/python3.12/site-packages/rosidl_adapter/__init__.py", line 18, in convert_to_idl
[3.281s]       from rosidl_adapter.msg import convert_msg_to_idl
[3.281s]     File "/opt/ros/jazzy/lib/python3.12/site-packages/rosidl_adapter/msg/__init__.py", line 16, in <module>
[3.281s]       from rosidl_adapter.resource import expand_template
[3.281s]     File "/opt/ros/jazzy/lib/python3.12/site-packages/rosidl_adapter/resource/__init__.py", line 19, in <module>
[3.282s]       import em
[3.282s] 
[3.282s]   ModuleNotFoundError: No module named 'em'
[3.282s] 
[3.282s] Call Stack (most recent call first):
[3.283s]   /opt/ros/jazzy/share/rosidl_cmake/cmake/rosidl_generate_interfaces.cmake:132 (rosidl_adapt_interfaces)
[3.283s]   CMakeLists.txt:17 (rosidl_generate_interfaces)
[3.283s] 
[3.283s] 
[3.283s] -- Configuring incomplete, errors occurred!
[3.294s] Invoked command in '/home/yoshida/study/ros2/build/mid360_driver' returned '1': CMAKE_PREFIX_PATH=${CMAKE_PREFIX_PATH}:/opt/ros/jazzy DEBUGINFOD_URLS=https://debuginfod.ubuntu.com /usr/bin/cmake /home/yoshida/study/ros2/src/mid360_driver -DCMAKE_INSTALL_PREFIX=/home/yoshida/study/ros2/install/mid360_driver
