[0.018s] Invoking command in '/home/yoshida/study/ros2/build/mcl_3d': CMAKE_PREFIX_PATH=${CMAKE_PREFIX_PATH}:/opt/ros/jazzy DEBUGINFOD_URLS=https://debuginfod.ubuntu.com /usr/bin/cmake /home/yoshida/study/ros2/src/mcl_3d -DCMAKE_INSTALL_PREFIX=/home/yoshida/study/ros2/install/mcl_3d
[0.054s] -- Found ament_cmake: 2.5.5 (/opt/ros/jazzy/share/ament_cmake/cmake)
[0.465s] -- Found rclcpp: 28.1.16 (/opt/ros/jazzy/share/rclcpp/cmake)
[0.512s] -- Found rosidl_generator_c: 4.6.7 (/opt/ros/jazzy/share/rosidl_generator_c/cmake)
[0.523s] -- Found rosidl_generator_cpp: 4.6.7 (/opt/ros/jazzy/share/rosidl_generator_cpp/cmake)
[0.538s] -- Using all available rosidl_typesupport_c: rosidl_typesupport_fastrtps_c;rosidl_typesupport_introspection_c
[0.555s] -- Using all available rosidl_typesupport_cpp: rosidl_typesupport_fastrtps_cpp;rosidl_typesupport_introspection_cpp
[0.635s] -- Found rmw_implementation_cmake: 7.3.3 (/opt/ros/jazzy/share/rmw_implementation_cmake/cmake)
[0.637s] -- Found rmw_fastrtps_cpp: 8.4.3 (/opt/ros/jazzy/share/rmw_fastrtps_cpp/cmake)
[0.758s] -- Using RMW implementation 'rmw_fastrtps_cpp' as default
[0.908s] -- OpenNI found (version: 1.5.4.0, include: /usr/include/ni, lib: /usr/lib/libOpenNI.so;libusb::libusb)
[0.917s] -- OpenNI2 found (version: 2.2.0.33, include: /usr/include/openni2, lib: /usr/lib/x86_64-linux-gnu/libOpenNI2.so;libusb::libusb)
[0.923s] -- Could NOT find Pcap (missing: PCAP_LIBRARIES PCAP_INCLUDE_DIRS) 
[0.923s] [0m** WARNING ** io features related to pcap will be disabled[0m
[1.683s] [33mCMake Warning (dev) at /usr/lib/x86_64-linux-gnu/cmake/pcl/Modules/FindFLANN.cmake:45 (find_package):
[1.683s]   Policy CMP0144 is not set: find_package uses upper-case <PACKAGENAME>_ROOT
[1.683s]   variables.  Run "cmake --help-policy CMP0144" for policy details.  Use the
[1.683s]   cmake_policy command to set the policy and suppress this warning.
[1.683s] 
[1.683s]   CMake variable FLANN_ROOT is set to:
[1.683s] 
[1.683s]     /usr
[1.683s] 
[1.684s]   For compatibility, find_package is ignoring the variable, but code in a
[1.684s]   .cmake module might still use it.
[1.684s] Call Stack (most recent call first):
[1.684s]   /usr/lib/x86_64-linux-gnu/cmake/pcl/PCLConfig.cmake:261 (find_package)
[1.684s]   /usr/lib/x86_64-linux-gnu/cmake/pcl/PCLConfig.cmake:306 (find_flann)
[1.684s]   /usr/lib/x86_64-linux-gnu/cmake/pcl/PCLConfig.cmake:570 (find_external_library)
[1.684s]   CMakeLists.txt:11 (find_package)
[1.684s] This warning is for project developers.  Use -Wno-dev to suppress it.
[1.684s] [0m
[1.684s] -- Found flann version 1.9.2
[1.688s] -- looking for PCL_COMMON
[1.688s] -- looking for PCL_OCTREE
[1.688s] -- looking for PCL_IO
[1.689s] -- looking for PCL_KDTREE
[1.689s] -- looking for PCL_SEARCH
[1.690s] -- looking for PCL_SAMPLE_CONSENSUS
[1.691s] -- looking for PCL_FILTERS
[1.693s] -- Found ament_lint_auto: 0.17.4 (/opt/ros/jazzy/share/ament_lint_auto/cmake)
[1.726s] Traceback (most recent call last):
[1.729s]   File "/opt/ros/jazzy/share/ament_cmake_core/cmake/core/package_xml_2_cmake.py", line 22, in <module>
[1.729s]     from catkin_pkg.package import parse_package_string
[1.729s] ModuleNotFoundError: No module named 'catkin_pkg'
[1.737s] [31mCMake Error at /opt/ros/jazzy/share/ament_cmake_core/cmake/core/ament_package_xml.cmake:95 (message):
[1.737s]   execute_process(/home/yoshida/.local/bin/python3.13
[1.737s]   /opt/ros/jazzy/share/ament_cmake_core/cmake/core/package_xml_2_cmake.py
[1.737s]   /home/yoshida/study/ros2/src/mcl_3d/package.xml
[1.737s]   /home/yoshida/study/ros2/build/mcl_3d/ament_cmake_core/package.cmake)
[1.738s]   returned error code 1
[1.738s] Call Stack (most recent call first):
[1.738s]   /opt/ros/jazzy/share/ament_cmake_core/cmake/core/ament_package_xml.cmake:49 (_ament_package_xml)
[1.738s]   /opt/ros/jazzy/share/ament_lint_auto/cmake/ament_lint_auto_find_test_dependencies.cmake:31 (ament_package_xml)
[1.738s]   CMakeLists.txt:41 (ament_lint_auto_find_test_dependencies)
[1.738s] 
[1.738s] [0m
[1.738s] -- Configuring incomplete, errors occurred!
[1.764s] Invoked command in '/home/yoshida/study/ros2/build/mcl_3d' returned '1': CMAKE_PREFIX_PATH=${CMAKE_PREFIX_PATH}:/opt/ros/jazzy DEBUGINFOD_URLS=https://debuginfod.ubuntu.com /usr/bin/cmake /home/yoshida/study/ros2/src/mcl_3d -DCMAKE_INSTALL_PREFIX=/home/yoshida/study/ros2/install/mcl_3d
