[0.514s] DEBUG:colcon:Command line arguments: ['/usr/bin/colcon', 'build', '--packages-select', 'mcl_3d']
[0.514s] DEBUG:colcon:Parsed command line arguments: Namespace(log_base=None, log_level=None, verb_name='build', build_base='build', install_base='install', merge_install=False, symlink_install=False, test_result_base=None, continue_on_error=False, executor='parallel', parallel_workers=16, event_handlers=None, ignore_user_meta=False, metas=['./colcon.meta'], base_paths=['.'], packages_ignore=None, packages_ignore_regex=None, paths=None, packages_up_to=None, packages_up_to_regex=None, packages_above=None, packages_above_and_dependencies=None, packages_above_depth=None, packages_select_by_dep=None, packages_skip_by_dep=None, packages_skip_up_to=None, packages_select_build_failed=False, packages_skip_build_finished=False, packages_select_test_failures=False, packages_skip_test_passed=False, packages_select=['mcl_3d'], packages_skip=None, packages_select_regex=None, packages_skip_regex=None, packages_start=None, packages_end=None, allow_overriding=[], cmake_args=None, cmake_target=None, cmake_target_skip_unavailable=False, cmake_clean_cache=False, cmake_clean_first=False, cmake_force_configure=False, ament_cmake_args=None, catkin_cmake_args=None, catkin_skip_building_tests=False, verb_parser=<colcon_defaults.argument_parser.defaults.DefaultArgumentsDecorator object at 0x7d67163ab890>, verb_extension=<colcon_core.verb.build.BuildVerb object at 0x7d67163aaf90>, main=<bound method BuildVerb.main of <colcon_core.verb.build.BuildVerb object at 0x7d67163aaf90>>)
[0.597s] Level 1:colcon.colcon_core.package_discovery:discover_packages(colcon_meta) check parameters
[0.598s] Level 1:colcon.colcon_core.package_discovery:discover_packages(recursive) check parameters
[0.598s] Level 1:colcon.colcon_core.package_discovery:discover_packages(ignore) check parameters
[0.598s] Level 1:colcon.colcon_core.package_discovery:discover_packages(path) check parameters
[0.598s] Level 1:colcon.colcon_core.package_discovery:discover_packages(colcon_meta) discover
[0.598s] Level 1:colcon.colcon_core.package_discovery:discover_packages(recursive) discover
[0.598s] INFO:colcon.colcon_core.package_discovery:Crawling recursively for packages in '/home/yoshida/study/ros2'
[0.598s] Level 1:colcon.colcon_core.package_identification:_identify(.) by extensions ['ignore', 'ignore_ament_install']
[0.599s] Level 1:colcon.colcon_core.package_identification:_identify(.) by extension 'ignore'
[0.599s] Level 1:colcon.colcon_core.package_identification:_identify(.) by extension 'ignore_ament_install'
[0.599s] Level 1:colcon.colcon_core.package_identification:_identify(.) by extensions ['colcon_pkg']
[0.599s] Level 1:colcon.colcon_core.package_identification:_identify(.) by extension 'colcon_pkg'
[0.599s] Level 1:colcon.colcon_core.package_identification:_identify(.) by extensions ['colcon_meta']
[0.599s] Level 1:colcon.colcon_core.package_identification:_identify(.) by extension 'colcon_meta'
[0.599s] Level 1:colcon.colcon_core.package_identification:_identify(.) by extensions ['ros']
[0.599s] Level 1:colcon.colcon_core.package_identification:_identify(.) by extension 'ros'
[0.644s] Level 1:colcon.colcon_core.package_identification:_identify(.) by extensions ['cmake', 'python']
[0.644s] Level 1:colcon.colcon_core.package_identification:_identify(.) by extension 'cmake'
[0.645s] Level 1:colcon.colcon_core.package_identification:_identify(.) by extension 'python'
[0.645s] Level 1:colcon.colcon_core.package_identification:_identify(.) by extensions ['python_setup_py']
[0.645s] Level 1:colcon.colcon_core.package_identification:_identify(.) by extension 'python_setup_py'
[0.645s] Level 1:colcon.colcon_core.package_identification:_identify(build) by extensions ['ignore', 'ignore_ament_install']
[0.645s] Level 1:colcon.colcon_core.package_identification:_identify(build) by extension 'ignore'
[0.645s] Level 1:colcon.colcon_core.package_identification:_identify(build) ignored
[0.645s] Level 1:colcon.colcon_core.package_identification:_identify(install) by extensions ['ignore', 'ignore_ament_install']
[0.645s] Level 1:colcon.colcon_core.package_identification:_identify(install) by extension 'ignore'
[0.646s] Level 1:colcon.colcon_core.package_identification:_identify(install) ignored
[0.646s] Level 1:colcon.colcon_core.package_identification:_identify(log) by extensions ['ignore', 'ignore_ament_install']
[0.646s] Level 1:colcon.colcon_core.package_identification:_identify(log) by extension 'ignore'
[0.646s] Level 1:colcon.colcon_core.package_identification:_identify(log) ignored
[0.646s] Level 1:colcon.colcon_core.package_identification:_identify(src) by extensions ['ignore', 'ignore_ament_install']
[0.646s] Level 1:colcon.colcon_core.package_identification:_identify(src) by extension 'ignore'
[0.646s] Level 1:colcon.colcon_core.package_identification:_identify(src) by extension 'ignore_ament_install'
[0.646s] Level 1:colcon.colcon_core.package_identification:_identify(src) by extensions ['colcon_pkg']
[0.646s] Level 1:colcon.colcon_core.package_identification:_identify(src) by extension 'colcon_pkg'
[0.646s] Level 1:colcon.colcon_core.package_identification:_identify(src) by extensions ['colcon_meta']
[0.646s] Level 1:colcon.colcon_core.package_identification:_identify(src) by extension 'colcon_meta'
[0.646s] Level 1:colcon.colcon_core.package_identification:_identify(src) by extensions ['ros']
[0.646s] Level 1:colcon.colcon_core.package_identification:_identify(src) by extension 'ros'
[0.646s] Level 1:colcon.colcon_core.package_identification:_identify(src) by extensions ['cmake', 'python']
[0.646s] Level 1:colcon.colcon_core.package_identification:_identify(src) by extension 'cmake'
[0.647s] Level 1:colcon.colcon_core.package_identification:_identify(src) by extension 'python'
[0.647s] Level 1:colcon.colcon_core.package_identification:_identify(src) by extensions ['python_setup_py']
[0.647s] Level 1:colcon.colcon_core.package_identification:_identify(src) by extension 'python_setup_py'
[0.647s] Level 1:colcon.colcon_core.package_identification:_identify(src/hardware) by extensions ['ignore', 'ignore_ament_install']
[0.647s] Level 1:colcon.colcon_core.package_identification:_identify(src/hardware) by extension 'ignore'
[0.647s] Level 1:colcon.colcon_core.package_identification:_identify(src/hardware) by extension 'ignore_ament_install'
[0.647s] Level 1:colcon.colcon_core.package_identification:_identify(src/hardware) by extensions ['colcon_pkg']
[0.647s] Level 1:colcon.colcon_core.package_identification:_identify(src/hardware) by extension 'colcon_pkg'
[0.647s] Level 1:colcon.colcon_core.package_identification:_identify(src/hardware) by extensions ['colcon_meta']
[0.647s] Level 1:colcon.colcon_core.package_identification:_identify(src/hardware) by extension 'colcon_meta'
[0.647s] Level 1:colcon.colcon_core.package_identification:_identify(src/hardware) by extensions ['ros']
[0.647s] Level 1:colcon.colcon_core.package_identification:_identify(src/hardware) by extension 'ros'
[0.647s] Level 1:colcon.colcon_core.package_identification:_identify(src/hardware) by extensions ['cmake', 'python']
[0.647s] Level 1:colcon.colcon_core.package_identification:_identify(src/hardware) by extension 'cmake'
[0.647s] Level 1:colcon.colcon_core.package_identification:_identify(src/hardware) by extension 'python'
[0.647s] Level 1:colcon.colcon_core.package_identification:_identify(src/hardware) by extensions ['python_setup_py']
[0.647s] Level 1:colcon.colcon_core.package_identification:_identify(src/hardware) by extension 'python_setup_py'
[0.648s] Level 1:colcon.colcon_core.package_identification:_identify(src/hardware/mid360_driver) by extensions ['ignore', 'ignore_ament_install']
[0.648s] Level 1:colcon.colcon_core.package_identification:_identify(src/hardware/mid360_driver) by extension 'ignore'
[0.648s] Level 1:colcon.colcon_core.package_identification:_identify(src/hardware/mid360_driver) by extension 'ignore_ament_install'
[0.648s] Level 1:colcon.colcon_core.package_identification:_identify(src/hardware/mid360_driver) by extensions ['colcon_pkg']
[0.648s] Level 1:colcon.colcon_core.package_identification:_identify(src/hardware/mid360_driver) by extension 'colcon_pkg'
[0.648s] Level 1:colcon.colcon_core.package_identification:_identify(src/hardware/mid360_driver) by extensions ['colcon_meta']
[0.648s] Level 1:colcon.colcon_core.package_identification:_identify(src/hardware/mid360_driver) by extension 'colcon_meta'
[0.648s] Level 1:colcon.colcon_core.package_identification:_identify(src/hardware/mid360_driver) by extensions ['ros']
[0.648s] Level 1:colcon.colcon_core.package_identification:_identify(src/hardware/mid360_driver) by extension 'ros'
[0.654s] DEBUG:colcon.colcon_core.package_identification:Package 'src/hardware/mid360_driver' with type 'ros.ament_cmake' and name 'mid360_driver'
[0.654s] Level 1:colcon.colcon_core.package_identification:_identify(src/localization) by extensions ['ignore', 'ignore_ament_install']
[0.654s] Level 1:colcon.colcon_core.package_identification:_identify(src/localization) by extension 'ignore'
[0.654s] Level 1:colcon.colcon_core.package_identification:_identify(src/localization) by extension 'ignore_ament_install'
[0.654s] Level 1:colcon.colcon_core.package_identification:_identify(src/localization) by extensions ['colcon_pkg']
[0.654s] Level 1:colcon.colcon_core.package_identification:_identify(src/localization) by extension 'colcon_pkg'
[0.655s] Level 1:colcon.colcon_core.package_identification:_identify(src/localization) by extensions ['colcon_meta']
[0.655s] Level 1:colcon.colcon_core.package_identification:_identify(src/localization) by extension 'colcon_meta'
[0.655s] Level 1:colcon.colcon_core.package_identification:_identify(src/localization) by extensions ['ros']
[0.655s] Level 1:colcon.colcon_core.package_identification:_identify(src/localization) by extension 'ros'
[0.655s] Level 1:colcon.colcon_core.package_identification:_identify(src/localization) by extensions ['cmake', 'python']
[0.655s] Level 1:colcon.colcon_core.package_identification:_identify(src/localization) by extension 'cmake'
[0.655s] Level 1:colcon.colcon_core.package_identification:_identify(src/localization) by extension 'python'
[0.655s] Level 1:colcon.colcon_core.package_identification:_identify(src/localization) by extensions ['python_setup_py']
[0.655s] Level 1:colcon.colcon_core.package_identification:_identify(src/localization) by extension 'python_setup_py'
[0.655s] Level 1:colcon.colcon_core.package_identification:_identify(src/localization/mcl_3d) by extensions ['ignore', 'ignore_ament_install']
[0.656s] Level 1:colcon.colcon_core.package_identification:_identify(src/localization/mcl_3d) by extension 'ignore'
[0.656s] Level 1:colcon.colcon_core.package_identification:_identify(src/localization/mcl_3d) by extension 'ignore_ament_install'
[0.656s] Level 1:colcon.colcon_core.package_identification:_identify(src/localization/mcl_3d) by extensions ['colcon_pkg']
[0.656s] Level 1:colcon.colcon_core.package_identification:_identify(src/localization/mcl_3d) by extension 'colcon_pkg'
[0.656s] Level 1:colcon.colcon_core.package_identification:_identify(src/localization/mcl_3d) by extensions ['colcon_meta']
[0.656s] Level 1:colcon.colcon_core.package_identification:_identify(src/localization/mcl_3d) by extension 'colcon_meta'
[0.656s] Level 1:colcon.colcon_core.package_identification:_identify(src/localization/mcl_3d) by extensions ['ros']
[0.656s] Level 1:colcon.colcon_core.package_identification:_identify(src/localization/mcl_3d) by extension 'ros'
[0.657s] DEBUG:colcon.colcon_core.package_identification:Package 'src/localization/mcl_3d' with type 'ros.ament_cmake' and name 'mcl_3d'
[0.657s] Level 1:colcon.colcon_core.package_identification:_identify(src/plannner) by extensions ['ignore', 'ignore_ament_install']
[0.657s] Level 1:colcon.colcon_core.package_identification:_identify(src/plannner) by extension 'ignore'
[0.657s] Level 1:colcon.colcon_core.package_identification:_identify(src/plannner) by extension 'ignore_ament_install'
[0.657s] Level 1:colcon.colcon_core.package_identification:_identify(src/plannner) by extensions ['colcon_pkg']
[0.657s] Level 1:colcon.colcon_core.package_identification:_identify(src/plannner) by extension 'colcon_pkg'
[0.657s] Level 1:colcon.colcon_core.package_identification:_identify(src/plannner) by extensions ['colcon_meta']
[0.657s] Level 1:colcon.colcon_core.package_identification:_identify(src/plannner) by extension 'colcon_meta'
[0.657s] Level 1:colcon.colcon_core.package_identification:_identify(src/plannner) by extensions ['ros']
[0.657s] Level 1:colcon.colcon_core.package_identification:_identify(src/plannner) by extension 'ros'
[0.657s] Level 1:colcon.colcon_core.package_identification:_identify(src/plannner) by extensions ['cmake', 'python']
[0.657s] Level 1:colcon.colcon_core.package_identification:_identify(src/plannner) by extension 'cmake'
[0.657s] Level 1:colcon.colcon_core.package_identification:_identify(src/plannner) by extension 'python'
[0.657s] Level 1:colcon.colcon_core.package_identification:_identify(src/plannner) by extensions ['python_setup_py']
[0.657s] Level 1:colcon.colcon_core.package_identification:_identify(src/plannner) by extension 'python_setup_py'
[0.658s] Level 1:colcon.colcon_core.package_identification:_identify(src/plannner/mppi_pathtracking) by extensions ['ignore', 'ignore_ament_install']
[0.658s] Level 1:colcon.colcon_core.package_identification:_identify(src/plannner/mppi_pathtracking) by extension 'ignore'
[0.658s] Level 1:colcon.colcon_core.package_identification:_identify(src/plannner/mppi_pathtracking) by extension 'ignore_ament_install'
[0.658s] Level 1:colcon.colcon_core.package_identification:_identify(src/plannner/mppi_pathtracking) by extensions ['colcon_pkg']
[0.658s] Level 1:colcon.colcon_core.package_identification:_identify(src/plannner/mppi_pathtracking) by extension 'colcon_pkg'
[0.658s] Level 1:colcon.colcon_core.package_identification:_identify(src/plannner/mppi_pathtracking) by extensions ['colcon_meta']
[0.658s] Level 1:colcon.colcon_core.package_identification:_identify(src/plannner/mppi_pathtracking) by extension 'colcon_meta'
[0.658s] Level 1:colcon.colcon_core.package_identification:_identify(src/plannner/mppi_pathtracking) by extensions ['ros']
[0.658s] Level 1:colcon.colcon_core.package_identification:_identify(src/plannner/mppi_pathtracking) by extension 'ros'
[0.659s] DEBUG:colcon.colcon_core.package_identification:Package 'src/plannner/mppi_pathtracking' with type 'ros.ament_cmake' and name 'mppi_planner'
[0.659s] Level 1:colcon.colcon_core.package_identification:_identify(src/plannner/pure_pursuit_planner) by extensions ['ignore', 'ignore_ament_install']
[0.659s] Level 1:colcon.colcon_core.package_identification:_identify(src/plannner/pure_pursuit_planner) by extension 'ignore'
[0.659s] Level 1:colcon.colcon_core.package_identification:_identify(src/plannner/pure_pursuit_planner) by extension 'ignore_ament_install'
[0.659s] Level 1:colcon.colcon_core.package_identification:_identify(src/plannner/pure_pursuit_planner) by extensions ['colcon_pkg']
[0.659s] Level 1:colcon.colcon_core.package_identification:_identify(src/plannner/pure_pursuit_planner) by extension 'colcon_pkg'
[0.660s] Level 1:colcon.colcon_core.package_identification:_identify(src/plannner/pure_pursuit_planner) by extensions ['colcon_meta']
[0.660s] Level 1:colcon.colcon_core.package_identification:_identify(src/plannner/pure_pursuit_planner) by extension 'colcon_meta'
[0.660s] Level 1:colcon.colcon_core.package_identification:_identify(src/plannner/pure_pursuit_planner) by extensions ['ros']
[0.660s] Level 1:colcon.colcon_core.package_identification:_identify(src/plannner/pure_pursuit_planner) by extension 'ros'
[0.661s] DEBUG:colcon.colcon_core.package_identification:Package 'src/plannner/pure_pursuit_planner' with type 'ros.ament_cmake' and name 'pure_pursuit_planner'
[0.662s] Level 1:colcon.colcon_core.package_identification:_identify(src/simulater) by extensions ['ignore', 'ignore_ament_install']
[0.662s] Level 1:colcon.colcon_core.package_identification:_identify(src/simulater) by extension 'ignore'
[0.662s] Level 1:colcon.colcon_core.package_identification:_identify(src/simulater) by extension 'ignore_ament_install'
[0.662s] Level 1:colcon.colcon_core.package_identification:_identify(src/simulater) by extensions ['colcon_pkg']
[0.662s] Level 1:colcon.colcon_core.package_identification:_identify(src/simulater) by extension 'colcon_pkg'
[0.662s] Level 1:colcon.colcon_core.package_identification:_identify(src/simulater) by extensions ['colcon_meta']
[0.663s] Level 1:colcon.colcon_core.package_identification:_identify(src/simulater) by extension 'colcon_meta'
[0.663s] Level 1:colcon.colcon_core.package_identification:_identify(src/simulater) by extensions ['ros']
[0.663s] Level 1:colcon.colcon_core.package_identification:_identify(src/simulater) by extension 'ros'
[0.663s] Level 1:colcon.colcon_core.package_identification:_identify(src/simulater) by extensions ['cmake', 'python']
[0.663s] Level 1:colcon.colcon_core.package_identification:_identify(src/simulater) by extension 'cmake'
[0.663s] Level 1:colcon.colcon_core.package_identification:_identify(src/simulater) by extension 'python'
[0.663s] Level 1:colcon.colcon_core.package_identification:_identify(src/simulater) by extensions ['python_setup_py']
[0.663s] Level 1:colcon.colcon_core.package_identification:_identify(src/simulater) by extension 'python_setup_py'
[0.663s] Level 1:colcon.colcon_core.package_discovery:discover_packages(recursive) using defaults
[0.664s] Level 1:colcon.colcon_core.package_discovery:discover_packages(ignore) discover
[0.664s] Level 1:colcon.colcon_core.package_discovery:discover_packages(ignore) using defaults
[0.664s] Level 1:colcon.colcon_core.package_discovery:discover_packages(path) discover
[0.664s] Level 1:colcon.colcon_core.package_discovery:discover_packages(path) using defaults
[0.695s] INFO:colcon.colcon_core.package_selection:Skipping not selected package 'mid360_driver' in 'src/hardware/mid360_driver'
[0.696s] INFO:colcon.colcon_core.package_selection:Skipping not selected package 'mppi_planner' in 'src/plannner/mppi_pathtracking'
[0.696s] INFO:colcon.colcon_core.package_selection:Skipping not selected package 'pure_pursuit_planner' in 'src/plannner/pure_pursuit_planner'
[0.696s] Level 1:colcon.colcon_core.package_discovery:discover_packages(prefix_path) check parameters
[0.696s] Level 1:colcon.colcon_core.package_discovery:discover_packages(prefix_path) discover
[0.699s] WARNING:colcon.colcon_ros.prefix_path.catkin:The path '/home/yoshida/local/' in the environment variable CMAKE_PREFIX_PATH doesn't exist
[0.704s] DEBUG:colcon.colcon_installed_package_information.package_discovery:Found 309 installed packages in /opt/ros/jazzy
[0.706s] Level 1:colcon.colcon_core.package_discovery:discover_packages(prefix_path) using defaults
[0.742s] Level 5:colcon.colcon_core.verb:set package 'mcl_3d' build argument 'cmake_args' from command line to 'None'
[0.742s] Level 5:colcon.colcon_core.verb:set package 'mcl_3d' build argument 'cmake_target' from command line to 'None'
[0.742s] Level 5:colcon.colcon_core.verb:set package 'mcl_3d' build argument 'cmake_target_skip_unavailable' from command line to 'False'
[0.742s] Level 5:colcon.colcon_core.verb:set package 'mcl_3d' build argument 'cmake_clean_cache' from command line to 'False'
[0.742s] Level 5:colcon.colcon_core.verb:set package 'mcl_3d' build argument 'cmake_clean_first' from command line to 'False'
[0.742s] Level 5:colcon.colcon_core.verb:set package 'mcl_3d' build argument 'cmake_force_configure' from command line to 'False'
[0.742s] Level 5:colcon.colcon_core.verb:set package 'mcl_3d' build argument 'ament_cmake_args' from command line to 'None'
[0.742s] Level 5:colcon.colcon_core.verb:set package 'mcl_3d' build argument 'catkin_cmake_args' from command line to 'None'
[0.742s] Level 5:colcon.colcon_core.verb:set package 'mcl_3d' build argument 'catkin_skip_building_tests' from command line to 'False'
[0.742s] DEBUG:colcon.colcon_core.verb:Building package 'mcl_3d' with the following arguments: {'ament_cmake_args': None, 'build_base': '/home/yoshida/study/ros2/build/mcl_3d', 'catkin_cmake_args': None, 'catkin_skip_building_tests': False, 'cmake_args': None, 'cmake_clean_cache': False, 'cmake_clean_first': False, 'cmake_force_configure': False, 'cmake_target': None, 'cmake_target_skip_unavailable': False, 'install_base': '/home/yoshida/study/ros2/install/mcl_3d', 'merge_install': False, 'path': '/home/yoshida/study/ros2/src/localization/mcl_3d', 'symlink_install': False, 'test_result_base': None}
[0.742s] INFO:colcon.colcon_core.executor:Executing jobs using 'parallel' executor
[0.744s] DEBUG:colcon.colcon_parallel_executor.executor.parallel:run_until_complete
[0.744s] INFO:colcon.colcon_ros.task.ament_cmake.build:Building ROS package in '/home/yoshida/study/ros2/src/localization/mcl_3d' with build type 'ament_cmake'
[0.744s] INFO:colcon.colcon_cmake.task.cmake.build:Building CMake package in '/home/yoshida/study/ros2/src/localization/mcl_3d'
[0.748s] INFO:colcon.colcon_core.plugin_system:Skipping extension 'colcon_core.shell.bat': Not used on non-Windows systems
[0.748s] INFO:colcon.colcon_core.shell:Skip shell extension 'powershell' for command environment: Not usable outside of PowerShell
[0.748s] DEBUG:colcon.colcon_core.shell:Skip shell extension 'dsv' for command environment
[0.757s] DEBUG:colcon.colcon_core.event_handler.log_command:Invoking command in '/home/yoshida/study/ros2/build/mcl_3d': CMAKE_PREFIX_PATH=${CMAKE_PREFIX_PATH}:/opt/ros/jazzy DEBUGINFOD_URLS=https://debuginfod.ubuntu.com /usr/bin/cmake /home/yoshida/study/ros2/src/localization/mcl_3d -DCMAKE_INSTALL_PREFIX=/home/yoshida/study/ros2/install/mcl_3d
[7.638s] DEBUG:colcon.colcon_core.event_handler.log_command:Invoked command in '/home/yoshida/study/ros2/build/mcl_3d' returned '1': CMAKE_PREFIX_PATH=${CMAKE_PREFIX_PATH}:/opt/ros/jazzy DEBUGINFOD_URLS=https://debuginfod.ubuntu.com /usr/bin/cmake /home/yoshida/study/ros2/src/localization/mcl_3d -DCMAKE_INSTALL_PREFIX=/home/yoshida/study/ros2/install/mcl_3d
[7.654s] Level 1:colcon.colcon_core.environment:create_environment_scripts_only(mcl_3d)
[7.660s] Level 1:colcon.colcon_core.environment:checking '/home/yoshida/study/ros2/install/mcl_3d' for CMake module files
[7.661s] Level 1:colcon.colcon_core.environment:checking '/home/yoshida/study/ros2/install/mcl_3d' for CMake config files
[7.662s] Level 1:colcon.colcon_core.environment:checking '/home/yoshida/study/ros2/install/mcl_3d/bin'
[7.662s] Level 1:colcon.colcon_core.environment:checking '/home/yoshida/study/ros2/install/mcl_3d/lib/pkgconfig/mcl_3d.pc'
[7.663s] Level 1:colcon.colcon_core.environment:checking '/home/yoshida/study/ros2/install/mcl_3d/lib/python3.12/site-packages'
[7.663s] Level 1:colcon.colcon_core.environment:checking '/home/yoshida/study/ros2/install/mcl_3d/bin'
[7.663s] INFO:colcon.colcon_core.shell:Creating package script '/home/yoshida/study/ros2/install/mcl_3d/share/mcl_3d/package.ps1'
[7.665s] INFO:colcon.colcon_core.shell:Creating package descriptor '/home/yoshida/study/ros2/install/mcl_3d/share/mcl_3d/package.dsv'
[7.666s] INFO:colcon.colcon_core.shell:Creating package script '/home/yoshida/study/ros2/install/mcl_3d/share/mcl_3d/package.sh'
[7.667s] INFO:colcon.colcon_core.shell:Creating package script '/home/yoshida/study/ros2/install/mcl_3d/share/mcl_3d/package.bash'
[7.669s] INFO:colcon.colcon_core.shell:Creating package script '/home/yoshida/study/ros2/install/mcl_3d/share/mcl_3d/package.zsh'
[7.670s] Level 1:colcon.colcon_core.environment:create_file_with_runtime_dependencies(/home/yoshida/study/ros2/install/mcl_3d/share/colcon-core/packages/mcl_3d)
[7.681s] DEBUG:colcon.colcon_parallel_executor.executor.parallel:closing loop
[7.681s] DEBUG:colcon.colcon_parallel_executor.executor.parallel:loop closed
[7.681s] DEBUG:colcon.colcon_parallel_executor.executor.parallel:run_until_complete finished with '1'
[7.681s] DEBUG:colcon.colcon_core.event_reactor:joining thread
[7.689s] INFO:colcon.colcon_core.plugin_system:Skipping extension 'colcon_notification.desktop_notification.terminal_notifier': Not used on non-Darwin systems
[7.690s] INFO:colcon.colcon_core.plugin_system:Skipping extension 'colcon_notification.desktop_notification.win32': Not used on non-Windows systems
[7.690s] INFO:colcon.colcon_notification.desktop_notification:Sending desktop notification using 'notify2'
[7.703s] DEBUG:colcon.colcon_core.event_reactor:joined thread
[7.703s] INFO:colcon.colcon_core.shell:Creating prefix script '/home/yoshida/study/ros2/install/local_setup.ps1'
[7.705s] INFO:colcon.colcon_core.shell:Creating prefix util module '/home/yoshida/study/ros2/install/_local_setup_util_ps1.py'
[7.706s] INFO:colcon.colcon_core.shell:Creating prefix chain script '/home/yoshida/study/ros2/install/setup.ps1'
[7.707s] INFO:colcon.colcon_core.shell:Creating prefix script '/home/yoshida/study/ros2/install/local_setup.sh'
[7.707s] INFO:colcon.colcon_core.shell:Creating prefix util module '/home/yoshida/study/ros2/install/_local_setup_util_sh.py'
[7.708s] INFO:colcon.colcon_core.shell:Creating prefix chain script '/home/yoshida/study/ros2/install/setup.sh'
[7.708s] INFO:colcon.colcon_core.shell:Creating prefix script '/home/yoshida/study/ros2/install/local_setup.bash'
[7.709s] INFO:colcon.colcon_core.shell:Creating prefix chain script '/home/yoshida/study/ros2/install/setup.bash'
[7.710s] INFO:colcon.colcon_core.shell:Creating prefix script '/home/yoshida/study/ros2/install/local_setup.zsh'
[7.710s] INFO:colcon.colcon_core.shell:Creating prefix chain script '/home/yoshida/study/ros2/install/setup.zsh'
