-- Found ament_cmake: 2.5.5 (/opt/ros/jazzy/share/ament_cmake/cmake)
-- Found Python3: /usr/bin/python3.12 (found version "3.12.3") found components: Interpreter 
-- Found rclcpp: 28.1.16 (/opt/ros/jazzy/share/rclcpp/cmake)
-- Found rosidl_generator_c: 4.6.7 (/opt/ros/jazzy/share/rosidl_generator_c/cmake)
-- Found rosidl_generator_cpp: 4.6.7 (/opt/ros/jazzy/share/rosidl_generator_cpp/cmake)
-- Using all available rosidl_typesupport_c: rosidl_typesupport_fastrtps_c;rosidl_typesupport_introspection_c
-- Using all available rosidl_typesupport_cpp: rosidl_typesupport_fastrtps_cpp;rosidl_typesupport_introspection_cpp
-- Found rmw_implementation_cmake: 7.3.3 (/opt/ros/jazzy/share/rmw_implementation_cmake/cmake)
-- Found rmw_fastrtps_cpp: 8.4.3 (/opt/ros/jazzy/share/rmw_fastrtps_cpp/cmake)
-- Using RMW implementation 'rmw_fastrtps_cpp' as default
-- Found std_msgs: 5.3.6 (/opt/ros/jazzy/share/std_msgs/cmake)
-- Found sensor_msgs: 5.3.6 (/opt/ros/jazzy/share/sensor_msgs/cmake)
-- Found rosidl_default_generators: 1.6.0 (/opt/ros/jazzy/share/rosidl_default_generators/cmake)
-- Found rosidl_adapter: 4.6.7 (/opt/ros/jazzy/share/rosidl_adapter/cmake)
-- Found ament_cmake_ros: 0.12.0 (/opt/ros/jazzy/share/ament_cmake_ros/cmake)
-- Using all available rosidl_typesupport_c: rosidl_typesupport_fastrtps_c;rosidl_typesupport_introspection_c
-- Using all available rosidl_typesupport_cpp: rosidl_typesupport_fastrtps_cpp;rosidl_typesupport_introspection_cpp
-- Found python_cmake_module: 0.11.1 (/opt/ros/jazzy/share/python_cmake_module/cmake)
-- Found Python3: /usr/bin/python3.12 (found version "3.12.3") found components: Interpreter Development NumPy Development.Module Development.Embed 
-- Found ament_lint_auto: 0.17.4 (/opt/ros/jazzy/share/ament_lint_auto/cmake)
-- Added test 'cppcheck' to perform static code analysis on C / C++ code
-- Configured cppcheck include dirs: /home/yoshida/study/ros2/src/mid360_driver/include
-- Configured cppcheck exclude dirs and/or files: 
-- Added test 'lint_cmake' to check CMake code style
-- Added test 'uncrustify' to check C / C++ code style
-- Configured uncrustify additional arguments: 
-- Added test 'xmllint' to check XML markup files
-- Configuring done (1.7s)
-- Generating done (0.1s)
-- Build files have been written to: /home/yoshida/study/ros2/build/mid360_driver
[  1%] Generating type hashes for ROS interfaces
[  1%] Built target ament_cmake_python_copy_mid360_driver
[  1%] Built target mid360_driver__rosidl_generator_type_description
running egg_info
[  3%] Generating C code for ROS interfaces
[  5%] Generating C++ code for ROS interfaces
writing mid360_driver.egg-info/PKG-INFO
writing dependency_links to mid360_driver.egg-info/dependency_links.txt
writing top-level names to mid360_driver.egg-info/top_level.txt
reading manifest file 'mid360_driver.egg-info/SOURCES.txt'
writing manifest file 'mid360_driver.egg-info/SOURCES.txt'
[  5%] Built target ament_cmake_python_build_mid360_driver_egg
[  5%] Built target mid360_driver__cpp
[  7%] Building C object CMakeFiles/mid360_driver__rosidl_generator_c.dir/rosidl_generator_c/mid360_driver/msg/detail/mid360_raw_packet__type_support.c.o
[  9%] Building C object CMakeFiles/mid360_driver__rosidl_generator_c.dir/rosidl_generator_c/mid360_driver/msg/detail/mid360_packet__description.c.o
[ 11%] Building C object CMakeFiles/mid360_driver__rosidl_generator_c.dir/rosidl_generator_c/mid360_driver/msg/detail/mid360_packet__type_support.c.o
[ 13%] Building C object CMakeFiles/mid360_driver__rosidl_generator_c.dir/rosidl_generator_c/mid360_driver/msg/detail/mid360_raw_packet__functions.c.o
[ 15%] Building C object CMakeFiles/mid360_driver__rosidl_generator_c.dir/rosidl_generator_c/mid360_driver/msg/detail/mid360_raw_packet__description.c.o
[ 16%] Building C object CMakeFiles/mid360_driver__rosidl_generator_c.dir/rosidl_generator_c/mid360_driver/msg/detail/mid360_packet__functions.c.o
[ 18%] Linking C shared library libmid360_driver__rosidl_generator_c.so
[ 18%] Built target mid360_driver__rosidl_generator_c
[ 20%] Generating C++ type support dispatch for ROS interfaces
[ 22%] Generating C++ introspection for ROS interfaces
[ 24%] Generating C introspection for ROS interfaces
[ 26%] Generating C type support dispatch for ROS interfaces
[ 28%] Generating C++ type support for eProsima Fast-RTPS
[ 30%] Generating C type support for eProsima Fast-RTPS
[ 33%] Building CXX object CMakeFiles/mid360_driver__rosidl_typesupport_introspection_cpp.dir/rosidl_typesupport_introspection_cpp/mid360_driver/msg/detail/mid360_packet__type_support.cpp.o
[ 33%] Building CXX object CMakeFiles/mid360_driver__rosidl_typesupport_introspection_cpp.dir/rosidl_typesupport_introspection_cpp/mid360_driver/msg/detail/mid360_raw_packet__type_support.cpp.o
[ 35%] Building CXX object CMakeFiles/mid360_driver__rosidl_typesupport_c.dir/rosidl_typesupport_c/mid360_driver/msg/mid360_raw_packet__type_support.cpp.o
[ 37%] Building CXX object CMakeFiles/mid360_driver__rosidl_typesupport_c.dir/rosidl_typesupport_c/mid360_driver/msg/mid360_packet__type_support.cpp.o
[ 41%] Building CXX object CMakeFiles/mid360_driver__rosidl_typesupport_cpp.dir/rosidl_typesupport_cpp/mid360_driver/msg/mid360_raw_packet__type_support.cpp.o
[ 41%] Building CXX object CMakeFiles/mid360_driver__rosidl_typesupport_cpp.dir/rosidl_typesupport_cpp/mid360_driver/msg/mid360_packet__type_support.cpp.o
[ 43%] Linking CXX shared library libmid360_driver__rosidl_typesupport_c.so
[ 43%] Built target mid360_driver__rosidl_typesupport_c
[ 45%] Building C object CMakeFiles/mid360_driver__rosidl_typesupport_introspection_c.dir/rosidl_typesupport_introspection_c/mid360_driver/msg/detail/mid360_raw_packet__type_support.c.o
[ 47%] Building C object CMakeFiles/mid360_driver__rosidl_typesupport_introspection_c.dir/rosidl_typesupport_introspection_c/mid360_driver/msg/detail/mid360_packet__type_support.c.o
[ 50%] Building CXX object CMakeFiles/mid360_driver__rosidl_typesupport_fastrtps_c.dir/rosidl_typesupport_fastrtps_c/mid360_driver/msg/detail/mid360_packet__type_support_c.cpp.o
[ 50%] Building CXX object CMakeFiles/mid360_driver__rosidl_typesupport_fastrtps_c.dir/rosidl_typesupport_fastrtps_c/mid360_driver/msg/detail/mid360_raw_packet__type_support_c.cpp.o
[ 54%] Building CXX object CMakeFiles/mid360_driver__rosidl_typesupport_fastrtps_cpp.dir/rosidl_typesupport_fastrtps_cpp/mid360_driver/msg/detail/dds_fastrtps/mid360_raw_packet__type_support.cpp.o
[ 54%] Building CXX object CMakeFiles/mid360_driver__rosidl_typesupport_fastrtps_cpp.dir/rosidl_typesupport_fastrtps_cpp/mid360_driver/msg/detail/dds_fastrtps/mid360_packet__type_support.cpp.o
[ 56%] Linking C shared library libmid360_driver__rosidl_typesupport_introspection_c.so
[ 56%] Built target mid360_driver__rosidl_typesupport_introspection_c
[ 58%] Linking CXX shared library libmid360_driver__rosidl_typesupport_introspection_cpp.so
[ 60%] Linking CXX shared library libmid360_driver__rosidl_typesupport_cpp.so
[ 60%] Built target mid360_driver__rosidl_typesupport_cpp
[ 62%] Building CXX object CMakeFiles/mid360_driver_core.dir/src/crc.cpp.o
[ 62%] Built target mid360_driver__rosidl_typesupport_introspection_cpp
[ 67%] Building CXX object CMakeFiles/mid360_driver_core.dir/src/packet_codec.cpp.o
[ 67%] Building CXX object CMakeFiles/mid360_driver_core.dir/src/sdk_protocol.cpp.o
[ 67%] Building CXX object CMakeFiles/mid360_driver_core.dir/src/mid360_driver.cpp.o
[ 69%] Linking CXX shared library libmid360_driver__rosidl_typesupport_fastrtps_cpp.so
[ 69%] Built target mid360_driver__rosidl_typesupport_fastrtps_cpp
[ 71%] Linking CXX shared library libmid360_driver__rosidl_typesupport_fastrtps_c.so
[ 71%] Built target mid360_driver__rosidl_typesupport_fastrtps_c
[ 71%] Built target mid360_driver
[ 73%] Generating Python code for ROS interfaces
[ 73%] Built target mid360_driver__py
[ 77%] Building C object CMakeFiles/mid360_driver__rosidl_generator_py.dir/rosidl_generator_py/mid360_driver/msg/_mid360_packet_s.c.o
[ 77%] Building C object CMakeFiles/mid360_driver__rosidl_generator_py.dir/rosidl_generator_py/mid360_driver/msg/_mid360_raw_packet_s.c.o
[ 79%] Linking C shared library libmid360_driver__rosidl_generator_py.so
[ 79%] Built target mid360_driver__rosidl_generator_py
[ 81%] Building C object CMakeFiles/mid360_driver_s__rosidl_typesupport_introspection_c.dir/rosidl_generator_py/mid360_driver/_mid360_driver_s.ep.rosidl_typesupport_introspection_c.c.o
[ 83%] Building C object CMakeFiles/mid360_driver_s__rosidl_typesupport_fastrtps_c.dir/rosidl_generator_py/mid360_driver/_mid360_driver_s.ep.rosidl_typesupport_fastrtps_c.c.o
[ 84%] Building C object CMakeFiles/mid360_driver_s__rosidl_typesupport_c.dir/rosidl_generator_py/mid360_driver/_mid360_driver_s.ep.rosidl_typesupport_c.c.o
[ 86%] Linking C shared module rosidl_generator_py/mid360_driver/mid360_driver_s__rosidl_typesupport_introspection_c.so
[ 88%] Linking C shared module rosidl_generator_py/mid360_driver/mid360_driver_s__rosidl_typesupport_fastrtps_c.so
[ 90%] Linking C shared module rosidl_generator_py/mid360_driver/mid360_driver_s__rosidl_typesupport_c.so
[ 90%] Built target mid360_driver_s__rosidl_typesupport_introspection_c
[ 90%] Built target mid360_driver_s__rosidl_typesupport_fastrtps_c
[ 90%] Built target mid360_driver_s__rosidl_typesupport_c
[ 92%] Linking CXX shared library libmid360_driver_core.so
[ 92%] Built target mid360_driver_core
[ 94%] Building CXX object CMakeFiles/mid360_packet_to_cloud_node.dir/src/mid360_packet_to_cloud_node.cpp.o
[ 96%] Building CXX object CMakeFiles/mid360_driver_node.dir/src/mid360_driver_node.cpp.o
[ 98%] Linking CXX executable mid360_driver_node
[ 98%] Built target mid360_driver_node
[100%] Linking CXX executable mid360_packet_to_cloud_node
[100%] Built target mid360_packet_to_cloud_node
-- Install configuration: ""
-- Installing: /home/yoshida/study/ros2/install/mid360_driver/share/ament_index/resource_index/rosidl_interfaces/mid360_driver
-- Installing: /home/yoshida/study/ros2/install/mid360_driver/share/mid360_driver/msg/Mid360RawPacket.json
-- Installing: /home/yoshida/study/ros2/install/mid360_driver/share/mid360_driver/msg/Mid360Packet.json
-- Up-to-date: /home/yoshida/study/ros2/install/mid360_driver/include/mid360_driver/mid360_driver
-- Up-to-date: /home/yoshida/study/ros2/install/mid360_driver/include/mid360_driver/mid360_driver/msg
-- Up-to-date: /home/yoshida/study/ros2/install/mid360_driver/include/mid360_driver/mid360_driver/msg/detail
-- Up-to-date: /home/yoshida/study/ros2/install/mid360_driver/include/mid360_driver/mid360_driver/msg/detail/custom_point__type_support.h
-- Installing: /home/yoshida/study/ros2/install/mid360_driver/include/mid360_driver/mid360_driver/msg/detail/mid360_raw_packet__functions.h
-- Installing: /home/yoshida/study/ros2/install/mid360_driver/include/mid360_driver/mid360_driver/msg/detail/mid360_raw_packet__description.c
-- Installing: /home/yoshida/study/ros2/install/mid360_driver/include/mid360_driver/mid360_driver/msg/detail/mid360_raw_packet__functions.c
-- Up-to-date: /home/yoshida/study/ros2/install/mid360_driver/include/mid360_driver/mid360_driver/msg/detail/custom_msg__description.c
-- Installing: /home/yoshida/study/ros2/install/mid360_driver/include/mid360_driver/mid360_driver/msg/detail/mid360_packet__functions.c
-- Up-to-date: /home/yoshida/study/ros2/install/mid360_driver/include/mid360_driver/mid360_driver/msg/detail/custom_point__type_support.c
-- Installing: /home/yoshida/study/ros2/install/mid360_driver/include/mid360_driver/mid360_driver/msg/detail/mid360_packet__description.c
-- Up-to-date: /home/yoshida/study/ros2/install/mid360_driver/include/mid360_driver/mid360_driver/msg/detail/custom_msg__functions.c
-- Up-to-date: /home/yoshida/study/ros2/install/mid360_driver/include/mid360_driver/mid360_driver/msg/detail/custom_point__functions.c
-- Installing: /home/yoshida/study/ros2/install/mid360_driver/include/mid360_driver/mid360_driver/msg/detail/mid360_packet__functions.h
-- Installing: /home/yoshida/study/ros2/install/mid360_driver/include/mid360_driver/mid360_driver/msg/detail/mid360_packet__struct.h
-- Up-to-date: /home/yoshida/study/ros2/install/mid360_driver/include/mid360_driver/mid360_driver/msg/detail/custom_msg__type_support.c
-- Up-to-date: /home/yoshida/study/ros2/install/mid360_driver/include/mid360_driver/mid360_driver/msg/detail/custom_msg__type_support.h
-- Installing: /home/yoshida/study/ros2/install/mid360_driver/include/mid360_driver/mid360_driver/msg/detail/mid360_raw_packet__type_support.c
-- Up-to-date: /home/yoshida/study/ros2/install/mid360_driver/include/mid360_driver/mid360_driver/msg/detail/custom_msg__functions.h
-- Up-to-date: /home/yoshida/study/ros2/install/mid360_driver/include/mid360_driver/mid360_driver/msg/detail/custom_msg__struct.h
-- Installing: /home/yoshida/study/ros2/install/mid360_driver/include/mid360_driver/mid360_driver/msg/detail/mid360_packet__type_support.h
-- Up-to-date: /home/yoshida/study/ros2/install/mid360_driver/include/mid360_driver/mid360_driver/msg/detail/custom_point__struct.h
-- Installing: /home/yoshida/study/ros2/install/mid360_driver/include/mid360_driver/mid360_driver/msg/detail/mid360_packet__type_support.c
-- Installing: /home/yoshida/study/ros2/install/mid360_driver/include/mid360_driver/mid360_driver/msg/detail/mid360_raw_packet__type_support.h
-- Up-to-date: /home/yoshida/study/ros2/install/mid360_driver/include/mid360_driver/mid360_driver/msg/detail/custom_point__description.c
-- Installing: /home/yoshida/study/ros2/install/mid360_driver/include/mid360_driver/mid360_driver/msg/detail/mid360_raw_packet__struct.h
-- Up-to-date: /home/yoshida/study/ros2/install/mid360_driver/include/mid360_driver/mid360_driver/msg/detail/custom_point__functions.h
-- Up-to-date: /home/yoshida/study/ros2/install/mid360_driver/include/mid360_driver/mid360_driver/msg/rosidl_generator_c__visibility_control.h
-- Installing: /home/yoshida/study/ros2/install/mid360_driver/include/mid360_driver/mid360_driver/msg/mid360_raw_packet.h
-- Installing: /home/yoshida/study/ros2/install/mid360_driver/include/mid360_driver/mid360_driver/msg/mid360_packet.h
-- Up-to-date: /home/yoshida/study/ros2/install/mid360_driver/include/mid360_driver/mid360_driver/msg/custom_point.h
-- Up-to-date: /home/yoshida/study/ros2/install/mid360_driver/include/mid360_driver/mid360_driver/msg/custom_msg.h
-- Up-to-date: /home/yoshida/study/ros2/install/mid360_driver/share/mid360_driver/environment/library_path.sh
-- Up-to-date: /home/yoshida/study/ros2/install/mid360_driver/share/mid360_driver/environment/library_path.dsv
-- Installing: /home/yoshida/study/ros2/install/mid360_driver/lib/libmid360_driver__rosidl_generator_c.so
-- Set non-toolchain portion of runtime path of "/home/yoshida/study/ros2/install/mid360_driver/lib/libmid360_driver__rosidl_generator_c.so" to ""
-- Up-to-date: /home/yoshida/study/ros2/install/mid360_driver/include/mid360_driver/mid360_driver
-- Up-to-date: /home/yoshida/study/ros2/install/mid360_driver/include/mid360_driver/mid360_driver/msg
-- Up-to-date: /home/yoshida/study/ros2/install/mid360_driver/include/mid360_driver/mid360_driver/msg/detail
-- Up-to-date: /home/yoshida/study/ros2/install/mid360_driver/include/mid360_driver/mid360_driver/msg/detail/custom_msg__rosidl_typesupport_fastrtps_c.h
-- Up-to-date: /home/yoshida/study/ros2/install/mid360_driver/include/mid360_driver/mid360_driver/msg/detail/custom_point__rosidl_typesupport_fastrtps_c.h
-- Installing: /home/yoshida/study/ros2/install/mid360_driver/include/mid360_driver/mid360_driver/msg/detail/mid360_raw_packet__rosidl_typesupport_fastrtps_c.h
-- Installing: /home/yoshida/study/ros2/install/mid360_driver/include/mid360_driver/mid360_driver/msg/detail/mid360_packet__rosidl_typesupport_fastrtps_c.h
-- Up-to-date: /home/yoshida/study/ros2/install/mid360_driver/include/mid360_driver/mid360_driver/msg/rosidl_typesupport_fastrtps_c__visibility_control.h
-- Installing: /home/yoshida/study/ros2/install/mid360_driver/lib/libmid360_driver__rosidl_typesupport_fastrtps_c.so
-- Set non-toolchain portion of runtime path of "/home/yoshida/study/ros2/install/mid360_driver/lib/libmid360_driver__rosidl_typesupport_fastrtps_c.so" to ""
-- Up-to-date: /home/yoshida/study/ros2/install/mid360_driver/include/mid360_driver/mid360_driver
-- Up-to-date: /home/yoshida/study/ros2/install/mid360_driver/include/mid360_driver/mid360_driver/msg
-- Up-to-date: /home/yoshida/study/ros2/install/mid360_driver/include/mid360_driver/mid360_driver/msg/custom_point.hpp
-- Up-to-date: /home/yoshida/study/ros2/install/mid360_driver/include/mid360_driver/mid360_driver/msg/detail
-- Up-to-date: /home/yoshida/study/ros2/install/mid360_driver/include/mid360_driver/mid360_driver/msg/detail/custom_point__struct.hpp
-- Installing: /home/yoshida/study/ros2/install/mid360_driver/include/mid360_driver/mid360_driver/msg/detail/mid360_raw_packet__traits.hpp
-- Installing: /home/yoshida/study/ros2/install/mid360_driver/include/mid360_driver/mid360_driver/msg/detail/mid360_packet__traits.hpp
-- Up-to-date: /home/yoshida/study/ros2/install/mid360_driver/include/mid360_driver/mid360_driver/msg/detail/custom_msg__type_support.hpp
-- Up-to-date: /home/yoshida/study/ros2/install/mid360_driver/include/mid360_driver/mid360_driver/msg/detail/custom_point__type_support.hpp
-- Up-to-date: /home/yoshida/study/ros2/install/mid360_driver/include/mid360_driver/mid360_driver/msg/detail/custom_point__traits.hpp
-- Installing: /home/yoshida/study/ros2/install/mid360_driver/include/mid360_driver/mid360_driver/msg/detail/mid360_raw_packet__type_support.hpp
-- Installing: /home/yoshida/study/ros2/install/mid360_driver/include/mid360_driver/mid360_driver/msg/detail/mid360_packet__struct.hpp
-- Up-to-date: /home/yoshida/study/ros2/install/mid360_driver/include/mid360_driver/mid360_driver/msg/detail/custom_msg__traits.hpp
-- Up-to-date: /home/yoshida/study/ros2/install/mid360_driver/include/mid360_driver/mid360_driver/msg/detail/custom_msg__struct.hpp
-- Installing: /home/yoshida/study/ros2/install/mid360_driver/include/mid360_driver/mid360_driver/msg/detail/mid360_packet__type_support.hpp
-- Up-to-date: /home/yoshida/study/ros2/install/mid360_driver/include/mid360_driver/mid360_driver/msg/detail/custom_msg__builder.hpp
-- Installing: /home/yoshida/study/ros2/install/mid360_driver/include/mid360_driver/mid360_driver/msg/detail/mid360_raw_packet__struct.hpp
-- Installing: /home/yoshida/study/ros2/install/mid360_driver/include/mid360_driver/mid360_driver/msg/detail/mid360_raw_packet__builder.hpp
-- Installing: /home/yoshida/study/ros2/install/mid360_driver/include/mid360_driver/mid360_driver/msg/detail/mid360_packet__builder.hpp
-- Up-to-date: /home/yoshida/study/ros2/install/mid360_driver/include/mid360_driver/mid360_driver/msg/detail/custom_point__builder.hpp
-- Installing: /home/yoshida/study/ros2/install/mid360_driver/include/mid360_driver/mid360_driver/msg/mid360_raw_packet.hpp
-- Installing: /home/yoshida/study/ros2/install/mid360_driver/include/mid360_driver/mid360_driver/msg/mid360_packet.hpp
-- Installing: /home/yoshida/study/ros2/install/mid360_driver/include/mid360_driver/mid360_driver/msg/rosidl_generator_cpp__visibility_control.hpp
-- Up-to-date: /home/yoshida/study/ros2/install/mid360_driver/include/mid360_driver/mid360_driver/msg/custom_msg.hpp
-- Up-to-date: /home/yoshida/study/ros2/install/mid360_driver/include/mid360_driver/mid360_driver
-- Up-to-date: /home/yoshida/study/ros2/install/mid360_driver/include/mid360_driver/mid360_driver/msg
-- Up-to-date: /home/yoshida/study/ros2/install/mid360_driver/include/mid360_driver/mid360_driver/msg/detail
-- Installing: /home/yoshida/study/ros2/install/mid360_driver/include/mid360_driver/mid360_driver/msg/detail/mid360_packet__rosidl_typesupport_fastrtps_cpp.hpp
-- Installing: /home/yoshida/study/ros2/install/mid360_driver/include/mid360_driver/mid360_driver/msg/detail/mid360_raw_packet__rosidl_typesupport_fastrtps_cpp.hpp
-- Up-to-date: /home/yoshida/study/ros2/install/mid360_driver/include/mid360_driver/mid360_driver/msg/detail/custom_msg__rosidl_typesupport_fastrtps_cpp.hpp
-- Up-to-date: /home/yoshida/study/ros2/install/mid360_driver/include/mid360_driver/mid360_driver/msg/detail/dds_fastrtps
-- Up-to-date: /home/yoshida/study/ros2/install/mid360_driver/include/mid360_driver/mid360_driver/msg/detail/custom_point__rosidl_typesupport_fastrtps_cpp.hpp
-- Up-to-date: /home/yoshida/study/ros2/install/mid360_driver/include/mid360_driver/mid360_driver/msg/rosidl_typesupport_fastrtps_cpp__visibility_control.h
-- Installing: /home/yoshida/study/ros2/install/mid360_driver/lib/libmid360_driver__rosidl_typesupport_fastrtps_cpp.so
-- Set non-toolchain portion of runtime path of "/home/yoshida/study/ros2/install/mid360_driver/lib/libmid360_driver__rosidl_typesupport_fastrtps_cpp.so" to ""
-- Up-to-date: /home/yoshida/study/ros2/install/mid360_driver/include/mid360_driver/mid360_driver
-- Up-to-date: /home/yoshida/study/ros2/install/mid360_driver/include/mid360_driver/mid360_driver/msg
-- Up-to-date: /home/yoshida/study/ros2/install/mid360_driver/include/mid360_driver/mid360_driver/msg/detail
-- Up-to-date: /home/yoshida/study/ros2/install/mid360_driver/include/mid360_driver/mid360_driver/msg/detail/custom_point__rosidl_typesupport_introspection_c.h
-- Up-to-date: /home/yoshida/study/ros2/install/mid360_driver/include/mid360_driver/mid360_driver/msg/detail/custom_point__type_support.c
-- Up-to-date: /home/yoshida/study/ros2/install/mid360_driver/include/mid360_driver/mid360_driver/msg/detail/custom_msg__type_support.c
-- Up-to-date: /home/yoshida/study/ros2/install/mid360_driver/include/mid360_driver/mid360_driver/msg/detail/mid360_raw_packet__type_support.c
-- Up-to-date: /home/yoshida/study/ros2/install/mid360_driver/include/mid360_driver/mid360_driver/msg/detail/mid360_packet__type_support.c
-- Up-to-date: /home/yoshida/study/ros2/install/mid360_driver/include/mid360_driver/mid360_driver/msg/detail/custom_msg__rosidl_typesupport_introspection_c.h
-- Installing: /home/yoshida/study/ros2/install/mid360_driver/include/mid360_driver/mid360_driver/msg/detail/mid360_packet__rosidl_typesupport_introspection_c.h
-- Installing: /home/yoshida/study/ros2/install/mid360_driver/include/mid360_driver/mid360_driver/msg/detail/mid360_raw_packet__rosidl_typesupport_introspection_c.h
-- Up-to-date: /home/yoshida/study/ros2/install/mid360_driver/include/mid360_driver/mid360_driver/msg/rosidl_typesupport_introspection_c__visibility_control.h
-- Installing: /home/yoshida/study/ros2/install/mid360_driver/lib/libmid360_driver__rosidl_typesupport_introspection_c.so
-- Set non-toolchain portion of runtime path of "/home/yoshida/study/ros2/install/mid360_driver/lib/libmid360_driver__rosidl_typesupport_introspection_c.so" to ""
-- Installing: /home/yoshida/study/ros2/install/mid360_driver/lib/libmid360_driver__rosidl_typesupport_c.so
-- Set non-toolchain portion of runtime path of "/home/yoshida/study/ros2/install/mid360_driver/lib/libmid360_driver__rosidl_typesupport_c.so" to ""
-- Up-to-date: /home/yoshida/study/ros2/install/mid360_driver/include/mid360_driver/mid360_driver
-- Up-to-date: /home/yoshida/study/ros2/install/mid360_driver/include/mid360_driver/mid360_driver/msg
-- Up-to-date: /home/yoshida/study/ros2/install/mid360_driver/include/mid360_driver/mid360_driver/msg/detail
-- Installing: /home/yoshida/study/ros2/install/mid360_driver/include/mid360_driver/mid360_driver/msg/detail/mid360_raw_packet__rosidl_typesupport_introspection_cpp.hpp
-- Installing: /home/yoshida/study/ros2/install/mid360_driver/include/mid360_driver/mid360_driver/msg/detail/mid360_raw_packet__type_support.cpp
-- Installing: /home/yoshida/study/ros2/install/mid360_driver/include/mid360_driver/mid360_driver/msg/detail/mid360_packet__rosidl_typesupport_introspection_cpp.hpp
-- Up-to-date: /home/yoshida/study/ros2/install/mid360_driver/include/mid360_driver/mid360_driver/msg/detail/custom_msg__rosidl_typesupport_introspection_cpp.hpp
-- Installing: /home/yoshida/study/ros2/install/mid360_driver/include/mid360_driver/mid360_driver/msg/detail/mid360_packet__type_support.cpp
-- Up-to-date: /home/yoshida/study/ros2/install/mid360_driver/include/mid360_driver/mid360_driver/msg/detail/custom_point__type_support.cpp
-- Up-to-date: /home/yoshida/study/ros2/install/mid360_driver/include/mid360_driver/mid360_driver/msg/detail/custom_msg__type_support.cpp
-- Up-to-date: /home/yoshida/study/ros2/install/mid360_driver/include/mid360_driver/mid360_driver/msg/detail/custom_point__rosidl_typesupport_introspection_cpp.hpp
-- Installing: /home/yoshida/study/ros2/install/mid360_driver/lib/libmid360_driver__rosidl_typesupport_introspection_cpp.so
-- Set non-toolchain portion of runtime path of "/home/yoshida/study/ros2/install/mid360_driver/lib/libmid360_driver__rosidl_typesupport_introspection_cpp.so" to ""
-- Installing: /home/yoshida/study/ros2/install/mid360_driver/lib/libmid360_driver__rosidl_typesupport_cpp.so
-- Set non-toolchain portion of runtime path of "/home/yoshida/study/ros2/install/mid360_driver/lib/libmid360_driver__rosidl_typesupport_cpp.so" to ""
-- Up-to-date: /home/yoshida/study/ros2/install/mid360_driver/share/mid360_driver/environment/pythonpath.sh
-- Up-to-date: /home/yoshida/study/ros2/install/mid360_driver/share/mid360_driver/environment/pythonpath.dsv
-- Installing: /home/yoshida/study/ros2/install/mid360_driver/lib/python3.12/site-packages/mid360_driver-0.2.0-py3.12.egg-info
-- Installing: /home/yoshida/study/ros2/install/mid360_driver/lib/python3.12/site-packages/mid360_driver-0.2.0-py3.12.egg-info/PKG-INFO
-- Installing: /home/yoshida/study/ros2/install/mid360_driver/lib/python3.12/site-packages/mid360_driver-0.2.0-py3.12.egg-info/dependency_links.txt
-- Installing: /home/yoshida/study/ros2/install/mid360_driver/lib/python3.12/site-packages/mid360_driver-0.2.0-py3.12.egg-info/top_level.txt
-- Installing: /home/yoshida/study/ros2/install/mid360_driver/lib/python3.12/site-packages/mid360_driver-0.2.0-py3.12.egg-info/SOURCES.txt
-- Up-to-date: /home/yoshida/study/ros2/install/mid360_driver/lib/python3.12/site-packages/mid360_driver
-- Installing: /home/yoshida/study/ros2/install/mid360_driver/lib/python3.12/site-packages/mid360_driver/mid360_driver_s__rosidl_typesupport_introspection_c.so
-- Installing: /home/yoshida/study/ros2/install/mid360_driver/lib/python3.12/site-packages/mid360_driver/__init__.py
-- Installing: /home/yoshida/study/ros2/install/mid360_driver/lib/python3.12/site-packages/mid360_driver/mid360_driver_s__rosidl_typesupport_c.so
-- Installing: /home/yoshida/study/ros2/install/mid360_driver/lib/python3.12/site-packages/mid360_driver/_mid360_driver_s.ep.rosidl_typesupport_c.c
-- Installing: /home/yoshida/study/ros2/install/mid360_driver/lib/python3.12/site-packages/mid360_driver/mid360_driver_s__rosidl_typesupport_fastrtps_c.so
-- Installing: /home/yoshida/study/ros2/install/mid360_driver/lib/python3.12/site-packages/mid360_driver/_mid360_driver_s.ep.rosidl_typesupport_introspection_c.c
-- Installing: /home/yoshida/study/ros2/install/mid360_driver/lib/python3.12/site-packages/mid360_driver/_mid360_driver_s.ep.rosidl_typesupport_fastrtps_c.c
-- Up-to-date: /home/yoshida/study/ros2/install/mid360_driver/lib/python3.12/site-packages/mid360_driver/msg
-- Installing: /home/yoshida/study/ros2/install/mid360_driver/lib/python3.12/site-packages/mid360_driver/msg/_mid360_raw_packet_s.c
-- Installing: /home/yoshida/study/ros2/install/mid360_driver/lib/python3.12/site-packages/mid360_driver/msg/__init__.py
-- Up-to-date: /home/yoshida/study/ros2/install/mid360_driver/lib/python3.12/site-packages/mid360_driver/msg/_custom_point_s.c
-- Up-to-date: /home/yoshida/study/ros2/install/mid360_driver/lib/python3.12/site-packages/mid360_driver/msg/_custom_msg_s.c
-- Installing: /home/yoshida/study/ros2/install/mid360_driver/lib/python3.12/site-packages/mid360_driver/msg/_mid360_packet_s.c
-- Up-to-date: /home/yoshida/study/ros2/install/mid360_driver/lib/python3.12/site-packages/mid360_driver/msg/_custom_point.py
-- Up-to-date: /home/yoshida/study/ros2/install/mid360_driver/lib/python3.12/site-packages/mid360_driver/msg/_custom_msg.py
-- Installing: /home/yoshida/study/ros2/install/mid360_driver/lib/python3.12/site-packages/mid360_driver/msg/_mid360_packet.py
-- Installing: /home/yoshida/study/ros2/install/mid360_driver/lib/python3.12/site-packages/mid360_driver/msg/_mid360_raw_packet.py
Listing '/home/yoshida/study/ros2/install/mid360_driver/lib/python3.12/site-packages/mid360_driver'...
Compiling '/home/yoshida/study/ros2/install/mid360_driver/lib/python3.12/site-packages/mid360_driver/__init__.py'...
Listing '/home/yoshida/study/ros2/install/mid360_driver/lib/python3.12/site-packages/mid360_driver/msg'...
Compiling '/home/yoshida/study/ros2/install/mid360_driver/lib/python3.12/site-packages/mid360_driver/msg/__init__.py'...
Compiling '/home/yoshida/study/ros2/install/mid360_driver/lib/python3.12/site-packages/mid360_driver/msg/_mid360_packet.py'...
Compiling '/home/yoshida/study/ros2/install/mid360_driver/lib/python3.12/site-packages/mid360_driver/msg/_mid360_raw_packet.py'...
-- Installing: /home/yoshida/study/ros2/install/mid360_driver/lib/python3.12/site-packages/mid360_driver/mid360_driver_s__rosidl_typesupport_fastrtps_c.so
-- Set non-toolchain portion of runtime path of "/home/yoshida/study/ros2/install/mid360_driver/lib/python3.12/site-packages/mid360_driver/mid360_driver_s__rosidl_typesupport_fastrtps_c.so" to ""
-- Installing: /home/yoshida/study/ros2/install/mid360_driver/lib/python3.12/site-packages/mid360_driver/mid360_driver_s__rosidl_typesupport_introspection_c.so
-- Set non-toolchain portion of runtime path of "/home/yoshida/study/ros2/install/mid360_driver/lib/python3.12/site-packages/mid360_driver/mid360_driver_s__rosidl_typesupport_introspection_c.so" to ""
-- Installing: /home/yoshida/study/ros2/install/mid360_driver/lib/python3.12/site-packages/mid360_driver/mid360_driver_s__rosidl_typesupport_c.so
-- Set non-toolchain portion of runtime path of "/home/yoshida/study/ros2/install/mid360_driver/lib/python3.12/site-packages/mid360_driver/mid360_driver_s__rosidl_typesupport_c.so" to ""
-- Installing: /home/yoshida/study/ros2/install/mid360_driver/lib/libmid360_driver__rosidl_generator_py.so
-- Set non-toolchain portion of runtime path of "/home/yoshida/study/ros2/install/mid360_driver/lib/libmid360_driver__rosidl_generator_py.so" to ""
-- Installing: /home/yoshida/study/ros2/install/mid360_driver/share/mid360_driver/msg/Mid360RawPacket.idl
-- Installing: /home/yoshida/study/ros2/install/mid360_driver/share/mid360_driver/msg/Mid360Packet.idl
-- Installing: /home/yoshida/study/ros2/install/mid360_driver/share/mid360_driver/msg/Mid360RawPacket.msg
-- Installing: /home/yoshida/study/ros2/install/mid360_driver/share/mid360_driver/msg/Mid360Packet.msg
-- Installing: /home/yoshida/study/ros2/install/mid360_driver/lib/libmid360_driver_core.so
-- Set non-toolchain portion of runtime path of "/home/yoshida/study/ros2/install/mid360_driver/lib/libmid360_driver_core.so" to ""
-- Installing: /home/yoshida/study/ros2/install/mid360_driver/lib/mid360_driver/mid360_driver_node
-- Set non-toolchain portion of runtime path of "/home/yoshida/study/ros2/install/mid360_driver/lib/mid360_driver/mid360_driver_node" to ""
-- Installing: /home/yoshida/study/ros2/install/mid360_driver/lib/mid360_driver/mid360_packet_to_cloud_node
-- Set non-toolchain portion of runtime path of "/home/yoshida/study/ros2/install/mid360_driver/lib/mid360_driver/mid360_packet_to_cloud_node" to ""
-- Up-to-date: /home/yoshida/study/ros2/install/mid360_driver/include
-- Installing: /home/yoshida/study/ros2/install/mid360_driver/include/mid360
-- Installing: /home/yoshida/study/ros2/install/mid360_driver/include/mid360/crc.hpp
-- Installing: /home/yoshida/study/ros2/install/mid360_driver/include/mid360/sdk_protocol.hpp
-- Installing: /home/yoshida/study/ros2/install/mid360_driver/include/mid360/livox_protocol.hpp
-- Installing: /home/yoshida/study/ros2/install/mid360_driver/include/mid360/packet_codec.hpp
-- Installing: /home/yoshida/study/ros2/install/mid360_driver/include/mid360/mid360_driver.hpp
-- Up-to-date: /home/yoshida/study/ros2/install/mid360_driver/share/mid360_driver/launch
-- Installing: /home/yoshida/study/ros2/install/mid360_driver/share/mid360_driver/launch/mid360.launch.xml
-- Installing: /home/yoshida/study/ros2/install/mid360_driver/share/mid360_driver/launch/packet_to_cloud.launch.xml
-- Up-to-date: /home/yoshida/study/ros2/install/mid360_driver/share/mid360_driver/config
-- Installing: /home/yoshida/study/ros2/install/mid360_driver/share/mid360_driver/config/mid360_config.yaml
-- Up-to-date: /home/yoshida/study/ros2/install/mid360_driver/share/ament_index/resource_index/package_run_dependencies/mid360_driver
-- Installing: /home/yoshida/study/ros2/install/mid360_driver/share/ament_index/resource_index/parent_prefix_path/mid360_driver
-- Up-to-date: /home/yoshida/study/ros2/install/mid360_driver/share/mid360_driver/environment/ament_prefix_path.sh
-- Up-to-date: /home/yoshida/study/ros2/install/mid360_driver/share/mid360_driver/environment/ament_prefix_path.dsv
-- Up-to-date: /home/yoshida/study/ros2/install/mid360_driver/share/mid360_driver/environment/path.sh
-- Up-to-date: /home/yoshida/study/ros2/install/mid360_driver/share/mid360_driver/environment/path.dsv
-- Up-to-date: /home/yoshida/study/ros2/install/mid360_driver/share/mid360_driver/local_setup.bash
-- Up-to-date: /home/yoshida/study/ros2/install/mid360_driver/share/mid360_driver/local_setup.sh
-- Up-to-date: /home/yoshida/study/ros2/install/mid360_driver/share/mid360_driver/local_setup.zsh
-- Up-to-date: /home/yoshida/study/ros2/install/mid360_driver/share/mid360_driver/local_setup.dsv
-- Installing: /home/yoshida/study/ros2/install/mid360_driver/share/mid360_driver/package.dsv
-- Up-to-date: /home/yoshida/study/ros2/install/mid360_driver/share/ament_index/resource_index/packages/mid360_driver
-- Up-to-date: /home/yoshida/study/ros2/install/mid360_driver/share/mid360_driver/cmake/export_mid360_driver__rosidl_generator_cExport.cmake
-- Up-to-date: /home/yoshida/study/ros2/install/mid360_driver/share/mid360_driver/cmake/export_mid360_driver__rosidl_generator_cExport-noconfig.cmake
-- Up-to-date: /home/yoshida/study/ros2/install/mid360_driver/share/mid360_driver/cmake/export_mid360_driver__rosidl_typesupport_fastrtps_cExport.cmake
-- Up-to-date: /home/yoshida/study/ros2/install/mid360_driver/share/mid360_driver/cmake/export_mid360_driver__rosidl_typesupport_fastrtps_cExport-noconfig.cmake
-- Up-to-date: /home/yoshida/study/ros2/install/mid360_driver/share/mid360_driver/cmake/export_mid360_driver__rosidl_generator_cppExport.cmake
-- Up-to-date: /home/yoshida/study/ros2/install/mid360_driver/share/mid360_driver/cmake/export_mid360_driver__rosidl_typesupport_fastrtps_cppExport.cmake
-- Up-to-date: /home/yoshida/study/ros2/install/mid360_driver/share/mid360_driver/cmake/export_mid360_driver__rosidl_typesupport_fastrtps_cppExport-noconfig.cmake
-- Up-to-date: /home/yoshida/study/ros2/install/mid360_driver/share/mid360_driver/cmake/mid360_driver__rosidl_typesupport_introspection_cExport.cmake
-- Up-to-date: /home/yoshida/study/ros2/install/mid360_driver/share/mid360_driver/cmake/mid360_driver__rosidl_typesupport_introspection_cExport-noconfig.cmake
-- Up-to-date: /home/yoshida/study/ros2/install/mid360_driver/share/mid360_driver/cmake/mid360_driver__rosidl_typesupport_cExport.cmake
-- Up-to-date: /home/yoshida/study/ros2/install/mid360_driver/share/mid360_driver/cmake/mid360_driver__rosidl_typesupport_cExport-noconfig.cmake
-- Up-to-date: /home/yoshida/study/ros2/install/mid360_driver/share/mid360_driver/cmake/mid360_driver__rosidl_typesupport_introspection_cppExport.cmake
-- Up-to-date: /home/yoshida/study/ros2/install/mid360_driver/share/mid360_driver/cmake/mid360_driver__rosidl_typesupport_introspection_cppExport-noconfig.cmake
-- Up-to-date: /home/yoshida/study/ros2/install/mid360_driver/share/mid360_driver/cmake/mid360_driver__rosidl_typesupport_cppExport.cmake
-- Up-to-date: /home/yoshida/study/ros2/install/mid360_driver/share/mid360_driver/cmake/mid360_driver__rosidl_typesupport_cppExport-noconfig.cmake
-- Up-to-date: /home/yoshida/study/ros2/install/mid360_driver/share/mid360_driver/cmake/export_mid360_driver__rosidl_generator_pyExport.cmake
-- Up-to-date: /home/yoshida/study/ros2/install/mid360_driver/share/mid360_driver/cmake/export_mid360_driver__rosidl_generator_pyExport-noconfig.cmake
-- Installing: /home/yoshida/study/ros2/install/mid360_driver/share/mid360_driver/cmake/rosidl_cmake-extras.cmake
-- Up-to-date: /home/yoshida/study/ros2/install/mid360_driver/share/mid360_driver/cmake/ament_cmake_export_dependencies-extras.cmake
-- Up-to-date: /home/yoshida/study/ros2/install/mid360_driver/share/mid360_driver/cmake/ament_cmake_export_include_directories-extras.cmake
-- Up-to-date: /home/yoshida/study/ros2/install/mid360_driver/share/mid360_driver/cmake/ament_cmake_export_libraries-extras.cmake
-- Up-to-date: /home/yoshida/study/ros2/install/mid360_driver/share/mid360_driver/cmake/ament_cmake_export_targets-extras.cmake
-- Up-to-date: /home/yoshida/study/ros2/install/mid360_driver/share/mid360_driver/cmake/rosidl_cmake_export_typesupport_targets-extras.cmake
-- Up-to-date: /home/yoshida/study/ros2/install/mid360_driver/share/mid360_driver/cmake/rosidl_cmake_export_typesupport_libraries-extras.cmake
-- Installing: /home/yoshida/study/ros2/install/mid360_driver/share/mid360_driver/cmake/mid360_driverConfig.cmake
-- Installing: /home/yoshida/study/ros2/install/mid360_driver/share/mid360_driver/cmake/mid360_driverConfig-version.cmake
-- Installing: /home/yoshida/study/ros2/install/mid360_driver/share/mid360_driver/package.xml
