[0.012s] Invoking command in '/home/yoshida/study/ros2/build/mid360_driver': CMAKE_PREFIX_PATH=${CMAKE_PREFIX_PATH}:/opt/ros/jazzy DEBUGINFOD_URLS=https://debuginfod.ubuntu.com /usr/bin/cmake --build /home/yoshida/study/ros2/build/mid360_driver -- -j16 -l16
[0.066s] -- Found ament_cmake: 2.5.5 (/opt/ros/jazzy/share/ament_cmake/cmake)
[0.103s] -- Found Python3: /usr/bin/python3.12 (found version "3.12.3") found components: Interpreter 
[0.199s] -- Found rclcpp: 28.1.16 (/opt/ros/jazzy/share/rclcpp/cmake)
[0.237s] -- Found rosidl_generator_c: 4.6.7 (/opt/ros/jazzy/share/rosidl_generator_c/cmake)
[0.246s] -- Found rosidl_generator_cpp: 4.6.7 (/opt/ros/jazzy/share/rosidl_generator_cpp/cmake)
[0.257s] -- Using all available rosidl_typesupport_c: rosidl_typesupport_fastrtps_c;rosidl_typesupport_introspection_c
[0.283s] -- Using all available rosidl_typesupport_cpp: rosidl_typesupport_fastrtps_cpp;rosidl_typesupport_introspection_cpp
[0.351s] -- Found rmw_implementation_cmake: 7.3.3 (/opt/ros/jazzy/share/rmw_implementation_cmake/cmake)
[0.353s] -- Found rmw_fastrtps_cpp: 8.4.3 (/opt/ros/jazzy/share/rmw_fastrtps_cpp/cmake)
[0.467s] -- Using RMW implementation 'rmw_fastrtps_cpp' as default
[0.543s] -- Found std_msgs: 5.3.6 (/opt/ros/jazzy/share/std_msgs/cmake)
[0.556s] -- Found sensor_msgs: 5.3.6 (/opt/ros/jazzy/share/sensor_msgs/cmake)
[0.604s] -- Found rosidl_default_generators: 1.6.0 (/opt/ros/jazzy/share/rosidl_default_generators/cmake)
[0.616s] -- Found rosidl_adapter: 4.6.7 (/opt/ros/jazzy/share/rosidl_adapter/cmake)
[0.933s] -- Found ament_cmake_ros: 0.12.0 (/opt/ros/jazzy/share/ament_cmake_ros/cmake)
[1.177s] -- Using all available rosidl_typesupport_c: rosidl_typesupport_fastrtps_c;rosidl_typesupport_introspection_c
[1.270s] -- Using all available rosidl_typesupport_cpp: rosidl_typesupport_fastrtps_cpp;rosidl_typesupport_introspection_cpp
[1.272s] -- Found python_cmake_module: 0.11.1 (/opt/ros/jazzy/share/python_cmake_module/cmake)
[1.605s] -- Found Python3: /usr/bin/python3.12 (found version "3.12.3") found components: Interpreter Development NumPy Development.Module Development.Embed 
[1.636s] -- Found ament_lint_auto: 0.17.4 (/opt/ros/jazzy/share/ament_lint_auto/cmake)
[1.708s] -- Added test 'cppcheck' to perform static code analysis on C / C++ code
[1.709s] -- Configured cppcheck include dirs: /home/yoshida/study/ros2/src/mid360_driver/include
[1.709s] -- Configured cppcheck exclude dirs and/or files: 
[1.710s] -- Added test 'lint_cmake' to check CMake code style
[1.712s] -- Added test 'uncrustify' to check C / C++ code style
[1.712s] -- Configured uncrustify additional arguments: 
[1.713s] -- Added test 'xmllint' to check XML markup files
[1.717s] -- Configuring done (1.7s)
[1.813s] -- Generating done (0.1s)
[1.830s] -- Build files have been written to: /home/yoshida/study/ros2/build/mid360_driver
[1.897s] [  1%] Generating type hashes for ROS interfaces
[1.913s] [  1%] Built target ament_cmake_python_copy_mid360_driver
[2.085s] [  1%] Built target mid360_driver__rosidl_generator_type_description
[2.097s] running egg_info
[2.098s] [  3%] Generating C code for ROS interfaces
[2.110s] [  5%] Generating C++ code for ROS interfaces
[2.116s] writing mid360_driver.egg-info/PKG-INFO
[2.117s] writing dependency_links to mid360_driver.egg-info/dependency_links.txt
[2.117s] writing top-level names to mid360_driver.egg-info/top_level.txt
[2.167s] reading manifest file 'mid360_driver.egg-info/SOURCES.txt'
[2.167s] writing manifest file 'mid360_driver.egg-info/SOURCES.txt'
[2.196s] [  5%] Built target ament_cmake_python_build_mid360_driver_egg
[2.336s] [  5%] Built target mid360_driver__cpp
[2.369s] [  7%] Building C object CMakeFiles/mid360_driver__rosidl_generator_c.dir/rosidl_generator_c/mid360_driver/msg/detail/mid360_raw_packet__type_support.c.o
[2.370s] [  9%] Building C object CMakeFiles/mid360_driver__rosidl_generator_c.dir/rosidl_generator_c/mid360_driver/msg/detail/mid360_packet__description.c.o
[2.370s] [ 11%] Building C object CMakeFiles/mid360_driver__rosidl_generator_c.dir/rosidl_generator_c/mid360_driver/msg/detail/mid360_packet__type_support.c.o
[2.375s] [ 13%] Building C object CMakeFiles/mid360_driver__rosidl_generator_c.dir/rosidl_generator_c/mid360_driver/msg/detail/mid360_raw_packet__functions.c.o
[2.376s] [ 15%] Building C object CMakeFiles/mid360_driver__rosidl_generator_c.dir/rosidl_generator_c/mid360_driver/msg/detail/mid360_raw_packet__description.c.o
[2.377s] [ 16%] Building C object CMakeFiles/mid360_driver__rosidl_generator_c.dir/rosidl_generator_c/mid360_driver/msg/detail/mid360_packet__functions.c.o
[2.479s] [ 18%] Linking C shared library libmid360_driver__rosidl_generator_c.so
[2.560s] [ 18%] Built target mid360_driver__rosidl_generator_c
[2.582s] [ 20%] Generating C++ type support dispatch for ROS interfaces
[2.584s] [ 22%] Generating C++ introspection for ROS interfaces
[2.586s] [ 24%] Generating C introspection for ROS interfaces
[2.587s] [ 26%] Generating C type support dispatch for ROS interfaces
[2.590s] [ 28%] Generating C++ type support for eProsima Fast-RTPS
[2.590s] [ 30%] Generating C type support for eProsima Fast-RTPS
[2.832s] [ 33%] Building CXX object CMakeFiles/mid360_driver__rosidl_typesupport_introspection_cpp.dir/rosidl_typesupport_introspection_cpp/mid360_driver/msg/detail/mid360_packet__type_support.cpp.o
[2.832s] [ 33%] Building CXX object CMakeFiles/mid360_driver__rosidl_typesupport_introspection_cpp.dir/rosidl_typesupport_introspection_cpp/mid360_driver/msg/detail/mid360_raw_packet__type_support.cpp.o
[2.834s] [ 35%] Building CXX object CMakeFiles/mid360_driver__rosidl_typesupport_c.dir/rosidl_typesupport_c/mid360_driver/msg/mid360_raw_packet__type_support.cpp.o
[2.835s] [ 37%] Building CXX object CMakeFiles/mid360_driver__rosidl_typesupport_c.dir/rosidl_typesupport_c/mid360_driver/msg/mid360_packet__type_support.cpp.o
[2.837s] [ 41%] Building CXX object CMakeFiles/mid360_driver__rosidl_typesupport_cpp.dir/rosidl_typesupport_cpp/mid360_driver/msg/mid360_raw_packet__type_support.cpp.o
[2.837s] [ 41%] Building CXX object CMakeFiles/mid360_driver__rosidl_typesupport_cpp.dir/rosidl_typesupport_cpp/mid360_driver/msg/mid360_packet__type_support.cpp.o
[2.919s] [ 43%] Linking CXX shared library libmid360_driver__rosidl_typesupport_c.so
[2.965s] [ 43%] Built target mid360_driver__rosidl_typesupport_c
[2.997s] [ 45%] Building C object CMakeFiles/mid360_driver__rosidl_typesupport_introspection_c.dir/rosidl_typesupport_introspection_c/mid360_driver/msg/detail/mid360_raw_packet__type_support.c.o
[3.002s] [ 47%] Building C object CMakeFiles/mid360_driver__rosidl_typesupport_introspection_c.dir/rosidl_typesupport_introspection_c/mid360_driver/msg/detail/mid360_packet__type_support.c.o
[3.007s] [ 50%] Building CXX object CMakeFiles/mid360_driver__rosidl_typesupport_fastrtps_c.dir/rosidl_typesupport_fastrtps_c/mid360_driver/msg/detail/mid360_packet__type_support_c.cpp.o
[3.007s] [ 50%] Building CXX object CMakeFiles/mid360_driver__rosidl_typesupport_fastrtps_c.dir/rosidl_typesupport_fastrtps_c/mid360_driver/msg/detail/mid360_raw_packet__type_support_c.cpp.o
[3.047s] [ 54%] Building CXX object CMakeFiles/mid360_driver__rosidl_typesupport_fastrtps_cpp.dir/rosidl_typesupport_fastrtps_cpp/mid360_driver/msg/detail/dds_fastrtps/mid360_raw_packet__type_support.cpp.o
[3.047s] [ 54%] Building CXX object CMakeFiles/mid360_driver__rosidl_typesupport_fastrtps_cpp.dir/rosidl_typesupport_fastrtps_cpp/mid360_driver/msg/detail/dds_fastrtps/mid360_packet__type_support.cpp.o
[3.051s] [ 56%] Linking C shared library libmid360_driver__rosidl_typesupport_introspection_c.so
[3.092s] [ 56%] Built target mid360_driver__rosidl_typesupport_introspection_c
[3.223s] [ 58%] Linking CXX shared library libmid360_driver__rosidl_typesupport_introspection_cpp.so
[3.228s] [ 60%] Linking CXX shared library libmid360_driver__rosidl_typesupport_cpp.so
[3.287s] [ 60%] Built target mid360_driver__rosidl_typesupport_cpp
[3.312s] [ 62%] Building CXX object CMakeFiles/mid360_driver_core.dir/src/crc.cpp.o
[3.312s] [ 62%] Built target mid360_driver__rosidl_typesupport_introspection_cpp
[3.315s] [ 67%] Building CXX object CMakeFiles/mid360_driver_core.dir/src/packet_codec.cpp.o
[3.315s] [ 67%] Building CXX object CMakeFiles/mid360_driver_core.dir/src/sdk_protocol.cpp.o
[3.315s] [ 67%] Building CXX object CMakeFiles/mid360_driver_core.dir/src/mid360_driver.cpp.o
[3.464s] [ 69%] Linking CXX shared library libmid360_driver__rosidl_typesupport_fastrtps_cpp.so
[3.534s] [ 69%] Built target mid360_driver__rosidl_typesupport_fastrtps_cpp
[3.655s] [ 71%] Linking CXX shared library libmid360_driver__rosidl_typesupport_fastrtps_c.so
[3.708s] [ 71%] Built target mid360_driver__rosidl_typesupport_fastrtps_c
[3.733s] [ 71%] Built target mid360_driver
[3.760s] [ 73%] Generating Python code for ROS interfaces
[4.076s] [ 73%] Built target mid360_driver__py
[4.103s] [ 77%] Building C object CMakeFiles/mid360_driver__rosidl_generator_py.dir/rosidl_generator_py/mid360_driver/msg/_mid360_packet_s.c.o
[4.103s] [ 77%] Building C object CMakeFiles/mid360_driver__rosidl_generator_py.dir/rosidl_generator_py/mid360_driver/msg/_mid360_raw_packet_s.c.o
[4.238s] [ 79%] Linking C shared library libmid360_driver__rosidl_generator_py.so
[4.285s] [ 79%] Built target mid360_driver__rosidl_generator_py
[4.308s] [ 81%] Building C object CMakeFiles/mid360_driver_s__rosidl_typesupport_introspection_c.dir/rosidl_generator_py/mid360_driver/_mid360_driver_s.ep.rosidl_typesupport_introspection_c.c.o
[4.311s] [ 83%] Building C object CMakeFiles/mid360_driver_s__rosidl_typesupport_fastrtps_c.dir/rosidl_generator_py/mid360_driver/_mid360_driver_s.ep.rosidl_typesupport_fastrtps_c.c.o
[4.315s] [ 84%] Building C object CMakeFiles/mid360_driver_s__rosidl_typesupport_c.dir/rosidl_generator_py/mid360_driver/_mid360_driver_s.ep.rosidl_typesupport_c.c.o
[4.389s] [ 86%] Linking C shared module rosidl_generator_py/mid360_driver/mid360_driver_s__rosidl_typesupport_introspection_c.so
[4.399s] [ 88%] Linking C shared module rosidl_generator_py/mid360_driver/mid360_driver_s__rosidl_typesupport_fastrtps_c.so
[4.408s] [ 90%] Linking C shared module rosidl_generator_py/mid360_driver/mid360_driver_s__rosidl_typesupport_c.so
[4.420s] [ 90%] Built target mid360_driver_s__rosidl_typesupport_introspection_c
[4.432s] [ 90%] Built target mid360_driver_s__rosidl_typesupport_fastrtps_c
[4.446s] [ 90%] Built target mid360_driver_s__rosidl_typesupport_c
[8.361s] [ 92%] Linking CXX shared library libmid360_driver_core.so
[8.673s] [ 92%] Built target mid360_driver_core
[8.703s] [ 94%] Building CXX object CMakeFiles/mid360_packet_to_cloud_node.dir/src/mid360_packet_to_cloud_node.cpp.o
[8.714s] [ 96%] Building CXX object CMakeFiles/mid360_driver_node.dir/src/mid360_driver_node.cpp.o
[11.004s] [ 98%] Linking CXX executable mid360_driver_node
[11.156s] [ 98%] Built target mid360_driver_node
[15.009s] [100%] Linking CXX executable mid360_packet_to_cloud_node
[15.309s] [100%] Built target mid360_packet_to_cloud_node
[15.325s] Invoked command in '/home/yoshida/study/ros2/build/mid360_driver' returned '0': CMAKE_PREFIX_PATH=${CMAKE_PREFIX_PATH}:/opt/ros/jazzy DEBUGINFOD_URLS=https://debuginfod.ubuntu.com /usr/bin/cmake --build /home/yoshida/study/ros2/build/mid360_driver -- -j16 -l16
[15.338s] Invoking command in '/home/yoshida/study/ros2/build/mid360_driver': CMAKE_PREFIX_PATH=${CMAKE_PREFIX_PATH}:/opt/ros/jazzy DEBUGINFOD_URLS=https://debuginfod.ubuntu.com /usr/bin/cmake --install /home/yoshida/study/ros2/build/mid360_driver
[15.347s] -- Install configuration: ""
[15.347s] -- Installing: /home/yoshida/study/ros2/install/mid360_driver/share/ament_index/resource_index/rosidl_interfaces/mid360_driver
[15.347s] -- Installing: /home/yoshida/study/ros2/install/mid360_driver/share/mid360_driver/msg/Mid360RawPacket.json
[15.348s] -- Installing: /home/yoshida/study/ros2/install/mid360_driver/share/mid360_driver/msg/Mid360Packet.json
[15.348s] -- Up-to-date: /home/yoshida/study/ros2/install/mid360_driver/include/mid360_driver/mid360_driver
[15.348s] -- Up-to-date: /home/yoshida/study/ros2/install/mid360_driver/include/mid360_driver/mid360_driver/msg
[15.348s] -- Up-to-date: /home/yoshida/study/ros2/install/mid360_driver/include/mid360_driver/mid360_driver/msg/detail
[15.348s] -- Up-to-date: /home/yoshida/study/ros2/install/mid360_driver/include/mid360_driver/mid360_driver/msg/detail/custom_point__type_support.h
[15.348s] -- Installing: /home/yoshida/study/ros2/install/mid360_driver/include/mid360_driver/mid360_driver/msg/detail/mid360_raw_packet__functions.h
[15.348s] -- Installing: /home/yoshida/study/ros2/install/mid360_driver/include/mid360_driver/mid360_driver/msg/detail/mid360_raw_packet__description.c
[15.349s] -- Installing: /home/yoshida/study/ros2/install/mid360_driver/include/mid360_driver/mid360_driver/msg/detail/mid360_raw_packet__functions.c
[15.349s] -- Up-to-date: /home/yoshida/study/ros2/install/mid360_driver/include/mid360_driver/mid360_driver/msg/detail/custom_msg__description.c
[15.349s] -- Installing: /home/yoshida/study/ros2/install/mid360_driver/include/mid360_driver/mid360_driver/msg/detail/mid360_packet__functions.c
[15.349s] -- Up-to-date: /home/yoshida/study/ros2/install/mid360_driver/include/mid360_driver/mid360_driver/msg/detail/custom_point__type_support.c
[15.349s] -- Installing: /home/yoshida/study/ros2/install/mid360_driver/include/mid360_driver/mid360_driver/msg/detail/mid360_packet__description.c
[15.349s] -- Up-to-date: /home/yoshida/study/ros2/install/mid360_driver/include/mid360_driver/mid360_driver/msg/detail/custom_msg__functions.c
[15.349s] -- Up-to-date: /home/yoshida/study/ros2/install/mid360_driver/include/mid360_driver/mid360_driver/msg/detail/custom_point__functions.c
[15.349s] -- Installing: /home/yoshida/study/ros2/install/mid360_driver/include/mid360_driver/mid360_driver/msg/detail/mid360_packet__functions.h
[15.350s] -- Installing: /home/yoshida/study/ros2/install/mid360_driver/include/mid360_driver/mid360_driver/msg/detail/mid360_packet__struct.h
[15.350s] -- Up-to-date: /home/yoshida/study/ros2/install/mid360_driver/include/mid360_driver/mid360_driver/msg/detail/custom_msg__type_support.c
[15.350s] -- Up-to-date: /home/yoshida/study/ros2/install/mid360_driver/include/mid360_driver/mid360_driver/msg/detail/custom_msg__type_support.h
[15.350s] -- Installing: /home/yoshida/study/ros2/install/mid360_driver/include/mid360_driver/mid360_driver/msg/detail/mid360_raw_packet__type_support.c
[15.350s] -- Up-to-date: /home/yoshida/study/ros2/install/mid360_driver/include/mid360_driver/mid360_driver/msg/detail/custom_msg__functions.h
[15.350s] -- Up-to-date: /home/yoshida/study/ros2/install/mid360_driver/include/mid360_driver/mid360_driver/msg/detail/custom_msg__struct.h
[15.350s] -- Installing: /home/yoshida/study/ros2/install/mid360_driver/include/mid360_driver/mid360_driver/msg/detail/mid360_packet__type_support.h
[15.350s] -- Up-to-date: /home/yoshida/study/ros2/install/mid360_driver/include/mid360_driver/mid360_driver/msg/detail/custom_point__struct.h
[15.351s] -- Installing: /home/yoshida/study/ros2/install/mid360_driver/include/mid360_driver/mid360_driver/msg/detail/mid360_packet__type_support.c
[15.351s] -- Installing: /home/yoshida/study/ros2/install/mid360_driver/include/mid360_driver/mid360_driver/msg/detail/mid360_raw_packet__type_support.h
[15.351s] -- Up-to-date: /home/yoshida/study/ros2/install/mid360_driver/include/mid360_driver/mid360_driver/msg/detail/custom_point__description.c
[15.351s] -- Installing: /home/yoshida/study/ros2/install/mid360_driver/include/mid360_driver/mid360_driver/msg/detail/mid360_raw_packet__struct.h
[15.351s] -- Up-to-date: /home/yoshida/study/ros2/install/mid360_driver/include/mid360_driver/mid360_driver/msg/detail/custom_point__functions.h
[15.351s] -- Up-to-date: /home/yoshida/study/ros2/install/mid360_driver/include/mid360_driver/mid360_driver/msg/rosidl_generator_c__visibility_control.h
[15.351s] -- Installing: /home/yoshida/study/ros2/install/mid360_driver/include/mid360_driver/mid360_driver/msg/mid360_raw_packet.h
[15.351s] -- Installing: /home/yoshida/study/ros2/install/mid360_driver/include/mid360_driver/mid360_driver/msg/mid360_packet.h
[15.352s] -- Up-to-date: /home/yoshida/study/ros2/install/mid360_driver/include/mid360_driver/mid360_driver/msg/custom_point.h
[15.352s] -- Up-to-date: /home/yoshida/study/ros2/install/mid360_driver/include/mid360_driver/mid360_driver/msg/custom_msg.h
[15.352s] -- Up-to-date: /home/yoshida/study/ros2/install/mid360_driver/share/mid360_driver/environment/library_path.sh
[15.352s] -- Up-to-date: /home/yoshida/study/ros2/install/mid360_driver/share/mid360_driver/environment/library_path.dsv
[15.352s] -- Installing: /home/yoshida/study/ros2/install/mid360_driver/lib/libmid360_driver__rosidl_generator_c.so
[15.353s] -- Set non-toolchain portion of runtime path of "/home/yoshida/study/ros2/install/mid360_driver/lib/libmid360_driver__rosidl_generator_c.so" to ""
[15.353s] -- Up-to-date: /home/yoshida/study/ros2/install/mid360_driver/include/mid360_driver/mid360_driver
[15.353s] -- Up-to-date: /home/yoshida/study/ros2/install/mid360_driver/include/mid360_driver/mid360_driver/msg
[15.353s] -- Up-to-date: /home/yoshida/study/ros2/install/mid360_driver/include/mid360_driver/mid360_driver/msg/detail
[15.353s] -- Up-to-date: /home/yoshida/study/ros2/install/mid360_driver/include/mid360_driver/mid360_driver/msg/detail/custom_msg__rosidl_typesupport_fastrtps_c.h
[15.353s] -- Up-to-date: /home/yoshida/study/ros2/install/mid360_driver/include/mid360_driver/mid360_driver/msg/detail/custom_point__rosidl_typesupport_fastrtps_c.h
[15.353s] -- Installing: /home/yoshida/study/ros2/install/mid360_driver/include/mid360_driver/mid360_driver/msg/detail/mid360_raw_packet__rosidl_typesupport_fastrtps_c.h
[15.353s] -- Installing: /home/yoshida/study/ros2/install/mid360_driver/include/mid360_driver/mid360_driver/msg/detail/mid360_packet__rosidl_typesupport_fastrtps_c.h
[15.353s] -- Up-to-date: /home/yoshida/study/ros2/install/mid360_driver/include/mid360_driver/mid360_driver/msg/rosidl_typesupport_fastrtps_c__visibility_control.h
[15.355s] -- Installing: /home/yoshida/study/ros2/install/mid360_driver/lib/libmid360_driver__rosidl_typesupport_fastrtps_c.so
[15.356s] -- Set non-toolchain portion of runtime path of "/home/yoshida/study/ros2/install/mid360_driver/lib/libmid360_driver__rosidl_typesupport_fastrtps_c.so" to ""
[15.356s] -- Up-to-date: /home/yoshida/study/ros2/install/mid360_driver/include/mid360_driver/mid360_driver
[15.357s] -- Up-to-date: /home/yoshida/study/ros2/install/mid360_driver/include/mid360_driver/mid360_driver/msg
[15.357s] -- Up-to-date: /home/yoshida/study/ros2/install/mid360_driver/include/mid360_driver/mid360_driver/msg/custom_point.hpp
[15.357s] -- Up-to-date: /home/yoshida/study/ros2/install/mid360_driver/include/mid360_driver/mid360_driver/msg/detail
[15.357s] -- Up-to-date: /home/yoshida/study/ros2/install/mid360_driver/include/mid360_driver/mid360_driver/msg/detail/custom_point__struct.hpp
[15.357s] -- Installing: /home/yoshida/study/ros2/install/mid360_driver/include/mid360_driver/mid360_driver/msg/detail/mid360_raw_packet__traits.hpp
[15.357s] -- Installing: /home/yoshida/study/ros2/install/mid360_driver/include/mid360_driver/mid360_driver/msg/detail/mid360_packet__traits.hpp
[15.357s] -- Up-to-date: /home/yoshida/study/ros2/install/mid360_driver/include/mid360_driver/mid360_driver/msg/detail/custom_msg__type_support.hpp
[15.357s] -- Up-to-date: /home/yoshida/study/ros2/install/mid360_driver/include/mid360_driver/mid360_driver/msg/detail/custom_point__type_support.hpp
[15.358s] -- Up-to-date: /home/yoshida/study/ros2/install/mid360_driver/include/mid360_driver/mid360_driver/msg/detail/custom_point__traits.hpp
[15.358s] -- Installing: /home/yoshida/study/ros2/install/mid360_driver/include/mid360_driver/mid360_driver/msg/detail/mid360_raw_packet__type_support.hpp
[15.358s] -- Installing: /home/yoshida/study/ros2/install/mid360_driver/include/mid360_driver/mid360_driver/msg/detail/mid360_packet__struct.hpp
[15.358s] -- Up-to-date: /home/yoshida/study/ros2/install/mid360_driver/include/mid360_driver/mid360_driver/msg/detail/custom_msg__traits.hpp
[15.358s] -- Up-to-date: /home/yoshida/study/ros2/install/mid360_driver/include/mid360_driver/mid360_driver/msg/detail/custom_msg__struct.hpp
[15.358s] -- Installing: /home/yoshida/study/ros2/install/mid360_driver/include/mid360_driver/mid360_driver/msg/detail/mid360_packet__type_support.hpp
[15.358s] -- Up-to-date: /home/yoshida/study/ros2/install/mid360_driver/include/mid360_driver/mid360_driver/msg/detail/custom_msg__builder.hpp
[15.358s] -- Installing: /home/yoshida/study/ros2/install/mid360_driver/include/mid360_driver/mid360_driver/msg/detail/mid360_raw_packet__struct.hpp
[15.358s] -- Installing: /home/yoshida/study/ros2/install/mid360_driver/include/mid360_driver/mid360_driver/msg/detail/mid360_raw_packet__builder.hpp
[15.359s] -- Installing: /home/yoshida/study/ros2/install/mid360_driver/include/mid360_driver/mid360_driver/msg/detail/mid360_packet__builder.hpp
[15.359s] -- Up-to-date: /home/yoshida/study/ros2/install/mid360_driver/include/mid360_driver/mid360_driver/msg/detail/custom_point__builder.hpp
[15.359s] -- Installing: /home/yoshida/study/ros2/install/mid360_driver/include/mid360_driver/mid360_driver/msg/mid360_raw_packet.hpp
[15.359s] -- Installing: /home/yoshida/study/ros2/install/mid360_driver/include/mid360_driver/mid360_driver/msg/mid360_packet.hpp
[15.359s] -- Installing: /home/yoshida/study/ros2/install/mid360_driver/include/mid360_driver/mid360_driver/msg/rosidl_generator_cpp__visibility_control.hpp
[15.359s] -- Up-to-date: /home/yoshida/study/ros2/install/mid360_driver/include/mid360_driver/mid360_driver/msg/custom_msg.hpp
[15.359s] -- Up-to-date: /home/yoshida/study/ros2/install/mid360_driver/include/mid360_driver/mid360_driver
[15.359s] -- Up-to-date: /home/yoshida/study/ros2/install/mid360_driver/include/mid360_driver/mid360_driver/msg
[15.359s] -- Up-to-date: /home/yoshida/study/ros2/install/mid360_driver/include/mid360_driver/mid360_driver/msg/detail
[15.360s] -- Installing: /home/yoshida/study/ros2/install/mid360_driver/include/mid360_driver/mid360_driver/msg/detail/mid360_packet__rosidl_typesupport_fastrtps_cpp.hpp
[15.360s] -- Installing: /home/yoshida/study/ros2/install/mid360_driver/include/mid360_driver/mid360_driver/msg/detail/mid360_raw_packet__rosidl_typesupport_fastrtps_cpp.hpp
[15.360s] -- Up-to-date: /home/yoshida/study/ros2/install/mid360_driver/include/mid360_driver/mid360_driver/msg/detail/custom_msg__rosidl_typesupport_fastrtps_cpp.hpp
[15.360s] -- Up-to-date: /home/yoshida/study/ros2/install/mid360_driver/include/mid360_driver/mid360_driver/msg/detail/dds_fastrtps
[15.360s] -- Up-to-date: /home/yoshida/study/ros2/install/mid360_driver/include/mid360_driver/mid360_driver/msg/detail/custom_point__rosidl_typesupport_fastrtps_cpp.hpp
[15.360s] -- Up-to-date: /home/yoshida/study/ros2/install/mid360_driver/include/mid360_driver/mid360_driver/msg/rosidl_typesupport_fastrtps_cpp__visibility_control.h
[15.360s] -- Installing: /home/yoshida/study/ros2/install/mid360_driver/lib/libmid360_driver__rosidl_typesupport_fastrtps_cpp.so
[15.361s] -- Set non-toolchain portion of runtime path of "/home/yoshida/study/ros2/install/mid360_driver/lib/libmid360_driver__rosidl_typesupport_fastrtps_cpp.so" to ""
[15.361s] -- Up-to-date: /home/yoshida/study/ros2/install/mid360_driver/include/mid360_driver/mid360_driver
[15.361s] -- Up-to-date: /home/yoshida/study/ros2/install/mid360_driver/include/mid360_driver/mid360_driver/msg
[15.361s] -- Up-to-date: /home/yoshida/study/ros2/install/mid360_driver/include/mid360_driver/mid360_driver/msg/detail
[15.361s] -- Up-to-date: /home/yoshida/study/ros2/install/mid360_driver/include/mid360_driver/mid360_driver/msg/detail/custom_point__rosidl_typesupport_introspection_c.h
[15.361s] -- Up-to-date: /home/yoshida/study/ros2/install/mid360_driver/include/mid360_driver/mid360_driver/msg/detail/custom_point__type_support.c
[15.361s] -- Up-to-date: /home/yoshida/study/ros2/install/mid360_driver/include/mid360_driver/mid360_driver/msg/detail/custom_msg__type_support.c
[15.361s] -- Up-to-date: /home/yoshida/study/ros2/install/mid360_driver/include/mid360_driver/mid360_driver/msg/detail/mid360_raw_packet__type_support.c
[15.361s] -- Up-to-date: /home/yoshida/study/ros2/install/mid360_driver/include/mid360_driver/mid360_driver/msg/detail/mid360_packet__type_support.c
[15.361s] -- Up-to-date: /home/yoshida/study/ros2/install/mid360_driver/include/mid360_driver/mid360_driver/msg/detail/custom_msg__rosidl_typesupport_introspection_c.h
[15.361s] -- Installing: /home/yoshida/study/ros2/install/mid360_driver/include/mid360_driver/mid360_driver/msg/detail/mid360_packet__rosidl_typesupport_introspection_c.h
[15.361s] -- Installing: /home/yoshida/study/ros2/install/mid360_driver/include/mid360_driver/mid360_driver/msg/detail/mid360_raw_packet__rosidl_typesupport_introspection_c.h
[15.361s] -- Up-to-date: /home/yoshida/study/ros2/install/mid360_driver/include/mid360_driver/mid360_driver/msg/rosidl_typesupport_introspection_c__visibility_control.h
[15.364s] -- Installing: /home/yoshida/study/ros2/install/mid360_driver/lib/libmid360_driver__rosidl_typesupport_introspection_c.so
[15.364s] -- Set non-toolchain portion of runtime path of "/home/yoshida/study/ros2/install/mid360_driver/lib/libmid360_driver__rosidl_typesupport_introspection_c.so" to ""
[15.366s] -- Installing: /home/yoshida/study/ros2/install/mid360_driver/lib/libmid360_driver__rosidl_typesupport_c.so
[15.366s] -- Set non-toolchain portion of runtime path of "/home/yoshida/study/ros2/install/mid360_driver/lib/libmid360_driver__rosidl_typesupport_c.so" to ""
[15.367s] -- Up-to-date: /home/yoshida/study/ros2/install/mid360_driver/include/mid360_driver/mid360_driver
[15.367s] -- Up-to-date: /home/yoshida/study/ros2/install/mid360_driver/include/mid360_driver/mid360_driver/msg
[15.367s] -- Up-to-date: /home/yoshida/study/ros2/install/mid360_driver/include/mid360_driver/mid360_driver/msg/detail
[15.367s] -- Installing: /home/yoshida/study/ros2/install/mid360_driver/include/mid360_driver/mid360_driver/msg/detail/mid360_raw_packet__rosidl_typesupport_introspection_cpp.hpp
[15.367s] -- Installing: /home/yoshida/study/ros2/install/mid360_driver/include/mid360_driver/mid360_driver/msg/detail/mid360_raw_packet__type_support.cpp
[15.367s] -- Installing: /home/yoshida/study/ros2/install/mid360_driver/include/mid360_driver/mid360_driver/msg/detail/mid360_packet__rosidl_typesupport_introspection_cpp.hpp
[15.367s] -- Up-to-date: /home/yoshida/study/ros2/install/mid360_driver/include/mid360_driver/mid360_driver/msg/detail/custom_msg__rosidl_typesupport_introspection_cpp.hpp
[15.367s] -- Installing: /home/yoshida/study/ros2/install/mid360_driver/include/mid360_driver/mid360_driver/msg/detail/mid360_packet__type_support.cpp
[15.367s] -- Up-to-date: /home/yoshida/study/ros2/install/mid360_driver/include/mid360_driver/mid360_driver/msg/detail/custom_point__type_support.cpp
[15.368s] -- Up-to-date: /home/yoshida/study/ros2/install/mid360_driver/include/mid360_driver/mid360_driver/msg/detail/custom_msg__type_support.cpp
[15.368s] -- Up-to-date: /home/yoshida/study/ros2/install/mid360_driver/include/mid360_driver/mid360_driver/msg/detail/custom_point__rosidl_typesupport_introspection_cpp.hpp
[15.368s] -- Installing: /home/yoshida/study/ros2/install/mid360_driver/lib/libmid360_driver__rosidl_typesupport_introspection_cpp.so
[15.368s] -- Set non-toolchain portion of runtime path of "/home/yoshida/study/ros2/install/mid360_driver/lib/libmid360_driver__rosidl_typesupport_introspection_cpp.so" to ""
[15.370s] -- Installing: /home/yoshida/study/ros2/install/mid360_driver/lib/libmid360_driver__rosidl_typesupport_cpp.so
[15.370s] -- Set non-toolchain portion of runtime path of "/home/yoshida/study/ros2/install/mid360_driver/lib/libmid360_driver__rosidl_typesupport_cpp.so" to ""
[15.370s] -- Up-to-date: /home/yoshida/study/ros2/install/mid360_driver/share/mid360_driver/environment/pythonpath.sh
[15.370s] -- Up-to-date: /home/yoshida/study/ros2/install/mid360_driver/share/mid360_driver/environment/pythonpath.dsv
[15.370s] -- Installing: /home/yoshida/study/ros2/install/mid360_driver/lib/python3.12/site-packages/mid360_driver-0.2.0-py3.12.egg-info
[15.370s] -- Installing: /home/yoshida/study/ros2/install/mid360_driver/lib/python3.12/site-packages/mid360_driver-0.2.0-py3.12.egg-info/PKG-INFO
[15.370s] -- Installing: /home/yoshida/study/ros2/install/mid360_driver/lib/python3.12/site-packages/mid360_driver-0.2.0-py3.12.egg-info/dependency_links.txt
[15.371s] -- Installing: /home/yoshida/study/ros2/install/mid360_driver/lib/python3.12/site-packages/mid360_driver-0.2.0-py3.12.egg-info/top_level.txt
[15.371s] -- Installing: /home/yoshida/study/ros2/install/mid360_driver/lib/python3.12/site-packages/mid360_driver-0.2.0-py3.12.egg-info/SOURCES.txt
[15.371s] -- Up-to-date: /home/yoshida/study/ros2/install/mid360_driver/lib/python3.12/site-packages/mid360_driver
[15.371s] -- Installing: /home/yoshida/study/ros2/install/mid360_driver/lib/python3.12/site-packages/mid360_driver/mid360_driver_s__rosidl_typesupport_introspection_c.so
[15.371s] -- Installing: /home/yoshida/study/ros2/install/mid360_driver/lib/python3.12/site-packages/mid360_driver/__init__.py
[15.371s] -- Installing: /home/yoshida/study/ros2/install/mid360_driver/lib/python3.12/site-packages/mid360_driver/mid360_driver_s__rosidl_typesupport_c.so
[15.371s] -- Installing: /home/yoshida/study/ros2/install/mid360_driver/lib/python3.12/site-packages/mid360_driver/_mid360_driver_s.ep.rosidl_typesupport_c.c
[15.371s] -- Installing: /home/yoshida/study/ros2/install/mid360_driver/lib/python3.12/site-packages/mid360_driver/mid360_driver_s__rosidl_typesupport_fastrtps_c.so
[15.372s] -- Installing: /home/yoshida/study/ros2/install/mid360_driver/lib/python3.12/site-packages/mid360_driver/_mid360_driver_s.ep.rosidl_typesupport_introspection_c.c
[15.372s] -- Installing: /home/yoshida/study/ros2/install/mid360_driver/lib/python3.12/site-packages/mid360_driver/_mid360_driver_s.ep.rosidl_typesupport_fastrtps_c.c
[15.372s] -- Up-to-date: /home/yoshida/study/ros2/install/mid360_driver/lib/python3.12/site-packages/mid360_driver/msg
[15.372s] -- Installing: /home/yoshida/study/ros2/install/mid360_driver/lib/python3.12/site-packages/mid360_driver/msg/_mid360_raw_packet_s.c
[15.372s] -- Installing: /home/yoshida/study/ros2/install/mid360_driver/lib/python3.12/site-packages/mid360_driver/msg/__init__.py
[15.372s] -- Up-to-date: /home/yoshida/study/ros2/install/mid360_driver/lib/python3.12/site-packages/mid360_driver/msg/_custom_point_s.c
[15.372s] -- Up-to-date: /home/yoshida/study/ros2/install/mid360_driver/lib/python3.12/site-packages/mid360_driver/msg/_custom_msg_s.c
[15.372s] -- Installing: /home/yoshida/study/ros2/install/mid360_driver/lib/python3.12/site-packages/mid360_driver/msg/_mid360_packet_s.c
[15.372s] -- Up-to-date: /home/yoshida/study/ros2/install/mid360_driver/lib/python3.12/site-packages/mid360_driver/msg/_custom_point.py
[15.373s] -- Up-to-date: /home/yoshida/study/ros2/install/mid360_driver/lib/python3.12/site-packages/mid360_driver/msg/_custom_msg.py
[15.373s] -- Installing: /home/yoshida/study/ros2/install/mid360_driver/lib/python3.12/site-packages/mid360_driver/msg/_mid360_packet.py
[15.373s] -- Installing: /home/yoshida/study/ros2/install/mid360_driver/lib/python3.12/site-packages/mid360_driver/msg/_mid360_raw_packet.py
[15.410s] Listing '/home/yoshida/study/ros2/install/mid360_driver/lib/python3.12/site-packages/mid360_driver'...
[15.410s] Compiling '/home/yoshida/study/ros2/install/mid360_driver/lib/python3.12/site-packages/mid360_driver/__init__.py'...
[15.410s] Listing '/home/yoshida/study/ros2/install/mid360_driver/lib/python3.12/site-packages/mid360_driver/msg'...
[15.410s] Compiling '/home/yoshida/study/ros2/install/mid360_driver/lib/python3.12/site-packages/mid360_driver/msg/__init__.py'...
[15.410s] Compiling '/home/yoshida/study/ros2/install/mid360_driver/lib/python3.12/site-packages/mid360_driver/msg/_mid360_packet.py'...
[15.410s] Compiling '/home/yoshida/study/ros2/install/mid360_driver/lib/python3.12/site-packages/mid360_driver/msg/_mid360_raw_packet.py'...
[15.416s] -- Installing: /home/yoshida/study/ros2/install/mid360_driver/lib/python3.12/site-packages/mid360_driver/mid360_driver_s__rosidl_typesupport_fastrtps_c.so
[15.416s] -- Set non-toolchain portion of runtime path of "/home/yoshida/study/ros2/install/mid360_driver/lib/python3.12/site-packages/mid360_driver/mid360_driver_s__rosidl_typesupport_fastrtps_c.so" to ""
[15.416s] -- Installing: /home/yoshida/study/ros2/install/mid360_driver/lib/python3.12/site-packages/mid360_driver/mid360_driver_s__rosidl_typesupport_introspection_c.so
[15.416s] -- Set non-toolchain portion of runtime path of "/home/yoshida/study/ros2/install/mid360_driver/lib/python3.12/site-packages/mid360_driver/mid360_driver_s__rosidl_typesupport_introspection_c.so" to ""
[15.416s] -- Installing: /home/yoshida/study/ros2/install/mid360_driver/lib/python3.12/site-packages/mid360_driver/mid360_driver_s__rosidl_typesupport_c.so
[15.416s] -- Set non-toolchain portion of runtime path of "/home/yoshida/study/ros2/install/mid360_driver/lib/python3.12/site-packages/mid360_driver/mid360_driver_s__rosidl_typesupport_c.so" to ""
[15.416s] -- Installing: /home/yoshida/study/ros2/install/mid360_driver/lib/libmid360_driver__rosidl_generator_py.so
[15.417s] -- Set non-toolchain portion of runtime path of "/home/yoshida/study/ros2/install/mid360_driver/lib/libmid360_driver__rosidl_generator_py.so" to ""
[15.417s] -- Installing: /home/yoshida/study/ros2/install/mid360_driver/share/mid360_driver/msg/Mid360RawPacket.idl
[15.417s] -- Installing: /home/yoshida/study/ros2/install/mid360_driver/share/mid360_driver/msg/Mid360Packet.idl
[15.417s] -- Installing: /home/yoshida/study/ros2/install/mid360_driver/share/mid360_driver/msg/Mid360RawPacket.msg
[15.417s] -- Installing: /home/yoshida/study/ros2/install/mid360_driver/share/mid360_driver/msg/Mid360Packet.msg
[15.417s] -- Installing: /home/yoshida/study/ros2/install/mid360_driver/lib/libmid360_driver_core.so
[15.419s] -- Set non-toolchain portion of runtime path of "/home/yoshida/study/ros2/install/mid360_driver/lib/libmid360_driver_core.so" to ""
[15.419s] -- Installing: /home/yoshida/study/ros2/install/mid360_driver/lib/mid360_driver/mid360_driver_node
[15.419s] -- Set non-toolchain portion of runtime path of "/home/yoshida/study/ros2/install/mid360_driver/lib/mid360_driver/mid360_driver_node" to ""
[15.420s] -- Installing: /home/yoshida/study/ros2/install/mid360_driver/lib/mid360_driver/mid360_packet_to_cloud_node
[15.423s] -- Set non-toolchain portion of runtime path of "/home/yoshida/study/ros2/install/mid360_driver/lib/mid360_driver/mid360_packet_to_cloud_node" to ""
[15.423s] -- Up-to-date: /home/yoshida/study/ros2/install/mid360_driver/include
[15.423s] -- Installing: /home/yoshida/study/ros2/install/mid360_driver/include/mid360
[15.423s] -- Installing: /home/yoshida/study/ros2/install/mid360_driver/include/mid360/crc.hpp
[15.423s] -- Installing: /home/yoshida/study/ros2/install/mid360_driver/include/mid360/sdk_protocol.hpp
[15.423s] -- Installing: /home/yoshida/study/ros2/install/mid360_driver/include/mid360/livox_protocol.hpp
[15.423s] -- Installing: /home/yoshida/study/ros2/install/mid360_driver/include/mid360/packet_codec.hpp
[15.423s] -- Installing: /home/yoshida/study/ros2/install/mid360_driver/include/mid360/mid360_driver.hpp
[15.423s] -- Up-to-date: /home/yoshida/study/ros2/install/mid360_driver/share/mid360_driver/launch
[15.423s] -- Installing: /home/yoshida/study/ros2/install/mid360_driver/share/mid360_driver/launch/mid360.launch.xml
[15.423s] -- Installing: /home/yoshida/study/ros2/install/mid360_driver/share/mid360_driver/launch/packet_to_cloud.launch.xml
[15.423s] -- Up-to-date: /home/yoshida/study/ros2/install/mid360_driver/share/mid360_driver/config
[15.423s] -- Installing: /home/yoshida/study/ros2/install/mid360_driver/share/mid360_driver/config/mid360_config.yaml
[15.423s] -- Up-to-date: /home/yoshida/study/ros2/install/mid360_driver/share/ament_index/resource_index/package_run_dependencies/mid360_driver
[15.423s] -- Installing: /home/yoshida/study/ros2/install/mid360_driver/share/ament_index/resource_index/parent_prefix_path/mid360_driver
[15.424s] -- Up-to-date: /home/yoshida/study/ros2/install/mid360_driver/share/mid360_driver/environment/ament_prefix_path.sh
[15.424s] -- Up-to-date: /home/yoshida/study/ros2/install/mid360_driver/share/mid360_driver/environment/ament_prefix_path.dsv
[15.424s] -- Up-to-date: /home/yoshida/study/ros2/install/mid360_driver/share/mid360_driver/environment/path.sh
[15.424s] -- Up-to-date: /home/yoshida/study/ros2/install/mid360_driver/share/mid360_driver/environment/path.dsv
[15.424s] -- Up-to-date: /home/yoshida/study/ros2/install/mid360_driver/share/mid360_driver/local_setup.bash
[15.424s] -- Up-to-date: /home/yoshida/study/ros2/install/mid360_driver/share/mid360_driver/local_setup.sh
[15.424s] -- Up-to-date: /home/yoshida/study/ros2/install/mid360_driver/share/mid360_driver/local_setup.zsh
[15.424s] -- Up-to-date: /home/yoshida/study/ros2/install/mid360_driver/share/mid360_driver/local_setup.dsv
[15.424s] -- Installing: /home/yoshida/study/ros2/install/mid360_driver/share/mid360_driver/package.dsv
[15.424s] -- Up-to-date: /home/yoshida/study/ros2/install/mid360_driver/share/ament_index/resource_index/packages/mid360_driver
[15.424s] -- Up-to-date: /home/yoshida/study/ros2/install/mid360_driver/share/mid360_driver/cmake/export_mid360_driver__rosidl_generator_cExport.cmake
[15.424s] -- Up-to-date: /home/yoshida/study/ros2/install/mid360_driver/share/mid360_driver/cmake/export_mid360_driver__rosidl_generator_cExport-noconfig.cmake
[15.424s] -- Up-to-date: /home/yoshida/study/ros2/install/mid360_driver/share/mid360_driver/cmake/export_mid360_driver__rosidl_typesupport_fastrtps_cExport.cmake
[15.424s] -- Up-to-date: /home/yoshida/study/ros2/install/mid360_driver/share/mid360_driver/cmake/export_mid360_driver__rosidl_typesupport_fastrtps_cExport-noconfig.cmake
[15.424s] -- Up-to-date: /home/yoshida/study/ros2/install/mid360_driver/share/mid360_driver/cmake/export_mid360_driver__rosidl_generator_cppExport.cmake
[15.424s] -- Up-to-date: /home/yoshida/study/ros2/install/mid360_driver/share/mid360_driver/cmake/export_mid360_driver__rosidl_typesupport_fastrtps_cppExport.cmake
[15.424s] -- Up-to-date: /home/yoshida/study/ros2/install/mid360_driver/share/mid360_driver/cmake/export_mid360_driver__rosidl_typesupport_fastrtps_cppExport-noconfig.cmake
[15.424s] -- Up-to-date: /home/yoshida/study/ros2/install/mid360_driver/share/mid360_driver/cmake/mid360_driver__rosidl_typesupport_introspection_cExport.cmake
[15.424s] -- Up-to-date: /home/yoshida/study/ros2/install/mid360_driver/share/mid360_driver/cmake/mid360_driver__rosidl_typesupport_introspection_cExport-noconfig.cmake
[15.424s] -- Up-to-date: /home/yoshida/study/ros2/install/mid360_driver/share/mid360_driver/cmake/mid360_driver__rosidl_typesupport_cExport.cmake
[15.424s] -- Up-to-date: /home/yoshida/study/ros2/install/mid360_driver/share/mid360_driver/cmake/mid360_driver__rosidl_typesupport_cExport-noconfig.cmake
[15.425s] -- Up-to-date: /home/yoshida/study/ros2/install/mid360_driver/share/mid360_driver/cmake/mid360_driver__rosidl_typesupport_introspection_cppExport.cmake
[15.425s] -- Up-to-date: /home/yoshida/study/ros2/install/mid360_driver/share/mid360_driver/cmake/mid360_driver__rosidl_typesupport_introspection_cppExport-noconfig.cmake
[15.425s] -- Up-to-date: /home/yoshida/study/ros2/install/mid360_driver/share/mid360_driver/cmake/mid360_driver__rosidl_typesupport_cppExport.cmake
[15.425s] -- Up-to-date: /home/yoshida/study/ros2/install/mid360_driver/share/mid360_driver/cmake/mid360_driver__rosidl_typesupport_cppExport-noconfig.cmake
[15.425s] -- Up-to-date: /home/yoshida/study/ros2/install/mid360_driver/share/mid360_driver/cmake/export_mid360_driver__rosidl_generator_pyExport.cmake
[15.425s] -- Up-to-date: /home/yoshida/study/ros2/install/mid360_driver/share/mid360_driver/cmake/export_mid360_driver__rosidl_generator_pyExport-noconfig.cmake
[15.425s] -- Installing: /home/yoshida/study/ros2/install/mid360_driver/share/mid360_driver/cmake/rosidl_cmake-extras.cmake
[15.425s] -- Up-to-date: /home/yoshida/study/ros2/install/mid360_driver/share/mid360_driver/cmake/ament_cmake_export_dependencies-extras.cmake
[15.425s] -- Up-to-date: /home/yoshida/study/ros2/install/mid360_driver/share/mid360_driver/cmake/ament_cmake_export_include_directories-extras.cmake
[15.425s] -- Up-to-date: /home/yoshida/study/ros2/install/mid360_driver/share/mid360_driver/cmake/ament_cmake_export_libraries-extras.cmake
[15.425s] -- Up-to-date: /home/yoshida/study/ros2/install/mid360_driver/share/mid360_driver/cmake/ament_cmake_export_targets-extras.cmake
[15.425s] -- Up-to-date: /home/yoshida/study/ros2/install/mid360_driver/share/mid360_driver/cmake/rosidl_cmake_export_typesupport_targets-extras.cmake
[15.425s] -- Up-to-date: /home/yoshida/study/ros2/install/mid360_driver/share/mid360_driver/cmake/rosidl_cmake_export_typesupport_libraries-extras.cmake
[15.425s] -- Installing: /home/yoshida/study/ros2/install/mid360_driver/share/mid360_driver/cmake/mid360_driverConfig.cmake
[15.425s] -- Installing: /home/yoshida/study/ros2/install/mid360_driver/share/mid360_driver/cmake/mid360_driverConfig-version.cmake
[15.425s] -- Installing: /home/yoshida/study/ros2/install/mid360_driver/share/mid360_driver/package.xml
[15.427s] Invoked command in '/home/yoshida/study/ros2/build/mid360_driver' returned '0': CMAKE_PREFIX_PATH=${CMAKE_PREFIX_PATH}:/opt/ros/jazzy DEBUGINFOD_URLS=https://debuginfod.ubuntu.com /usr/bin/cmake --install /home/yoshida/study/ros2/build/mid360_driver
